/Applications/STM32CubeIDE.app/Contents/Eclipse/plugins/com.st.stm32cube.ide.mcu.externaltools.gnu-tools-for-stm32.13.3.rel1.macos64_1.0.0.202411102158/tools/arm-none-eabi/include/c++/13.3.1/cmath:234:3:constexpr float std::fabs(float)	16	static
/Users/theoh/Documents/EPFL/MA4/semester_project/Plume/Software/PLUME_STM32/PlumeSTM/Drivers/DRV8214_Driver/include/drv8214.h:156:8:constexpr DRV8214_Config::DRV8214_Config()	16	static
/Users/theoh/Documents/EPFL/MA4/semester_project/Plume/Software/PLUME_STM32/PlumeSTM/Drivers/DRV8214_Driver/include/drv8214.h:204:9:DRV8214::DRV8214(uint8_t, uint8_t, uint16_t, uint8_t, uint8_t, uint8_t, uint16_t)	16	static
../Core/Src/function.cpp:123:6:void App_Init()	8	static
../Core/Src/function.cpp:152:6:void App_Process()	8	static
../Core/Src/function.cpp:183:13:void Handle_StopMode_Sequence()	16	static
../Core/Src/function.cpp:210:13:void Process_Button_Press()	8	static
../Core/Src/function.cpp:246:13:void Handle_Battery_Measurement()	16	static
../Core/Src/function.cpp:269:6:void CheckWakeupSource()	8	static
../Core/Src/function.cpp:287:13:void Configure_BMI270_LowPower_AnyMotion(bmi2_dev*)	152	static
../Core/Src/function.cpp:345:6:void EnterStop2Mode()	8	static
../Core/Src/function.cpp:401:6:void EnterStandbyMode()	8	static
../Core/Src/function.cpp:422:6:void ResetInactivityTimer()	8	static
../Core/Src/function.cpp:429:6:void Wakeup_Reinit_Peripherals()	8	static
../Core/Src/function.cpp:460:6:void I2C_Scan(I2C_HandleTypeDef*)	24	static
../Core/Src/function.cpp:477:13:void printByteAsBinary(uint8_t)	24	static
../Core/Src/function.cpp:483:13:void print2BytesAsBinary(uint16_t)	24	static
../Core/Src/function.cpp:489:6:void printRegisters(uint8_t)	40	static
../Core/Src/function.cpp:505:13:void Init_Muliplexer()	8	static
../Core/Src/function.cpp:522:13:void Init_Motor_Drivers()	120	static
../Core/Src/function.cpp:582:13:void Init_IMU()	16	static
../Core/Src/function.cpp:602:13:void Set_Inactivity_Delay(uint32_t)	16	static
../Core/Src/function.cpp:616:6:void UART_Init_Reception()	8	static
../Core/Src/function.cpp:630:6:void Process_UART_Commands()	16	static
../Core/Src/function.cpp:682:13:void Run_Command(char*)	88	static
../Core/Src/function.cpp:852:13:void Clear_Motor_Faults(uint8_t)	16	static
../Core/Src/function.cpp:860:13:bool Stall_Motor_Down(uint8_t)	40	static
../Core/Src/function.cpp:898:13:void Home_Motor(uint8_t)	32	static
../Core/Src/function.cpp:921:13:void Move_To_Position(uint8_t, float)	40	static
../Core/Src/function.cpp:952:13:void Update_Position_tracking(uint8_t)	56	static
../Core/Src/function.cpp:999:1:void __static_initialization_and_destruction_0()	32	static
../Core/Src/function.cpp:999:1:cpp)	8	static
