../Drivers/CMSIS/Include/core_cm4.h:2059:26:uint32_t ITM_SendChar(uint32_t)	16	static,ignoring_inline_asm
../Core/Src/main.cpp:69:5:int main()	8	static
../Core/Src/main.cpp:129:6:void SystemClock_Config()	112	static
../Core/Src/main.cpp:184:6:void PeriphCommonClock_Config()	88	static
../Core/Src/main.cpp:209:6:void HAL_GPIO_EXTI_Callback(uint16_t)	16	static
../Core/Src/main.cpp:252:7:int _write(int, char*, int)	32	static
../Core/Src/main.cpp:290:6:void HAL_TIM_PeriodElapsedCallback(TIM_HandleTypeDef*)	16	static
../Core/Src/main.cpp:312:6:void Error_Handler()	4	static,ignoring_inline_asm
