../Core/Src/stm32wbxx_it.c:77:6:NMI_Handler	4	static
../Core/Src/stm32wbxx_it.c:92:6:HardFault_Handler	4	static
../Core/Src/stm32wbxx_it.c:107:6:MemManage_Handler	4	static
../Core/Src/stm32wbxx_it.c:122:6:BusFault_Handler	4	static
../Core/Src/stm32wbxx_it.c:137:6:UsageFault_Handler	4	static
../Core/Src/stm32wbxx_it.c:152:6:SVC_Handler	4	static
../Core/Src/stm32wbxx_it.c:165:6:DebugMon_Handler	4	static
../Core/Src/stm32wbxx_it.c:178:6:PendSV_Handler	4	static
../Core/Src/stm32wbxx_it.c:191:6:SysTick_Handler	8	static
../Core/Src/stm32wbxx_it.c:212:6:RTC_WKUP_IRQHandler	8	static
../Core/Src/stm32wbxx_it.c:226:6:EXTI0_IRQHandler	8	static
../Core/Src/stm32wbxx_it.c:240:6:EXTI3_IRQHandler	8	static
../Core/Src/stm32wbxx_it.c:254:6:EXTI4_IRQHandler	8	static
../Core/Src/stm32wbxx_it.c:268:6:DMA1_Channel1_IRQHandler	8	static
../Core/Src/stm32wbxx_it.c:282:6:DMA1_Channel2_IRQHandler	8	static
../Core/Src/stm32wbxx_it.c:296:6:DMA1_Channel3_IRQHandler	8	static
../Core/Src/stm32wbxx_it.c:310:6:EXTI9_5_IRQHandler	8	static
../Core/Src/stm32wbxx_it.c:325:6:TIM1_UP_TIM16_IRQHandler	8	static
../Core/Src/stm32wbxx_it.c:339:6:TIM2_IRQHandler	8	static
../Core/Src/stm32wbxx_it.c:353:6:SPI2_IRQHandler	8	static
../Core/Src/stm32wbxx_it.c:367:6:USART1_IRQHandler	8	static
../Core/Src/stm32wbxx_it.c:381:6:EXTI15_10_IRQHandler	8	static
../Core/Src/stm32wbxx_it.c:395:6:IPCC_C1_RX_IRQHandler	8	static
../Core/Src/stm32wbxx_it.c:409:6:IPCC_C1_TX_IRQHandler	8	static
../Core/Src/stm32wbxx_it.c:423:6:HSEM_IRQHandler	8	static
