Archive member included to satisfy reference by file (symbol)

/Applications/STM32CubeIDE.app/Contents/Eclipse/plugins/com.st.stm32cube.ide.mcu.externaltools.gnu-tools-for-stm32.13.3.rel1.macos64_1.0.0.202411102158/tools/bin/../lib/gcc/arm-none-eabi/13.3.1/../../../../arm-none-eabi/lib/thumb/v7e-m+fp/hard/libm.a(libm_a-sf_round.o)
                              ./Drivers/DRV8214_Driver/src/drv8214.o (roundf)
/Applications/STM32CubeIDE.app/Contents/Eclipse/plugins/com.st.stm32cube.ide.mcu.externaltools.gnu-tools-for-stm32.13.3.rel1.macos64_1.0.0.202411102158/tools/bin/../lib/gcc/arm-none-eabi/13.3.1/../../../../arm-none-eabi/lib/thumb/v7e-m+fp/hard/libc_nano.a(libc_a-exit.o)
                              /Applications/STM32CubeIDE.app/Contents/Eclipse/plugins/com.st.stm32cube.ide.mcu.externaltools.gnu-tools-for-stm32.13.3.rel1.macos64_1.0.0.202411102158/tools/bin/../lib/gcc/arm-none-eabi/13.3.1/../../../../arm-none-eabi/lib/thumb/v7e-m+fp/hard/crt0.o (exit)
/Applications/STM32CubeIDE.app/Contents/Eclipse/plugins/com.st.stm32cube.ide.mcu.externaltools.gnu-tools-for-stm32.13.3.rel1.macos64_1.0.0.202411102158/tools/bin/../lib/gcc/arm-none-eabi/13.3.1/../../../../arm-none-eabi/lib/thumb/v7e-m+fp/hard/libc_nano.a(libc_a-nano-vfprintf_float.o)
                              (_printf_float)
/Applications/STM32CubeIDE.app/Contents/Eclipse/plugins/com.st.stm32cube.ide.mcu.externaltools.gnu-tools-for-stm32.13.3.rel1.macos64_1.0.0.202411102158/tools/bin/../lib/gcc/arm-none-eabi/13.3.1/../../../../arm-none-eabi/lib/thumb/v7e-m+fp/hard/libc_nano.a(libc_a-nano-vfprintf_i.o)
                              /Applications/STM32CubeIDE.app/Contents/Eclipse/plugins/com.st.stm32cube.ide.mcu.externaltools.gnu-tools-for-stm32.13.3.rel1.macos64_1.0.0.202411102158/tools/bin/../lib/gcc/arm-none-eabi/13.3.1/../../../../arm-none-eabi/lib/thumb/v7e-m+fp/hard/libc_nano.a(libc_a-nano-vfprintf_float.o) (_printf_common)
/Applications/STM32CubeIDE.app/Contents/Eclipse/plugins/com.st.stm32cube.ide.mcu.externaltools.gnu-tools-for-stm32.13.3.rel1.macos64_1.0.0.202411102158/tools/bin/../lib/gcc/arm-none-eabi/13.3.1/../../../../arm-none-eabi/lib/thumb/v7e-m+fp/hard/libc_nano.a(libc_a-snprintf.o)
                              ./Drivers/DRV8214_Driver/src/drv8214.o (snprintf)
/Applications/STM32CubeIDE.app/Contents/Eclipse/plugins/com.st.stm32cube.ide.mcu.externaltools.gnu-tools-for-stm32.13.3.rel1.macos64_1.0.0.202411102158/tools/bin/../lib/gcc/arm-none-eabi/13.3.1/../../../../arm-none-eabi/lib/thumb/v7e-m+fp/hard/libc_nano.a(libc_a-findfp.o)
                              /Applications/STM32CubeIDE.app/Contents/Eclipse/plugins/com.st.stm32cube.ide.mcu.externaltools.gnu-tools-for-stm32.13.3.rel1.macos64_1.0.0.202411102158/tools/bin/../lib/gcc/arm-none-eabi/13.3.1/../../../../arm-none-eabi/lib/thumb/v7e-m+fp/hard/libc_nano.a(libc_a-exit.o) (__stdio_exit_handler)
/Applications/STM32CubeIDE.app/Contents/Eclipse/plugins/com.st.stm32cube.ide.mcu.externaltools.gnu-tools-for-stm32.13.3.rel1.macos64_1.0.0.202411102158/tools/bin/../lib/gcc/arm-none-eabi/13.3.1/../../../../arm-none-eabi/lib/thumb/v7e-m+fp/hard/libc_nano.a(libc_a-fwalk.o)
                              /Applications/STM32CubeIDE.app/Contents/Eclipse/plugins/com.st.stm32cube.ide.mcu.externaltools.gnu-tools-for-stm32.13.3.rel1.macos64_1.0.0.202411102158/tools/bin/../lib/gcc/arm-none-eabi/13.3.1/../../../../arm-none-eabi/lib/thumb/v7e-m+fp/hard/libc_nano.a(libc_a-findfp.o) (_fwalk_sglue)
/Applications/STM32CubeIDE.app/Contents/Eclipse/plugins/com.st.stm32cube.ide.mcu.externaltools.gnu-tools-for-stm32.13.3.rel1.macos64_1.0.0.202411102158/tools/bin/../lib/gcc/arm-none-eabi/13.3.1/../../../../arm-none-eabi/lib/thumb/v7e-m+fp/hard/libc_nano.a(libc_a-printf.o)
                              ./Core/Src/function.o (printf)
/Applications/STM32CubeIDE.app/Contents/Eclipse/plugins/com.st.stm32cube.ide.mcu.externaltools.gnu-tools-for-stm32.13.3.rel1.macos64_1.0.0.202411102158/tools/bin/../lib/gcc/arm-none-eabi/13.3.1/../../../../arm-none-eabi/lib/thumb/v7e-m+fp/hard/libc_nano.a(libc_a-putchar.o)
                              ./Core/Src/function.o (putchar)
/Applications/STM32CubeIDE.app/Contents/Eclipse/plugins/com.st.stm32cube.ide.mcu.externaltools.gnu-tools-for-stm32.13.3.rel1.macos64_1.0.0.202411102158/tools/bin/../lib/gcc/arm-none-eabi/13.3.1/../../../../arm-none-eabi/lib/thumb/v7e-m+fp/hard/libc_nano.a(libc_a-puts.o)
                              ./Core/Src/function.o (puts)
/Applications/STM32CubeIDE.app/Contents/Eclipse/plugins/com.st.stm32cube.ide.mcu.externaltools.gnu-tools-for-stm32.13.3.rel1.macos64_1.0.0.202411102158/tools/bin/../lib/gcc/arm-none-eabi/13.3.1/../../../../arm-none-eabi/lib/thumb/v7e-m+fp/hard/libc_nano.a(libc_a-memset.o)
[...]
Memory Configuration

Name             Origin             Length             Attributes
FLASH            0x08000000         0x00080000         xr
RAM              0x20000008         0x0002fff8         xrw
RAM_SHARED       0x20030000         0x00002800         xrw
*default*        0x00000000         0xffffffff

Linker script and memory map

LOAD /Applications/STM32CubeIDE.app/Contents/Eclipse/plugins/com.st.stm32cube.ide.mcu.externaltools.gnu-tools-for-stm32.13.3.rel1.macos64_1.0.0.202411102158/tools/bin/../lib/gcc/arm-none-eabi/13.3.1/thumb/v7e-m+fp/hard/crti.o
LOAD /Applications/STM32CubeIDE.app/Contents/Eclipse/plugins/com.st.stm32cube.ide.mcu.externaltools.gnu-tools-for-stm32.13.3.rel1.macos64_1.0.0.202411102158/tools/bin/../lib/gcc/arm-none-eabi/13.3.1/thumb/v7e-m+fp/hard/crtbegin.o
LOAD /Applications/STM32CubeIDE.app/Contents/Eclipse/plugins/com.st.stm32cube.ide.mcu.externaltools.gnu-tools-for-stm32.13.3.rel1.macos64_1.0.0.202411102158/tools/bin/../lib/gcc/arm-none-eabi/13.3.1/../../../../arm-none-eabi/lib/thumb/v7e-m+fp/hard/crt0.o
LOAD ./Core/Src/WS2812_SPI.o
LOAD ./Core/Src/WS2812_SPI_DMA.o
LOAD ./Core/Src/adc.o
LOAD ./Core/Src/dma.o
LOAD ./Core/Src/function.o
LOAD ./Core/Src/gpio.o
LOAD ./Core/Src/i2c.o
LOAD ./Core/Src/ipcc.o
LOAD ./Core/Src/main.o
LOAD ./Core/Src/memorymap.o
LOAD ./Core/Src/rtc.o
LOAD ./Core/Src/spi.o
LOAD ./Core/Src/stm32wbxx_hal_msp.o
LOAD ./Core/Src/stm32wbxx_it.o
LOAD ./Core/Src/syscalls.o
LOAD ./Core/Src/sysmem.o
LOAD ./Core/Src/system_stm32wbxx.o
LOAD ./Core/Src/tim.o
LOAD ./Core/Src/usart.o
LOAD ./Core/Startup/startup_stm32wb5mmghx.o
LOAD ./Drivers/BMI270_Driver/src/bmi2.o
LOAD ./Drivers/BMI270_Driver/src/bmi270.o
LOAD ./Drivers/BMI270_Driver/src/bmi2_user_interface.o
LOAD ./Drivers/DRV8214_Driver/src/drv8214.o
LOAD ./Drivers/DRV8214_Driver/src/drv8214_platform_i2c.o
LOAD ./Drivers/STM32WBxx_HAL_Driver/Src/stm32wbxx_hal.o
LOAD ./Drivers/STM32WBxx_HAL_Driver/Src/stm32wbxx_hal_adc.o
LOAD ./Drivers/STM32WBxx_HAL_Driver/Src/stm32wbxx_hal_adc_ex.o
LOAD ./Drivers/STM32WBxx_HAL_Driver/Src/stm32wbxx_hal_cortex.o
LOAD ./Drivers/STM32WBxx_HAL_Driver/Src/stm32wbxx_hal_dma.o
LOAD ./Drivers/STM32WBxx_HAL_Driver/Src/stm32wbxx_hal_dma_ex.o
LOAD ./Drivers/STM32WBxx_HAL_Driver/Src/stm32wbxx_hal_exti.o
LOAD ./Drivers/STM32WBxx_HAL_Driver/Src/stm32wbxx_hal_flash.o
LOAD ./Drivers/STM32WBxx_HAL_Driver/Src/stm32wbxx_hal_flash_ex.o
LOAD ./Drivers/STM32WBxx_HAL_Driver/Src/stm32wbxx_hal_gpio.o
LOAD ./Drivers/STM32WBxx_HAL_Driver/Src/stm32wbxx_hal_hsem.o
LOAD ./Drivers/STM32WBxx_HAL_Driver/Src/stm32wbxx_hal_i2c.o
LOAD ./Drivers/STM32WBxx_HAL_Driver/Src/stm32wbxx_hal_i2c_ex.o
LOAD ./Drivers/STM32WBxx_HAL_Driver/Src/stm32wbxx_hal_ipcc.o
LOAD ./Drivers/STM32WBxx_HAL_Driver/Src/stm32wbxx_hal_pwr.o
LOAD ./Drivers/STM32WBxx_HAL_Driver/Src/stm32wbxx_hal_pwr_ex.o
LOAD ./Drivers/STM32WBxx_HAL_Driver/Src/stm32wbxx_hal_rcc.o
LOAD ./Drivers/STM32WBxx_HAL_Driver/Src/stm32wbxx_hal_rcc_ex.o
LOAD ./Drivers/STM32WBxx_HAL_Driver/Src/stm32wbxx_hal_rtc.o
LOAD ./Drivers/STM32WBxx_HAL_Driver/Src/stm32wbxx_hal_rtc_ex.o
LOAD ./Drivers/STM32WBxx_HAL_Driver/Src/stm32wbxx_hal_spi.o
LOAD ./Drivers/STM32WBxx_HAL_Driver/Src/stm32wbxx_hal_spi_ex.o
LOAD ./Drivers/STM32WBxx_HAL_Driver/Src/stm32wbxx_hal_tim.o
LOAD ./Drivers/STM32WBxx_HAL_Driver/Src/stm32wbxx_hal_tim_ex.o
LOAD ./Drivers/STM32WBxx_HAL_Driver/Src/stm32wbxx_hal_uart.o
LOAD ./Drivers/STM32WBxx_HAL_Driver/Src/stm32wbxx_hal_uart_ex.o
LOAD ./Drivers/STM32WBxx_HAL_Driver/Src/stm32wbxx_ll_adc.o
LOAD ./Drivers/STM32WBxx_HAL_Driver/Src/stm32wbxx_ll_rcc.o
LOAD ./Drivers/TCA9548_Driver/src/TCA9548.o
START GROUP
LOAD /Applications/STM32CubeIDE.app/Contents/Eclipse/plugins/com.st.stm32cube.ide.mcu.externaltools.gnu-tools-for-stm32.13.3.rel1.macos64_1.0.0.202411102158/tools/bin/../lib/gcc/arm-none-eabi/13.3.1/../../../../arm-none-eabi/lib/thumb/v7e-m+fp/hard/libstdc++_nano.a
LOAD /Applications/STM32CubeIDE.app/Contents/Eclipse/plugins/com.st.stm32cube.ide.mcu.externaltools.gnu-tools-for-stm32.13.3.rel1.macos64_1.0.0.202411102158/tools/bin/../lib/gcc/arm-none-eabi/13.3.1/../../../../arm-none-eabi/lib/thumb/v7e-m+fp/hard/libsupc++_nano.a
END GROUP
LOAD /Applications/STM32CubeIDE.app/Contents/Eclipse/plugins/com.st.stm32cube.ide.mcu.externaltools.gnu-tools-for-stm32.13.3.rel1.macos64_1.0.0.202411102158/tools/bin/../lib/gcc/arm-none-eabi/13.3.1/../../../../arm-none-eabi/lib/thumb/v7e-m+fp/hard/libstdc++_nano.a
LOAD /Applications/STM32CubeIDE.app/Contents/Eclipse/plugins/com.st.stm32cube.ide.mcu.externaltools.gnu-tools-for-stm32.13.3.rel1.macos64_1.0.0.202411102158/tools/bin/../lib/gcc/arm-none-eabi/13.3.1/../../../../arm-none-eabi/lib/thumb/v7e-m+fp/hard/libm.a
LOAD /Applications/STM32CubeIDE.app/Contents/Eclipse/plugins/com.st.stm32cube.ide.mcu.externaltools.gnu-tools-for-stm32.13.3.rel1.macos64_1.0.0.202411102158/tools/bin/../lib/gcc/arm-none-eabi/13.3.1/../../../../arm-none-eabi/lib/thumb/v7e-m+fp/hard/libc_nano.a
START GROUP
LOAD /Applications/STM32CubeIDE.app/Contents/Eclipse/plugins/com.st.stm32cube.ide.mcu.externaltools.gnu-tools-for-stm32.13.3.rel1.macos64_1.0.0.202411102158/tools/bin/../lib/gcc/arm-none-eabi/13.3.1/thumb/v7e-m+fp/hard/libgcc.a
LOAD /Applications/STM32CubeIDE.app/Contents/Eclipse/plugins/com.st.stm32cube.ide.mcu.externaltools.gnu-tools-for-stm32.13.3.rel1.macos64_1.0.0.202411102158/tools/bin/../lib/gcc/arm-none-eabi/13.3.1/../../../../arm-none-eabi/lib/thumb/v7e-m+fp/hard/libc_nano.a
END GROUP
START GROUP
LOAD /Applications/STM32CubeIDE.app/Contents/Eclipse/plugins/com.st.stm32cube.ide.mcu.externaltools.gnu-tools-for-stm32.13.3.rel1.macos64_1.0.0.202411102158/tools/bin/../lib/gcc/arm-none-eabi/13.3.1/thumb/v7e-m+fp/hard/libgcc.a
LOAD /Applications/STM32CubeIDE.app/Contents/Eclipse/plugins/com.st.stm32cube.ide.mcu.externaltools.gnu-tools-for-stm32.13.3.rel1.macos64_1.0.0.202411102158/tools/bin/../lib/gcc/arm-none-eabi/13.3.1/../../../../arm-none-eabi/lib/thumb/v7e-m+fp/hard/libc_nano.a
END GROUP
LOAD /Applications/STM32CubeIDE.app/Contents/Eclipse/plugins/com.st.stm32cube.ide.mcu.externaltools.gnu-tools-for-stm32.13.3.rel1.macos64_1.0.0.202411102158/tools/bin/../lib/gcc/arm-none-eabi/13.3.1/thumb/v7e-m+fp/hard/crtend.o
LOAD /Applications/STM32CubeIDE.app/Contents/Eclipse/plugins/com.st.stm32cube.ide.mcu.externaltools.gnu-tools-for-stm32.13.3.rel1.macos64_1.0.0.202411102158/tools/bin/../lib/gcc/arm-none-eabi/13.3.1/thumb/v7e-m+fp/hard/crtn.o
                0x20030000                        _estack = (ORIGIN (RAM) + LENGTH (RAM))
                0x00000200                        _Min_Heap_Size = 0x200
                0x00000400                        _Min_Stack_Size = 0x400

.isr_vector     0x08000000      0x13c
                0x08000000                        . = ALIGN (0x4)
 *(.isr_vector)
 .isr_vector    0x08000000      0x13c ./Core/Startup/startup_stm32wb5mmghx.o
                0x08000000                g_pfnVectors
                0x0800013c                        . = ALIGN (0x4)

.text           0x08000140    0x1516c
                0x08000140                        . = ALIGN (0x4)
 *(.text)
 .text          0x08000140       0x40 /Applications/STM32CubeIDE.app/Contents/Eclipse/plugins/com.st.stm32cube.ide.mcu.externaltools.gnu-tools-for-stm32.13.3.rel1.macos64_1.0.0.202411102158/tools/bin/../lib/gcc/arm-none-eabi/13.3.1/thumb/v7e-m+fp/hard/crtbegin.o
 .text          0x08000180       0xa0 /Applications/STM32CubeIDE.app/Contents/Eclipse/plugins/com.st.stm32cube.ide.mcu.externaltools.gnu-tools-for-stm32.13.3.rel1.macos64_1.0.0.202411102158/tools/bin/../lib/gcc/arm-none-eabi/13.3.1/../../../../arm-none-eabi/lib/thumb/v7e-m+fp/hard/libc_nano.a(libc_a-memchr.o)
                0x08000180                memchr
 .text          0x08000220       0x10 /Applications/STM32CubeIDE.app/Contents/Eclipse/plugins/com.st.stm32cube.ide.mcu.externaltools.gnu-tools-for-stm32.13.3.rel1.macos64_1.0.0.202411102158/tools/bin/../lib/gcc/arm-none-eabi/13.3.1/../../../../arm-none-eabi/lib/thumb/v7e-m+fp/hard/libc_nano.a(libc_a-strlen.o)
                0x08000220                strlen
 .text          0x08000230      0x378 /Applications/STM32CubeIDE.app/Contents/Eclipse/plugins/com.st.stm32cube.ide.mcu.externaltools.gnu-tools-for-stm32.13.3.rel1.macos64_1.0.0.202411102158/tools/bin/../lib/gcc/arm-none-eabi/13.3.1/thumb/v7e-m+fp/hard/libgcc.a(_arm_addsubdf3.o)
                0x08000230                __aeabi_drsub
                0x08000238                __subdf3
                0x08000238                __aeabi_dsub
                0x0800023c                __aeabi_dadd
                0x0800023c                __adddf3
                0x080004b4                __aeabi_ui2d
                0x080004b4                __floatunsidf
                0x080004d4                __floatsidf
                0x080004d4                __aeabi_i2d
                0x080004f8                __extendsfdf2
                0x080004f8                __aeabi_f2d
                0x0800053c                __aeabi_ul2d
                0x0800053c                __floatundidf
                0x0800054c                __aeabi_l2d
                0x0800054c                __floatdidf
 .text          0x080005a8      0x424 /Applications/STM32CubeIDE.app/Contents/Eclipse/plugins/com.st.stm32cube.ide.mcu.externaltools.gnu-tools-for-stm32.13.3.rel1.macos64_1.0.0.202411102158/tools/bin/../lib/gcc/arm-none-eabi/13.3.1/thumb/v7e-m+fp/hard/libgcc.a(_arm_muldivdf3.o)
                0x080005a8                __aeabi_dmul
                0x080005a8                __muldf3
                0x080007fc                __aeabi_ddiv
                0x080007fc                __divdf3
 .text          0x080009cc      0x110 /Applications/STM32CubeIDE.app/Contents/Eclipse/plugins/com.st.stm32cube.ide.mcu.externaltools.gnu-tools-for-stm32.13.3.rel1.macos64_1.0.0.202411102158/tools/bin/../lib/gcc/arm-none-eabi/13.3.1/thumb/v7e-m+fp/hard/libgcc.a(_arm_cmpdf2.o)
                0x080009cc                __gedf2
                0x080009cc                __gtdf2
                0x080009d4                __ledf2
                0x080009d4                __ltdf2
                0x080009dc                __cmpdf2
                0x080009dc                __eqdf2
                0x080009dc                __nedf2
                0x08000a58                __aeabi_cdrcmple
                0x08000a68                __aeabi_cdcmple
                0x08000a68                __aeabi_cdcmpeq
                0x08000a78                __aeabi_dcmpeq
                0x08000a8c                __aeabi_dcmplt
                0x08000aa0                __aeabi_dcmple
                0x08000ab4                __aeabi_dcmpge
                0x08000ac8                __aeabi_dcmpgt
 .text          0x08000adc       0x2c /Applications/STM32CubeIDE.app/Contents/Eclipse/plugins/com.st.stm32cube.ide.mcu.externaltools.gnu-tools-for-stm32.13.3.rel1.macos64_1.0.0.202411102158/tools/bin/../lib/gcc/arm-none-eabi/13.3.1/thumb/v7e-m+fp/hard/libgcc.a(_arm_unorddf2.o)
                0x08000adc                __aeabi_dcmpun
                0x08000adc                __unorddf2
 .text          0x08000b08       0x50 /Applications/STM32CubeIDE.app/Contents/Eclipse/plugins/com.st.stm32cube.ide.mcu.externaltools.gnu-tools-for-stm32.13.3.rel1.macos64_1.0.0.202411102158/tools/bin/../lib/gcc/arm-none-eabi/13.3.1/thumb/v7e-m+fp/hard/libgcc.a(_arm_fixdfsi.o)
                0x08000b08                __fixdfsi
                0x08000b08                __aeabi_d2iz
 .text          0x08000b58       0x40 /Applications/STM32CubeIDE.app/Contents/Eclipse/plugins/com.st.stm32cube.ide.mcu.externaltools.gnu-tools-for-stm32.13.3.rel1.macos64_1.0.0.202411102158/tools/bin/../lib/gcc/arm-none-eabi/13.3.1/thumb/v7e-m+fp/hard/libgcc.a(_arm_fixunsdfsi.o)
                0x08000b58                __fixunsdfsi
                0x08000b58                __aeabi_d2uiz
 .text          0x08000b98       0x30 /Applications/STM32CubeIDE.app/Contents/Eclipse/plugins/com.st.stm32cube.ide.mcu.externaltools.gnu-tools-for-stm32.13.3.rel1.macos64_1.0.0.202411102158/tools/bin/../lib/gcc/arm-none-eabi/13.3.1/thumb/v7e-m+fp/hard/libgcc.a(_aeabi_uldivmod.o)
                0x08000b98                __aeabi_uldivmod
 .text          0x08000bc8      0x2f8 /Applications/STM32CubeIDE.app/Contents/Eclipse/plugins/com.st.stm32cube.ide.mcu.externaltools.gnu-tools-for-stm32.13.3.rel1.macos64_1.0.0.202411102158/tools/bin/../lib/gcc/arm-none-eabi/13.3.1/thumb/v7e-m+fp/hard/libgcc.a(_udivmoddi4.o)
                0x08000bc8                __udivmoddi4
 .text          0x08000ec0        0x4 /Applications/STM32CubeIDE.app/Contents/Eclipse/plugins/com.st.stm32cube.ide.mcu.externaltools.gnu-tools-for-stm32.13.3.rel1.macos64_1.0.0.202411102158/tools/bin/../lib/gcc/arm-none-eabi/13.3.1/thumb/v7e-m+fp/hard/libgcc.a(_dvmd_tls.o)
                0x08000ec0                __aeabi_ldiv0
                0x08000ec0                __aeabi_idiv0
 *(.text*)
 .text._ZL20ws2812_send_spi_datahhh
                0x08000ec4       0x7c ./Core/Src/WS2812_SPI.o
 .text._Z15WS2812_SetColorhhhh
                0x08000f40       0xe8 ./Core/Src/WS2812_SPI.o
                0x08000f40                WS2812_SetColor(unsigned char, unsigned char, unsigned char, unsigned char)
 .text.LL_AHB2_GRP1_EnableClock
                0x08001028       0x32 ./Core/Src/adc.o
 .text.LL_AHB2_GRP1_DisableClock
                0x0800105a       0x26 ./Core/Src/adc.o
 .text.MX_ADC1_Init
                0x08001080       0xc8 ./Core/Src/adc.o
                0x08001080                MX_ADC1_Init
 .text.HAL_ADC_MspInit
                0x08001148       0xa0 ./Core/Src/adc.o
                0x08001148                HAL_ADC_MspInit
 .text.HAL_ADC_MspDeInit
                0x080011e8       0x30 ./Core/Src/adc.o
                0x080011e8                HAL_ADC_MspDeInit
 .text.LL_AHB1_GRP1_EnableClock
                0x08001218       0x32 ./Core/Src/dma.o
 .text.MX_DMA_Init
                0x0800124a       0x24 ./Core/Src/dma.o
                0x0800124a                MX_DMA_Init
 *fill*         0x0800126e        0x2 
 .text.LL_C2_PWR_SetPowerMode
                0x08001270       0x2c ./Core/Src/function.o
 .text._ZN14DRV8214_ConfigC2Ev
                0x0800129c       0xb4 ./Core/Src/function.o
                0x0800129c                DRV8214_Config::DRV8214_Config()
                0x0800129c                DRV8214_Config::DRV8214_Config()
 .text._ZN7DRV8214C2Ehhthhht
                0x08001350       0x5a ./Core/Src/function.o
                0x08001350                DRV8214::DRV8214(unsigned char, unsigned char, unsigned short, unsigned char, unsigned char, unsigned char, unsigned short)
                0x08001350                DRV8214::DRV8214(unsigned char, unsigned char, unsigned short, unsigned char, unsigned char, unsigned char, unsigned short)
 *fill*         0x080013aa        0x2 
 .text.App_Init
                0x080013ac       0x8c ./Core/Src/function.o
                0x080013ac                App_Init
 .text.App_Process
                0x08001438       0x84 ./Core/Src/function.o
                0x08001438                App_Process
 .text._ZL24Handle_StopMode_Sequencev
                0x080014bc       0x70 ./Core/Src/function.o
 .text._ZL21Handle_Channel_Switchv
                0x0800152c      0x198 ./Core/Src/function.o
 .text._ZL20Process_Button_Pressv
                0x080016c4      0x1b0 ./Core/Src/function.o
 .text._ZL26Handle_Battery_Measurementv
                0x08001874       0xe8 ./Core/Src/function.o
 .text.CheckWakeupSource
                0x0800195c       0x80 ./Core/Src/function.o
                0x0800195c                CheckWakeupSource
 .text._ZL35Configure_BMI270_LowPower_AnyMotionP8bmi2_dev
                0x080019dc      0x22c ./Core/Src/function.o
 .text.EnterStop2Mode
                0x08001c08       0xc4 ./Core/Src/function.o
                0x08001c08                EnterStop2Mode
 .text.ResetInactivityTimer
                0x08001ccc       0x24 ./Core/Src/function.o
                0x08001ccc                ResetInactivityTimer
 .text.Wakeup_Reinit_Peripherals
                0x08001cf0       0xd4 ./Core/Src/function.o
                0x08001cf0                Wakeup_Reinit_Peripherals
 .text.I2C_Scan
                0x08001dc4       0x94 ./Core/Src/function.o
                0x08001dc4                I2C_Scan
 .text._ZL17printByteAsBinaryh
                0x08001e58       0x40 ./Core/Src/function.o
 .text._ZL19print2BytesAsBinaryt
                0x08001e98       0x40 ./Core/Src/function.o
 .text.printRegisters
                0x08001ed8      0x15c ./Core/Src/function.o
                0x08001ed8                printRegisters
 .text._ZL15Init_Muliplexerv
                0x08002034       0xd0 ./Core/Src/function.o
 .text._ZL18Init_Motor_Driversv
                0x08002104       0xfc ./Core/Src/function.o
 .text._ZL8Init_IMUv
                0x08002200       0x9c ./Core/Src/function.o
 .text._ZL20LED_Startup_Sequencev
                0x0800229c       0x64 ./Core/Src/function.o
 .text._Z41__static_initialization_and_destruction_0v
                0x08002300       0x58 ./Core/Src/function.o
 .text._GLOBAL__sub_I_g_measure_battery_flag
                0x08002358        0xa ./Core/Src/function.o
 .text.LL_AHB2_GRP1_EnableClock
                0x08002362       0x32 ./Core/Src/gpio.o
 .text.MX_GPIO_Init
                0x08002394      0x280 ./Core/Src/gpio.o
                0x08002394                MX_GPIO_Init
 .text.LL_AHB2_GRP1_EnableClock
                0x08002614       0x32 ./Core/Src/i2c.o
 .text.LL_APB1_GRP1_EnableClock
                0x08002646       0x32 ./Core/Src/i2c.o
 .text.LL_APB1_GRP1_DisableClock
                0x08002678       0x26 ./Core/Src/i2c.o
 *fill*         0x0800269e        0x2 
 .text.MX_I2C1_Init
                0x080026a0       0x80 ./Core/Src/i2c.o
                0x080026a0                MX_I2C1_Init
 .text.MX_I2C3_Init
                0x08002720       0x80 ./Core/Src/i2c.o
                0x08002720                MX_I2C3_Init
 .text.HAL_I2C_MspInit
                0x080027a0       0xf0 ./Core/Src/i2c.o
                0x080027a0                HAL_I2C_MspInit
 .text.HAL_I2C_MspDeInit
                0x08002890       0x6c ./Core/Src/i2c.o
                0x08002890                HAL_I2C_MspDeInit
 .text.LL_AHB3_GRP1_EnableClock
                0x080028fc       0x32 ./Core/Src/ipcc.o
 *fill*         0x0800292e        0x2 
 .text.MX_IPCC_Init
                0x08002930       0x28 ./Core/Src/ipcc.o
                0x08002930                MX_IPCC_Init
 .text.HAL_IPCC_MspInit
                0x08002958       0x48 ./Core/Src/ipcc.o
                0x08002958                HAL_IPCC_MspInit
 .text.ITM_SendChar
                0x080029a0       0x62 ./Core/Src/main.o
 .text.main     0x08002a02       0x4a ./Core/Src/main.o
                0x08002a02                main
 .text.SystemClock_Config
                0x08002a4c       0xec ./Core/Src/main.o
                0x08002a4c                SystemClock_Config
 .text._Z24PeriphCommonClock_Configv
                0x08002b38       0x44 ./Core/Src/main.o
                0x08002b38                PeriphCommonClock_Config()
 .text.HAL_GPIO_EXTI_Callback
                0x08002b7c       0xcc ./Core/Src/main.o
                0x08002b7c                HAL_GPIO_EXTI_Callback
 .text._write   0x08002c48       0x38 ./Core/Src/main.o
                0x08002c48                _write
 .text.HAL_TIM_PeriodElapsedCallback
                0x08002c80       0x5c ./Core/Src/main.o
                0x08002c80                HAL_TIM_PeriodElapsedCallback
 .text.Error_Handler
                0x08002cdc        0xc ./Core/Src/main.o
                0x08002cdc                Error_Handler
 .text.LL_RCC_EnableRTC
                0x08002ce8       0x22 ./Core/Src/rtc.o
 .text.LL_APB1_GRP1_EnableClock
                0x08002d0a       0x32 ./Core/Src/rtc.o
 .text.MX_RTC_Init
                0x08002d3c       0x64 ./Core/Src/rtc.o
                0x08002d3c                MX_RTC_Init
 .text.HAL_RTC_MspInit
                0x08002da0       0x6c ./Core/Src/rtc.o
                0x08002da0                HAL_RTC_MspInit
 .text.LL_AHB2_GRP1_EnableClock
                0x08002e0c       0x32 ./Core/Src/spi.o
 .text.LL_APB1_GRP1_EnableClock
                0x08002e3e       0x32 ./Core/Src/spi.o
 .text.MX_SPI2_Init
                0x08002e70       0x7c ./Core/Src/spi.o
                0x08002e70                MX_SPI2_Init
 .text.HAL_SPI_MspInit
                0x08002eec       0xf8 ./Core/Src/spi.o
                0x08002eec                HAL_SPI_MspInit
 .text.LL_AHB3_GRP1_EnableClock
                0x08002fe4       0x32 ./Core/Src/stm32wbxx_hal_msp.o
 .text.HAL_MspInit
                0x08003016       0x42 ./Core/Src/stm32wbxx_hal_msp.o
                0x08003016                HAL_MspInit
 .text.NMI_Handler
                0x08003058        0x8 ./Core/Src/stm32wbxx_it.o
                0x08003058                NMI_Handler
 .text.HardFault_Handler
                0x08003060        0x8 ./Core/Src/stm32wbxx_it.o
                0x08003060                HardFault_Handler
 .text.MemManage_Handler
                0x08003068        0x8 ./Core/Src/stm32wbxx_it.o
                0x08003068                MemManage_Handler
 .text.BusFault_Handler
                0x08003070        0x8 ./Core/Src/stm32wbxx_it.o
                0x08003070                BusFault_Handler
 .text.UsageFault_Handler
                0x08003078        0x8 ./Core/Src/stm32wbxx_it.o
                0x08003078                UsageFault_Handler
 .text.SVC_Handler
                0x08003080        0xe ./Core/Src/stm32wbxx_it.o
                0x08003080                SVC_Handler
 .text.DebugMon_Handler
                0x0800308e        0xe ./Core/Src/stm32wbxx_it.o
                0x0800308e                DebugMon_Handler
 .text.PendSV_Handler
                0x0800309c        0xe ./Core/Src/stm32wbxx_it.o
                0x0800309c                PendSV_Handler
 .text.SysTick_Handler
                0x080030aa        0xc ./Core/Src/stm32wbxx_it.o
                0x080030aa                SysTick_Handler
 *fill*         0x080030b6        0x2 
 .text.RTC_WKUP_IRQHandler
                0x080030b8       0x14 ./Core/Src/stm32wbxx_it.o
                0x080030b8                RTC_WKUP_IRQHandler
 .text.EXTI0_IRQHandler
                0x080030cc        0xe ./Core/Src/stm32wbxx_it.o
                0x080030cc                EXTI0_IRQHandler
 .text.EXTI3_IRQHandler
                0x080030da        0xe ./Core/Src/stm32wbxx_it.o
                0x080030da                EXTI3_IRQHandler
 .text.EXTI4_IRQHandler
                0x080030e8        0xe ./Core/Src/stm32wbxx_it.o
                0x080030e8                EXTI4_IRQHandler
 *fill*         0x080030f6        0x2 
 .text.DMA1_Channel1_IRQHandler
                0x080030f8       0x14 ./Core/Src/stm32wbxx_it.o
                0x080030f8                DMA1_Channel1_IRQHandler
 .text.EXTI9_5_IRQHandler
                0x0800310c       0x14 ./Core/Src/stm32wbxx_it.o
                0x0800310c                EXTI9_5_IRQHandler
 .text.TIM1_UP_TIM16_IRQHandler
                0x08003120       0x14 ./Core/Src/stm32wbxx_it.o
                0x08003120                TIM1_UP_TIM16_IRQHandler
 .text.TIM2_IRQHandler
                0x08003134       0x14 ./Core/Src/stm32wbxx_it.o
                0x08003134                TIM2_IRQHandler
 .text.SPI2_IRQHandler
                0x08003148       0x14 ./Core/Src/stm32wbxx_it.o
                0x08003148                SPI2_IRQHandler
 .text.USART1_IRQHandler
                0x0800315c       0x14 ./Core/Src/stm32wbxx_it.o
                0x0800315c                USART1_IRQHandler
 .text.EXTI15_10_IRQHandler
                0x08003170       0x10 ./Core/Src/stm32wbxx_it.o
                0x08003170                EXTI15_10_IRQHandler
 .text.IPCC_C1_RX_IRQHandler
                0x08003180       0x14 ./Core/Src/stm32wbxx_it.o
                0x08003180                IPCC_C1_RX_IRQHandler
 .text.IPCC_C1_TX_IRQHandler
                0x08003194       0x14 ./Core/Src/stm32wbxx_it.o
                0x08003194                IPCC_C1_TX_IRQHandler
 .text.HSEM_IRQHandler
                0x080031a8        0xc ./Core/Src/stm32wbxx_it.o
                0x080031a8                HSEM_IRQHandler
 .text._getpid  0x080031b4       0x10 ./Core/Src/syscalls.o
                0x080031b4                _getpid
 .text._kill    0x080031c4       0x20 ./Core/Src/syscalls.o
                0x080031c4                _kill
 .text._exit    0x080031e4       0x16 ./Core/Src/syscalls.o
                0x080031e4                _exit
 .text._read    0x080031fa       0x3a ./Core/Src/syscalls.o
                0x080031fa                _read
 .text._close   0x08003234       0x18 ./Core/Src/syscalls.o
                0x08003234                _close
 .text._fstat   0x0800324c       0x20 ./Core/Src/syscalls.o
                0x0800324c                _fstat
 .text._isatty  0x0800326c       0x16 ./Core/Src/syscalls.o
                0x0800326c                _isatty
 .text._lseek   0x08003282       0x1a ./Core/Src/syscalls.o
                0x08003282                _lseek
 .text._sbrk    0x0800329c       0x6c ./Core/Src/sysmem.o
                0x0800329c                _sbrk
 .text.SystemInit
                0x08003308       0xa4 ./Core/Src/system_stm32wbxx.o
                0x08003308                SystemInit
 .text.LL_APB1_GRP1_EnableClock
                0x080033ac       0x32 ./Core/Src/tim.o
 .text.LL_APB1_GRP1_DisableClock
                0x080033de       0x26 ./Core/Src/tim.o
 .text.LL_APB2_GRP1_EnableClock
                0x08003404       0x32 ./Core/Src/tim.o
 .text.LL_APB2_GRP1_DisableClock
                0x08003436       0x26 ./Core/Src/tim.o
 .text.MX_TIM2_Init
                0x0800345c       0x9c ./Core/Src/tim.o
                0x0800345c                MX_TIM2_Init
 .text.MX_TIM16_Init
                0x080034f8       0x50 ./Core/Src/tim.o
                0x080034f8                MX_TIM16_Init
 .text.HAL_TIM_Base_MspInit
                0x08003548       0x58 ./Core/Src/tim.o
                0x08003548                HAL_TIM_Base_MspInit
 .text.HAL_TIM_Base_MspDeInit
                0x080035a0       0x44 ./Core/Src/tim.o
                0x080035a0                HAL_TIM_Base_MspDeInit
 .text.LL_AHB2_GRP1_EnableClock
                0x080035e4       0x32 ./Core/Src/usart.o
 .text.LL_APB2_GRP1_EnableClock
                0x08003616       0x32 ./Core/Src/usart.o
 .text.LL_APB2_GRP1_DisableClock
                0x08003648       0x26 ./Core/Src/usart.o
 *fill*         0x0800366e        0x2 
 .text.MX_USART1_UART_Init
                0x08003670       0x98 ./Core/Src/usart.o
                0x08003670                MX_USART1_UART_Init
 .text.HAL_UART_MspInit
                0x08003708       0x9c ./Core/Src/usart.o
                0x08003708                HAL_UART_MspInit
 .text.HAL_UART_MspDeInit
                0x080037a4       0x38 ./Core/Src/usart.o
                0x080037a4                HAL_UART_MspDeInit
 .text.data_initializers
                0x080037dc       0x18 ./Core/Startup/startup_stm32wb5mmghx.o
 .text.Reset_Handler
                0x080037f4       0x58 ./Core/Startup/startup_stm32wb5mmghx.o
                0x080037f4                Reset_Handler
 .text.Default_Handler
                0x0800384c        0x2 ./Core/Startup/startup_stm32wb5mmghx.o
                0x0800384c                DMA2_Channel3_IRQHandler
                0x0800384c                EXTI2_IRQHandler
                0x0800384c                TIM1_CC_IRQHandler
                0x0800384c                TSC_IRQHandler
                0x0800384c                USB_HP_IRQHandler
                0x0800384c                LPTIM2_IRQHandler
                0x0800384c                I2C3_ER_IRQHandler
                0x0800384c                FPU_IRQHandler
                0x0800384c                AES1_IRQHandler
                0x0800384c                SPI1_IRQHandler
                0x0800384c                PWR_SOTF_BLEACT_802ACT_RFPHASE_IRQHandler
                0x0800384c                DMA2_Channel2_IRQHandler
                0x0800384c                DMA1_Channel4_IRQHandler
                0x0800384c                ADC1_IRQHandler
                0x0800384c                PKA_IRQHandler
                0x0800384c                DMA1_Channel7_IRQHandler
                0x0800384c                LCD_IRQHandler
                0x0800384c                DMA2_Channel1_IRQHandler
                0x0800384c                QUADSPI_IRQHandler
                0x0800384c                I2C1_EV_IRQHandler
                0x0800384c                DMAMUX1_OVR_IRQHandler
                0x0800384c                DMA1_Channel6_IRQHandler
                0x0800384c                DMA2_Channel4_IRQHandler
                0x0800384c                RCC_IRQHandler
                0x0800384c                Default_Handler
                0x0800384c                DMA2_Channel7_IRQHandler
                0x0800384c                C2SEV_PWR_C2H_IRQHandler
                0x0800384c                AES2_IRQHandler
                0x0800384c                I2C3_EV_IRQHandler
                0x0800384c                PVD_PVM_IRQHandler
                0x0800384c                DMA2_Channel5_IRQHandler
                0x0800384c                CRS_IRQHandler
                0x0800384c                DMA1_Channel5_IRQHandler
                0x0800384c                USB_LP_IRQHandler
                0x0800384c                RNG_IRQHandler
                0x0800384c                TIM1_TRG_COM_TIM17_IRQHandler
                0x0800384c                TAMP_STAMP_LSECSS_IRQHandler
                0x0800384c                DMA1_Channel3_IRQHandler
                0x0800384c                COMP_IRQHandler
                0x0800384c                WWDG_IRQHandler
                0x0800384c                LPUART1_IRQHandler
                0x0800384c                DMA2_Channel6_IRQHandler
                0x0800384c                TIM1_BRK_IRQHandler
                0x0800384c                EXTI1_IRQHandler
                0x0800384c                DMA1_Channel2_IRQHandler
                0x0800384c                FLASH_IRQHandler
                0x0800384c                I2C1_ER_IRQHandler
                0x0800384c                LPTIM1_IRQHandler
                0x0800384c                SAI1_IRQHandler
                0x0800384c                RTC_Alarm_IRQHandler
 *fill*         0x0800384e        0x2 
 .text.bmi2_sec_init
                0x08003850       0xc0 ./Drivers/BMI270_Driver/src/bmi2.o
                0x08003850                bmi2_sec_init
 .text.bmi2_get_regs
                0x08003910       0xe6 ./Drivers/BMI270_Driver/src/bmi2.o
                0x08003910                bmi2_get_regs
 .text.bmi2_set_regs
                0x080039f6      0x106 ./Drivers/BMI270_Driver/src/bmi2.o
                0x080039f6                bmi2_set_regs
 .text.bmi2_soft_reset
                0x08003afc       0xa2 ./Drivers/BMI270_Driver/src/bmi2.o
                0x08003afc                bmi2_soft_reset
 .text.bmi2_set_adv_power_save
                0x08003b9e       0x98 ./Drivers/BMI270_Driver/src/bmi2.o
                0x08003b9e                bmi2_set_adv_power_save
 .text.bmi2_write_config_file
                0x08003c36       0xaa ./Drivers/BMI270_Driver/src/bmi2.o
                0x08003c36                bmi2_write_config_file
 .text.bmi2_set_int_pin_config
                0x08003ce0      0x1d8 ./Drivers/BMI270_Driver/src/bmi2.o
                0x08003ce0                bmi2_set_int_pin_config
 .text.bmi2_set_sensor_config
                0x08003eb8      0x16c ./Drivers/BMI270_Driver/src/bmi2.o
                0x08003eb8                bmi2_set_sensor_config
 .text.bmi2_get_sensor_config
                0x08004024      0x19c ./Drivers/BMI270_Driver/src/bmi2.o
                0x08004024                bmi2_get_sensor_config
 .text.bmi2_get_feature_data
                0x080041c0       0xee ./Drivers/BMI270_Driver/src/bmi2.o
                0x080041c0                bmi2_get_feature_data
 .text.bmi2_get_status
                0x080042ae       0x44 ./Drivers/BMI270_Driver/src/bmi2.o
                0x080042ae                bmi2_get_status
 .text.bmi2_map_feat_int
                0x080042f2       0xb4 ./Drivers/BMI270_Driver/src/bmi2.o
                0x080042f2                bmi2_map_feat_int
 .text.bmi2_get_gyro_cross_sense
                0x080043a6       0x6c ./Drivers/BMI270_Driver/src/bmi2.o
                0x080043a6                bmi2_get_gyro_cross_sense
 .text.bmi2_get_internal_status
                0x08004412       0x54 ./Drivers/BMI270_Driver/src/bmi2.o
                0x08004412                bmi2_get_internal_status
 .text.bmi2_get_feat_config
                0x08004466      0x124 ./Drivers/BMI270_Driver/src/bmi2.o
                0x08004466                bmi2_get_feat_config
 .text.bmi2_extract_input_feat_config
                0x0800458a       0x6a ./Drivers/BMI270_Driver/src/bmi2.o
                0x0800458a                bmi2_extract_input_feat_config
 .text.write_config_file
                0x080045f4      0x162 ./Drivers/BMI270_Driver/src/bmi2.o
 .text.set_config_load
                0x08004756       0x64 ./Drivers/BMI270_Driver/src/bmi2.o
 .text.upload_file
                0x080047ba       0x76 ./Drivers/BMI270_Driver/src/bmi2.o
 .text.validate_bw_perf_mode
                0x08004830       0x5a ./Drivers/BMI270_Driver/src/bmi2.o
 .text.validate_odr_range
                0x0800488a       0x40 ./Drivers/BMI270_Driver/src/bmi2.o
 .text.validate_gyro_config
                0x080048ca       0xa8 ./Drivers/BMI270_Driver/src/bmi2.o
 *fill*         0x08004972        0x2 
 .text.cfg_error_status
                0x08004974       0x74 ./Drivers/BMI270_Driver/src/bmi2.o
 .text.set_aux_config
                0x080049e8       0x5e ./Drivers/BMI270_Driver/src/bmi2.o
 .text.set_gyro_user_gain_config
                0x08004a46      0x1b6 ./Drivers/BMI270_Driver/src/bmi2.o
 .text.set_aux_interface
                0x08004bfc       0x64 ./Drivers/BMI270_Driver/src/bmi2.o
 .text.config_aux_interface
                0x08004c60      0x18c ./Drivers/BMI270_Driver/src/bmi2.o
 .text.config_aux
                0x08004dec       0x8c ./Drivers/BMI270_Driver/src/bmi2.o
 .text.validate_aux_config
                0x08004e78       0x28 ./Drivers/BMI270_Driver/src/bmi2.o
 .text.get_accel_config
                0x08004ea0       0x84 ./Drivers/BMI270_Driver/src/bmi2.o
 .text.get_gyro_config
                0x08004f24       0xa4 ./Drivers/BMI270_Driver/src/bmi2.o
 .text.get_aux_config
                0x08004fc8       0x6c ./Drivers/BMI270_Driver/src/bmi2.o
 .text.get_gyro_gain_update_config
                0x08005034      0x13e ./Drivers/BMI270_Driver/src/bmi2.o
 .text.get_aux_interface
                0x08005172       0x40 ./Drivers/BMI270_Driver/src/bmi2.o
 .text.get_aux_interface_config
                0x080051b2       0x90 ./Drivers/BMI270_Driver/src/bmi2.o
 .text.get_aux_cfg
                0x08005242       0x46 ./Drivers/BMI270_Driver/src/bmi2.o
 .text.map_feat_int
                0x08005288      0x10c ./Drivers/BMI270_Driver/src/bmi2.o
 .text.check_boundary_val
                0x08005394       0x6e ./Drivers/BMI270_Driver/src/bmi2.o
 .text.set_accel_config
                0x08005402       0xee ./Drivers/BMI270_Driver/src/bmi2.o
 .text.set_gyro_config
                0x080054f0      0x10c ./Drivers/BMI270_Driver/src/bmi2.o
 .text.null_ptr_check
                0x080055fc       0x3e ./Drivers/BMI270_Driver/src/bmi2.o
 .text.extract_feat_int_map
                0x0800563a       0x58 ./Drivers/BMI270_Driver/src/bmi2.o
 .text.get_gyro_gain_update_status
                0x08005692       0xcc ./Drivers/BMI270_Driver/src/bmi2.o
 .text.extract_output_feat_config
                0x0800575e       0x6a ./Drivers/BMI270_Driver/src/bmi2.o
 .text.get_gyro_cross_sense
                0x080057c8      0x10c ./Drivers/BMI270_Driver/src/bmi2.o
 .text.bmi270_init
                0x080058d4       0xbc ./Drivers/BMI270_Driver/src/bmi270.o
                0x080058d4                bmi270_init
 .text.bmi270_sensor_enable
                0x08005990       0x6c ./Drivers/BMI270_Driver/src/bmi270.o
                0x08005990                bmi270_sensor_enable
 .text.bmi270_sensor_disable
                0x080059fc       0x6c ./Drivers/BMI270_Driver/src/bmi270.o
                0x080059fc                bmi270_sensor_disable
 .text.bmi270_set_sensor_config
                0x08005a68      0x11c ./Drivers/BMI270_Driver/src/bmi270.o
                0x08005a68                bmi270_set_sensor_config
 .text.bmi270_get_sensor_config
                0x08005b84      0x14c ./Drivers/BMI270_Driver/src/bmi270.o
                0x08005b84                bmi270_get_sensor_config
 .text.null_ptr_check
                0x08005cd0       0x3e ./Drivers/BMI270_Driver/src/bmi270.o
 *fill*         0x08005d0e        0x2 
 .text.select_sensor
                0x08005d10      0x250 ./Drivers/BMI270_Driver/src/bmi270.o
 .text.sensor_enable
                0x08005f60       0x8e ./Drivers/BMI270_Driver/src/bmi270.o
 .text.sensor_disable
                0x08005fee       0x8e ./Drivers/BMI270_Driver/src/bmi270.o
 .text.set_any_motion
                0x0800607c       0xe8 ./Drivers/BMI270_Driver/src/bmi270.o
 .text.set_no_motion
                0x08006164       0xe8 ./Drivers/BMI270_Driver/src/bmi270.o
 .text.set_step_detector
                0x0800624c       0xee ./Drivers/BMI270_Driver/src/bmi270.o
 .text.set_step_counter
                0x0800633a       0xee ./Drivers/BMI270_Driver/src/bmi270.o
 .text.set_sig_motion
                0x08006428       0xea ./Drivers/BMI270_Driver/src/bmi270.o
 .text.set_step_activity
                0x08006512       0xee ./Drivers/BMI270_Driver/src/bmi270.o
 .text.set_gyro_self_offset_corr
                0x08006600       0xec ./Drivers/BMI270_Driver/src/bmi270.o
 .text.set_wrist_gesture
                0x080066ec       0xec ./Drivers/BMI270_Driver/src/bmi270.o
 .text.set_wrist_wear_wake_up
                0x080067d8       0xec ./Drivers/BMI270_Driver/src/bmi270.o
 .text.set_gyro_user_gain
                0x080068c4       0xee ./Drivers/BMI270_Driver/src/bmi270.o
 .text.set_any_motion_config
                0x080069b2      0x212 ./Drivers/BMI270_Driver/src/bmi270.o
 .text.set_no_motion_config
                0x08006bc4      0x212 ./Drivers/BMI270_Driver/src/bmi270.o
 .text.set_sig_motion_config
                0x08006dd6      0x10c ./Drivers/BMI270_Driver/src/bmi270.o
 .text.set_step_count_params_config
                0x08006ee2      0x1b0 ./Drivers/BMI270_Driver/src/bmi270.o
 .text.set_step_config
                0x08007092      0x16a ./Drivers/BMI270_Driver/src/bmi270.o
 .text.set_wrist_gest_config
                0x080071fc      0x184 ./Drivers/BMI270_Driver/src/bmi270.o
 .text.set_wrist_wear_wake_up_config
                0x08007380      0x19c ./Drivers/BMI270_Driver/src/bmi270.o
 .text.get_any_motion_config
                0x0800751c      0x122 ./Drivers/BMI270_Driver/src/bmi270.o
 .text.get_no_motion_config
                0x0800763e      0x12a ./Drivers/BMI270_Driver/src/bmi270.o
 .text.get_sig_motion_config
                0x08007768       0xbc ./Drivers/BMI270_Driver/src/bmi270.o
 .text.get_step_count_params_config
                0x08007824      0x170 ./Drivers/BMI270_Driver/src/bmi270.o
 .text.get_step_config
                0x08007994       0xd2 ./Drivers/BMI270_Driver/src/bmi270.o
 .text.get_wrist_gest_config
                0x08007a66       0xf0 ./Drivers/BMI270_Driver/src/bmi270.o
 .text.get_wrist_wear_wake_up_config
                0x08007b56      0x124 ./Drivers/BMI270_Driver/src/bmi270.o
 *fill*         0x08007c7a        0x2 
 .text.set_feat_config
                0x08007c7c      0x190 ./Drivers/BMI270_Driver/src/bmi270.o
 .text.get_feat_config
                0x08007e0c      0x190 ./Drivers/BMI270_Driver/src/bmi270.o
 .text.enable_main_sensors
                0x08007f9c       0xea ./Drivers/BMI270_Driver/src/bmi270.o
 .text.enable_sensor_features
                0x08008086      0x18a ./Drivers/BMI270_Driver/src/bmi270.o
 .text.disable_main_sensors
                0x08008210       0xea ./Drivers/BMI270_Driver/src/bmi270.o
 .text.disable_sensor_features
                0x080082fa      0x18a ./Drivers/BMI270_Driver/src/bmi270.o
 .text.bmi2_set_i2c_handle
                0x08008484       0x20 ./Drivers/BMI270_Driver/src/bmi2_user_interface.o
                0x08008484                bmi2_set_i2c_handle
 .text.bmi2_i2c_read
                0x080084a4       0x58 ./Drivers/BMI270_Driver/src/bmi2_user_interface.o
                0x080084a4                bmi2_i2c_read
 .text.bmi2_i2c_write
                0x080084fc       0x58 ./Drivers/BMI270_Driver/src/bmi2_user_interface.o
                0x080084fc                bmi2_i2c_write
 .text.bmi2_delay_us
                0x08008554       0x84 ./Drivers/BMI270_Driver/src/bmi2_user_interface.o
                0x08008554                bmi2_delay_us
 .text._ZN7DRV82144initERK14DRV8214_Config
                0x080085d8      0x144 ./Drivers/DRV8214_Driver/src/drv8214.o
                0x080085d8                DRV8214::init(DRV8214_Config const&)
 *fill*         0x0800871c        0x4 
 .text._ZN7DRV821416getMotorSpeedRPMEv
                0x08008720       0x78 ./Drivers/DRV8214_Driver/src/drv8214.o
                0x08008720                DRV8214::getMotorSpeedRPM()
 .text._ZN7DRV821414getRippleCountEv
                0x08008798       0x3a ./Drivers/DRV8214_Driver/src/drv8214.o
                0x08008798                DRV8214::getRippleCount()
 *fill*         0x080087d2        0x2 
 .text._ZN7DRV821415getMotorVoltageEv
                0x080087d4       0xe4 ./Drivers/DRV8214_Driver/src/drv8214.o
                0x080087d4                DRV8214::getMotorVoltage()
 .text._ZN7DRV821415getMotorCurrentEv
                0x080088b8       0x48 ./Drivers/DRV8214_Driver/src/drv8214.o
                0x080088b8                DRV8214::getMotorCurrent()
 .text._ZN7DRV821412getREG_CTRL1Ev
                0x08008900       0x1e ./Drivers/DRV8214_Driver/src/drv8214.o
                0x08008900                DRV8214::getREG_CTRL1()
 .text._ZN7DRV821412getREG_CTRL2Ev
                0x0800891e       0x1e ./Drivers/DRV8214_Driver/src/drv8214.o
                0x0800891e                DRV8214::getREG_CTRL2()
 .text._ZN7DRV821413enableHbridgeEv
                0x0800893c       0x1e ./Drivers/DRV8214_Driver/src/drv8214.o
                0x0800893c                DRV8214::enableHbridge()
 .text._ZN7DRV821414disableHbridgeEv
                0x0800895a       0x1e ./Drivers/DRV8214_Driver/src/drv8214.o
                0x0800895a                DRV8214::disableHbridge()
 .text._ZN7DRV821417setStallDetectionEb
                0x08008978       0x28 ./Drivers/DRV8214_Driver/src/drv8214.o
                0x08008978                DRV8214::setStallDetection(bool)
 .text._ZN7DRV821415setVoltageRangeEb
                0x080089a0       0x28 ./Drivers/DRV8214_Driver/src/drv8214.o
                0x080089a0                DRV8214::setVoltageRange(bool)
 .text._ZN7DRV821424setOvervoltageProtectionEb
                0x080089c8       0x28 ./Drivers/DRV8214_Driver/src/drv8214.o
                0x080089c8                DRV8214::setOvervoltageProtection(bool)
 .text._ZN7DRV821418resetRippleCounterEv
                0x080089f0       0x1e ./Drivers/DRV8214_Driver/src/drv8214.o
                0x080089f0                DRV8214::resetRippleCounter()
 .text._ZN7DRV821415resetFaultFlagsEv
                0x08008a0e       0x2a ./Drivers/DRV8214_Driver/src/drv8214.o
                0x08008a0e                DRV8214::resetFaultFlags()
 .text._ZN7DRV821417setInrushDurationEt
                0x08008a38       0x38 ./Drivers/DRV8214_Driver/src/drv8214.o
                0x08008a38                DRV8214::setInrushDuration(unsigned short)
 .text._ZN7DRV821417setCurrentRegModeEh
                0x08008a70       0x7c ./Drivers/DRV8214_Driver/src/drv8214.o
                0x08008a70                DRV8214::setCurrentRegMode(unsigned char)
 .text._ZN7DRV821416setStallBehaviorEb
                0x08008aec       0x28 ./Drivers/DRV8214_Driver/src/drv8214.o
                0x08008aec                DRV8214::setStallBehavior(bool)
 .text._ZN7DRV821427setInternalVoltageReferenceEf
                0x08008b14       0x4e ./Drivers/DRV8214_Driver/src/drv8214.o
                0x08008b14                DRV8214::setInternalVoltageReference(float)
 .text._ZN7DRV821413setI2CControlEb
                0x08008b62       0x28 ./Drivers/DRV8214_Driver/src/drv8214.o
                0x08008b62                DRV8214::setI2CControl(bool)
 .text._ZN7DRV821416enablePWMControlEv
                0x08008b8a       0x1e ./Drivers/DRV8214_Driver/src/drv8214.o
                0x08008b8a                DRV8214::enablePWMControl()
 .text._ZN7DRV821417enablePHENControlEv
                0x08008ba8       0x1e ./Drivers/DRV8214_Driver/src/drv8214.o
                0x08008ba8                DRV8214::enablePHENControl()
 .text._ZN7DRV821420enableStallInterruptEv
                0x08008bc6       0x1e ./Drivers/DRV8214_Driver/src/drv8214.o
                0x08008bc6                DRV8214::enableStallInterrupt()
 .text._ZN7DRV821429enableCountThresholdInterruptEv
                0x08008be4       0x1e ./Drivers/DRV8214_Driver/src/drv8214.o
                0x08008be4                DRV8214::enableCountThresholdInterrupt()
 .text._ZN7DRV821433setBridgeBehaviorThresholdReachedEb
                0x08008c02       0x28 ./Drivers/DRV8214_Driver/src/drv8214.o
                0x08008c02                DRV8214::setBridgeBehaviorThresholdReached(bool)
 .text._ZN7DRV821416setSoftStartStopEb
                0x08008c2a       0x22 ./Drivers/DRV8214_Driver/src/drv8214.o
                0x08008c2a                DRV8214::setSoftStartStop(bool)
 .text._ZN7DRV821428setRegulationAndStallCurrentEf
                0x08008c4c      0x280 ./Drivers/DRV8214_Driver/src/drv8214.o
                0x08008c4c                DRV8214::setRegulationAndStallCurrent(float)
 *fill*         0x08008ecc        0x4 
 .text._ZN7DRV821414setRippleSpeedEt
                0x08008ed0      0x23c ./Drivers/DRV8214_Driver/src/drv8214.o
                0x08008ed0                DRV8214::setRippleSpeed(unsigned short)
 .text._ZN7DRV821415setVoltageSpeedEf
                0x0800910c       0xe4 ./Drivers/DRV8214_Driver/src/drv8214.o
                0x0800910c                DRV8214::setVoltageSpeed(float)
 .text._ZN7DRV821417enableRippleCountEb
                0x080091f0       0x22 ./Drivers/DRV8214_Driver/src/drv8214.o
                0x080091f0                DRV8214::enableRippleCount(bool)
 .text._ZN7DRV821421enableErrorCorrectionEb
                0x08009212       0x28 ./Drivers/DRV8214_Driver/src/drv8214.o
                0x08009212                DRV8214::enableErrorCorrection(bool)
 *fill*         0x0800923a        0x2 
 .text._ZN7DRV821423setRippleCountThresholdEt
                0x0800923c      0x1a0 ./Drivers/DRV8214_Driver/src/drv8214.o
                0x0800923c                DRV8214::setRippleCountThreshold(unsigned short)
 .text._ZN7DRV821423setRippleThresholdScaleEh
                0x080093dc       0x30 ./Drivers/DRV8214_Driver/src/drv8214.o
                0x080093dc                DRV8214::setRippleThresholdScale(unsigned char)
 .text._ZN7DRV821411setKMCScaleEh
                0x0800940c       0x28 ./Drivers/DRV8214_Driver/src/drv8214.o
                0x0800940c                DRV8214::setKMCScale(unsigned char)
 .text._ZN7DRV821425setMotorInverseResistanceEh
                0x08009434       0x22 ./Drivers/DRV8214_Driver/src/drv8214.o
                0x08009434                DRV8214::setMotorInverseResistance(unsigned char)
 .text._ZN7DRV821430setMotorInverseResistanceScaleEh
                0x08009456       0x28 ./Drivers/DRV8214_Driver/src/drv8214.o
                0x08009456                DRV8214::setMotorInverseResistanceScale(unsigned char)
 *fill*         0x0800947e        0x2 
 .text._ZN7DRV821430setResistanceRelatedParametersEv
                0x08009480       0xfc ./Drivers/DRV8214_Driver/src/drv8214.o
                0x08009480                DRV8214::setResistanceRelatedParameters()
 .text._ZN7DRV82146setKMCEh
                0x0800957c       0x22 ./Drivers/DRV8214_Driver/src/drv8214.o
                0x0800957c                DRV8214::setKMC(unsigned char)
 .text._ZN7DRV821414setControlModeE11ControlModeb
                0x0800959e       0x44 ./Drivers/DRV8214_Driver/src/drv8214.o
                0x0800959e                DRV8214::setControlMode(ControlMode, bool)
 *fill*         0x080095e2        0x2 
 .text._ZN7DRV821417setRegulationModeE14RegulationMode
                0x080095e4       0x68 ./Drivers/DRV8214_Driver/src/drv8214.o
                0x080095e4                DRV8214::setRegulationMode(RegulationMode)
 .text._ZN7DRV821411turnForwardEtff
                0x0800964c       0xd0 ./Drivers/DRV8214_Driver/src/drv8214.o
                0x0800964c                DRV8214::turnForward(unsigned short, float, float)
 .text._ZN7DRV821411turnReverseEtff
                0x0800971c       0xc8 ./Drivers/DRV8214_Driver/src/drv8214.o
                0x0800971c                DRV8214::turnReverse(unsigned short, float, float)
 .text._ZN7DRV821410brakeMotorEb
                0x080097e4       0x80 ./Drivers/DRV8214_Driver/src/drv8214.o
                0x080097e4                DRV8214::brakeMotor(bool)
 .text._ZN7DRV821412turnXRipplesEtbbtff
                0x08009864       0x7a ./Drivers/DRV8214_Driver/src/drv8214.o
                0x08009864                DRV8214::turnXRipples(unsigned short, bool, bool, unsigned short, float, float)
 *fill*         0x080098de        0x2 
 .text._ZN7DRV821416printMotorConfigEb
                0x080098e0      0x3b8 ./Drivers/DRV8214_Driver/src/drv8214.o
                0x080098e0                DRV8214::printMotorConfig(bool)
 .text._ZN7DRV82148drvPrintEPKc
                0x08009c98       0x20 ./Drivers/DRV8214_Driver/src/drv8214.o
                0x08009c98                DRV8214::drvPrint(char const*)
 .text._ZN7DRV821416printFaultStatusEv
                0x08009cb8      0x158 ./Drivers/DRV8214_Driver/src/drv8214.o
                0x08009cb8                DRV8214::printFaultStatus()
 .text._Z22drv8214_i2c_set_handleP19__I2C_HandleTypeDef
                0x08009e10       0x20 ./Drivers/DRV8214_Driver/src/drv8214_platform_i2c.o
                0x08009e10                drv8214_i2c_set_handle(__I2C_HandleTypeDef*)
 .text._Z26drv8214_i2c_write_registerhhh
                0x08009e30       0x4c ./Drivers/DRV8214_Driver/src/drv8214_platform_i2c.o
                0x08009e30                drv8214_i2c_write_register(unsigned char, unsigned char, unsigned char)
 .text._Z25drv8214_i2c_read_registerhh
                0x08009e7c       0x88 ./Drivers/DRV8214_Driver/src/drv8214_platform_i2c.o
                0x08009e7c                drv8214_i2c_read_register(unsigned char, unsigned char)
 .text._Z27drv8214_i2c_modify_registerhhhh
                0x08009f04       0x64 ./Drivers/DRV8214_Driver/src/drv8214_platform_i2c.o
                0x08009f04                drv8214_i2c_modify_register(unsigned char, unsigned char, unsigned char, unsigned char)
 .text._Z32drv8214_i2c_modify_register_bitshhhh
                0x08009f68       0x62 ./Drivers/DRV8214_Driver/src/drv8214_platform_i2c.o
                0x08009f68                drv8214_i2c_modify_register_bits(unsigned char, unsigned char, unsigned char, unsigned char)
 *fill*         0x08009fca        0x2 
 .text.HAL_Init
                0x08009fcc       0x40 ./Drivers/STM32WBxx_HAL_Driver/Src/stm32wbxx_hal.o
                0x08009fcc                HAL_Init
 .text.HAL_InitTick
                0x0800a00c       0x74 ./Drivers/STM32WBxx_HAL_Driver/Src/stm32wbxx_hal.o
                0x0800a00c                HAL_InitTick
 .text.HAL_IncTick
                0x0800a080       0x28 ./Drivers/STM32WBxx_HAL_Driver/Src/stm32wbxx_hal.o
                0x0800a080                HAL_IncTick
 .text.HAL_GetTick
                0x0800a0a8       0x18 ./Drivers/STM32WBxx_HAL_Driver/Src/stm32wbxx_hal.o
                0x0800a0a8                HAL_GetTick
 .text.HAL_GetTickPrio
                0x0800a0c0       0x18 ./Drivers/STM32WBxx_HAL_Driver/Src/stm32wbxx_hal.o
                0x0800a0c0                HAL_GetTickPrio
 .text.HAL_Delay
                0x0800a0d8       0x48 ./Drivers/STM32WBxx_HAL_Driver/Src/stm32wbxx_hal.o
                0x0800a0d8                HAL_Delay
 .text.HAL_SuspendTick
                0x0800a120       0x20 ./Drivers/STM32WBxx_HAL_Driver/Src/stm32wbxx_hal.o
                0x0800a120                HAL_SuspendTick
 .text.HAL_ResumeTick
                0x0800a140       0x20 ./Drivers/STM32WBxx_HAL_Driver/Src/stm32wbxx_hal.o
                0x0800a140                HAL_ResumeTick
 .text.LL_ADC_SetCommonClock
                0x0800a160       0x26 ./Drivers/STM32WBxx_HAL_Driver/Src/stm32wbxx_hal_adc.o
 .text.LL_ADC_SetCommonPathInternalCh
                0x0800a186       0x26 ./Drivers/STM32WBxx_HAL_Driver/Src/stm32wbxx_hal_adc.o
 .text.LL_ADC_GetCommonPathInternalCh
                0x0800a1ac       0x1c ./Drivers/STM32WBxx_HAL_Driver/Src/stm32wbxx_hal_adc.o
 .text.LL_ADC_SetOffset
                0x0800a1c8       0x48 ./Drivers/STM32WBxx_HAL_Driver/Src/stm32wbxx_hal_adc.o
 .text.LL_ADC_GetOffsetChannel
                0x0800a210       0x2c ./Drivers/STM32WBxx_HAL_Driver/Src/stm32wbxx_hal_adc.o
 .text.LL_ADC_SetOffsetState
                0x0800a23c       0x36 ./Drivers/STM32WBxx_HAL_Driver/Src/stm32wbxx_hal_adc.o
 .text.LL_ADC_REG_IsTriggerSourceSWStart
                0x0800a272       0x26 ./Drivers/STM32WBxx_HAL_Driver/Src/stm32wbxx_hal_adc.o
 .text.LL_ADC_REG_SetSequencerRanks
                0x0800a298       0x58 ./Drivers/STM32WBxx_HAL_Driver/Src/stm32wbxx_hal_adc.o
 .text.LL_ADC_SetChannelSamplingTime
                0x0800a2f0       0x56 ./Drivers/STM32WBxx_HAL_Driver/Src/stm32wbxx_hal_adc.o
 *fill*         0x0800a346        0x2 
 .text.LL_ADC_SetChannelSingleDiff
                0x0800a348       0x48 ./Drivers/STM32WBxx_HAL_Driver/Src/stm32wbxx_hal_adc.o
 .text.LL_ADC_DisableDeepPowerDown
                0x0800a390       0x24 ./Drivers/STM32WBxx_HAL_Driver/Src/stm32wbxx_hal_adc.o
 .text.LL_ADC_IsDeepPowerDownEnabled
                0x0800a3b4       0x28 ./Drivers/STM32WBxx_HAL_Driver/Src/stm32wbxx_hal_adc.o
 .text.LL_ADC_EnableInternalRegulator
                0x0800a3dc       0x28 ./Drivers/STM32WBxx_HAL_Driver/Src/stm32wbxx_hal_adc.o
 .text.LL_ADC_IsInternalRegulatorEnabled
                0x0800a404       0x28 ./Drivers/STM32WBxx_HAL_Driver/Src/stm32wbxx_hal_adc.o
 .text.LL_ADC_Enable
                0x0800a42c       0x28 ./Drivers/STM32WBxx_HAL_Driver/Src/stm32wbxx_hal_adc.o
 .text.LL_ADC_Disable
                0x0800a454       0x28 ./Drivers/STM32WBxx_HAL_Driver/Src/stm32wbxx_hal_adc.o
 .text.LL_ADC_IsEnabled
                0x0800a47c       0x26 ./Drivers/STM32WBxx_HAL_Driver/Src/stm32wbxx_hal_adc.o
 .text.LL_ADC_IsDisableOngoing
                0x0800a4a2       0x26 ./Drivers/STM32WBxx_HAL_Driver/Src/stm32wbxx_hal_adc.o
 .text.LL_ADC_REG_StartConversion
                0x0800a4c8       0x28 ./Drivers/STM32WBxx_HAL_Driver/Src/stm32wbxx_hal_adc.o
 .text.LL_ADC_REG_StopConversion
                0x0800a4f0       0x28 ./Drivers/STM32WBxx_HAL_Driver/Src/stm32wbxx_hal_adc.o
 .text.LL_ADC_REG_IsConversionOngoing
                0x0800a518       0x26 ./Drivers/STM32WBxx_HAL_Driver/Src/stm32wbxx_hal_adc.o
 .text.LL_ADC_INJ_StopConversion
                0x0800a53e       0x28 ./Drivers/STM32WBxx_HAL_Driver/Src/stm32wbxx_hal_adc.o
 .text.LL_ADC_INJ_IsConversionOngoing
                0x0800a566       0x26 ./Drivers/STM32WBxx_HAL_Driver/Src/stm32wbxx_hal_adc.o
 .text.HAL_ADC_Init
                0x0800a58c      0x298 ./Drivers/STM32WBxx_HAL_Driver/Src/stm32wbxx_hal_adc.o
                0x0800a58c                HAL_ADC_Init
 .text.HAL_ADC_DeInit
                0x0800a824      0x264 ./Drivers/STM32WBxx_HAL_Driver/Src/stm32wbxx_hal_adc.o
                0x0800a824                HAL_ADC_DeInit
 .text.HAL_ADC_Start
                0x0800aa88       0xa8 ./Drivers/STM32WBxx_HAL_Driver/Src/stm32wbxx_hal_adc.o
                0x0800aa88                HAL_ADC_Start
 .text.HAL_ADC_Stop
                0x0800ab30       0x66 ./Drivers/STM32WBxx_HAL_Driver/Src/stm32wbxx_hal_adc.o
                0x0800ab30                HAL_ADC_Stop
 .text.HAL_ADC_PollForConversion
                0x0800ab96      0x11a ./Drivers/STM32WBxx_HAL_Driver/Src/stm32wbxx_hal_adc.o
                0x0800ab96                HAL_ADC_PollForConversion
 .text.HAL_ADC_GetValue
                0x0800acb0       0x1a ./Drivers/STM32WBxx_HAL_Driver/Src/stm32wbxx_hal_adc.o
                0x0800acb0                HAL_ADC_GetValue
 *fill*         0x0800acca        0x2 
 .text.HAL_ADC_ConfigChannel
                0x0800accc      0x78c ./Drivers/STM32WBxx_HAL_Driver/Src/stm32wbxx_hal_adc.o
                0x0800accc                HAL_ADC_ConfigChannel
 .text.ADC_ConversionStop
                0x0800b458      0x178 ./Drivers/STM32WBxx_HAL_Driver/Src/stm32wbxx_hal_adc.o
                0x0800b458                ADC_ConversionStop
 .text.ADC_Enable
                0x0800b5d0       0xf4 ./Drivers/STM32WBxx_HAL_Driver/Src/stm32wbxx_hal_adc.o
                0x0800b5d0                ADC_Enable
 .text.ADC_Disable
                0x0800b6c4       0xbe ./Drivers/STM32WBxx_HAL_Driver/Src/stm32wbxx_hal_adc.o
                0x0800b6c4                ADC_Disable
 *fill*         0x0800b782        0x2 
 .text.__NVIC_SetPriorityGrouping
                0x0800b784       0x48 ./Drivers/STM32WBxx_HAL_Driver/Src/stm32wbxx_hal_cortex.o
 .text.__NVIC_GetPriorityGrouping
                0x0800b7cc       0x1c ./Drivers/STM32WBxx_HAL_Driver/Src/stm32wbxx_hal_cortex.o
 .text.__NVIC_EnableIRQ
                0x0800b7e8       0x3c ./Drivers/STM32WBxx_HAL_Driver/Src/stm32wbxx_hal_cortex.o
 .text.__NVIC_DisableIRQ
                0x0800b824       0x48 ./Drivers/STM32WBxx_HAL_Driver/Src/stm32wbxx_hal_cortex.o
 .text.__NVIC_SetPriority
                0x0800b86c       0x54 ./Drivers/STM32WBxx_HAL_Driver/Src/stm32wbxx_hal_cortex.o
 .text.NVIC_EncodePriority
                0x0800b8c0       0x66 ./Drivers/STM32WBxx_HAL_Driver/Src/stm32wbxx_hal_cortex.o
 *fill*         0x0800b926        0x2 
 .text.SysTick_Config
                0x0800b928       0x44 ./Drivers/STM32WBxx_HAL_Driver/Src/stm32wbxx_hal_cortex.o
 .text.HAL_NVIC_SetPriorityGrouping
                0x0800b96c       0x16 ./Drivers/STM32WBxx_HAL_Driver/Src/stm32wbxx_hal_cortex.o
                0x0800b96c                HAL_NVIC_SetPriorityGrouping
 .text.HAL_NVIC_SetPriority
                0x0800b982       0x34 ./Drivers/STM32WBxx_HAL_Driver/Src/stm32wbxx_hal_cortex.o
                0x0800b982                HAL_NVIC_SetPriority
 .text.HAL_NVIC_EnableIRQ
                0x0800b9b6       0x1c ./Drivers/STM32WBxx_HAL_Driver/Src/stm32wbxx_hal_cortex.o
                0x0800b9b6                HAL_NVIC_EnableIRQ
 .text.HAL_NVIC_DisableIRQ
                0x0800b9d2       0x1c ./Drivers/STM32WBxx_HAL_Driver/Src/stm32wbxx_hal_cortex.o
                0x0800b9d2                HAL_NVIC_DisableIRQ
 .text.HAL_SYSTICK_Config
                0x0800b9ee       0x18 ./Drivers/STM32WBxx_HAL_Driver/Src/stm32wbxx_hal_cortex.o
                0x0800b9ee                HAL_SYSTICK_Config
 *fill*         0x0800ba06        0x2 
 .text.HAL_DMA_Init
                0x0800ba08      0x150 ./Drivers/STM32WBxx_HAL_Driver/Src/stm32wbxx_hal_dma.o
                0x0800ba08                HAL_DMA_Init
 .text.HAL_DMA_Abort
                0x0800bb58       0xbe ./Drivers/STM32WBxx_HAL_Driver/Src/stm32wbxx_hal_dma.o
                0x0800bb58                HAL_DMA_Abort
 .text.HAL_DMA_Abort_IT
                0x0800bc16       0xbe ./Drivers/STM32WBxx_HAL_Driver/Src/stm32wbxx_hal_dma.o
                0x0800bc16                HAL_DMA_Abort_IT
 .text.HAL_DMA_IRQHandler
                0x0800bcd4      0x15e ./Drivers/STM32WBxx_HAL_Driver/Src/stm32wbxx_hal_dma.o
                0x0800bcd4                HAL_DMA_IRQHandler
 *fill*         0x0800be32        0x2 
 .text.DMA_CalcDMAMUXChannelBaseAndMask
                0x0800be34       0x7c ./Drivers/STM32WBxx_HAL_Driver/Src/stm32wbxx_hal_dma.o
 .text.DMA_CalcDMAMUXRequestGenBaseAndMask
                0x0800beb0       0x4c ./Drivers/STM32WBxx_HAL_Driver/Src/stm32wbxx_hal_dma.o
 .text.HAL_GPIO_Init
                0x0800befc      0x2e0 ./Drivers/STM32WBxx_HAL_Driver/Src/stm32wbxx_hal_gpio.o
                0x0800befc                HAL_GPIO_Init
 .text.HAL_GPIO_DeInit
                0x0800c1dc      0x1bc ./Drivers/STM32WBxx_HAL_Driver/Src/stm32wbxx_hal_gpio.o
                0x0800c1dc                HAL_GPIO_DeInit
 .text.HAL_GPIO_ReadPin
                0x0800c398       0x30 ./Drivers/STM32WBxx_HAL_Driver/Src/stm32wbxx_hal_gpio.o
                0x0800c398                HAL_GPIO_ReadPin
 .text.HAL_GPIO_WritePin
                0x0800c3c8       0x30 ./Drivers/STM32WBxx_HAL_Driver/Src/stm32wbxx_hal_gpio.o
                0x0800c3c8                HAL_GPIO_WritePin
 .text.HAL_GPIO_EXTI_IRQHandler
                0x0800c3f8       0x30 ./Drivers/STM32WBxx_HAL_Driver/Src/stm32wbxx_hal_gpio.o
                0x0800c3f8                HAL_GPIO_EXTI_IRQHandler
 .text.HAL_HSEM_IRQHandler
                0x0800c428       0x34 ./Drivers/STM32WBxx_HAL_Driver/Src/stm32wbxx_hal_hsem.o
                0x0800c428                HAL_HSEM_IRQHandler
 .text.HAL_HSEM_FreeCallback
                0x0800c45c       0x14 ./Drivers/STM32WBxx_HAL_Driver/Src/stm32wbxx_hal_hsem.o
                0x0800c45c                HAL_HSEM_FreeCallback
 .text.HAL_I2C_Init
                0x0800c470      0x136 ./Drivers/STM32WBxx_HAL_Driver/Src/stm32wbxx_hal_i2c.o
                0x0800c470                HAL_I2C_Init
 .text.HAL_I2C_DeInit
                0x0800c5a6       0x5e ./Drivers/STM32WBxx_HAL_Driver/Src/stm32wbxx_hal_i2c.o
                0x0800c5a6                HAL_I2C_DeInit
 .text.HAL_I2C_Master_Transmit
                0x0800c604      0x230 ./Drivers/STM32WBxx_HAL_Driver/Src/stm32wbxx_hal_i2c.o
                0x0800c604                HAL_I2C_Master_Transmit
 .text.HAL_I2C_Master_Receive
                0x0800c834      0x1ec ./Drivers/STM32WBxx_HAL_Driver/Src/stm32wbxx_hal_i2c.o
                0x0800c834                HAL_I2C_Master_Receive
 .text.HAL_I2C_Mem_Write
                0x0800ca20      0x228 ./Drivers/STM32WBxx_HAL_Driver/Src/stm32wbxx_hal_i2c.o
                0x0800ca20                HAL_I2C_Mem_Write
 .text.HAL_I2C_Mem_Read
                0x0800cc48      0x234 ./Drivers/STM32WBxx_HAL_Driver/Src/stm32wbxx_hal_i2c.o
                0x0800cc48                HAL_I2C_Mem_Read
 .text.HAL_I2C_IsDeviceReady
                0x0800ce7c      0x1d8 ./Drivers/STM32WBxx_HAL_Driver/Src/stm32wbxx_hal_i2c.o
                0x0800ce7c                HAL_I2C_IsDeviceReady
 .text.I2C_RequestMemoryWrite
                0x0800d054       0xa8 ./Drivers/STM32WBxx_HAL_Driver/Src/stm32wbxx_hal_i2c.o
 .text.I2C_RequestMemoryRead
                0x0800d0fc       0xa8 ./Drivers/STM32WBxx_HAL_Driver/Src/stm32wbxx_hal_i2c.o
 .text.I2C_Flush_TXDR
                0x0800d1a4       0x48 ./Drivers/STM32WBxx_HAL_Driver/Src/stm32wbxx_hal_i2c.o
 .text.I2C_WaitOnFlagUntilTimeout
                0x0800d1ec       0xb2 ./Drivers/STM32WBxx_HAL_Driver/Src/stm32wbxx_hal_i2c.o
 .text.I2C_WaitOnTXISFlagUntilTimeout
                0x0800d29e       0x8e ./Drivers/STM32WBxx_HAL_Driver/Src/stm32wbxx_hal_i2c.o
 .text.I2C_WaitOnSTOPFlagUntilTimeout
                0x0800d32c       0x86 ./Drivers/STM32WBxx_HAL_Driver/Src/stm32wbxx_hal_i2c.o
 *fill*         0x0800d3b2        0x2 
 .text.I2C_WaitOnRXNEFlagUntilTimeout
                0x0800d3b4      0x118 ./Drivers/STM32WBxx_HAL_Driver/Src/stm32wbxx_hal_i2c.o
 .text.I2C_IsErrorOccurred
                0x0800d4cc      0x1c0 ./Drivers/STM32WBxx_HAL_Driver/Src/stm32wbxx_hal_i2c.o
 .text.I2C_TransferConfig
                0x0800d68c       0x64 ./Drivers/STM32WBxx_HAL_Driver/Src/stm32wbxx_hal_i2c.o
 .text.HAL_I2CEx_ConfigAnalogFilter
                0x0800d6f0       0x96 ./Drivers/STM32WBxx_HAL_Driver/Src/stm32wbxx_hal_i2c_ex.o
                0x0800d6f0                HAL_I2CEx_ConfigAnalogFilter
 .text.HAL_I2CEx_ConfigDigitalFilter
                0x0800d786       0x98 ./Drivers/STM32WBxx_HAL_Driver/Src/stm32wbxx_hal_i2c_ex.o
                0x0800d786                HAL_I2CEx_ConfigDigitalFilter
 *fill*         0x0800d81e        0x2 
 .text.HAL_IPCC_Init
                0x0800d820       0x64 ./Drivers/STM32WBxx_HAL_Driver/Src/stm32wbxx_hal_ipcc.o
                0x0800d820                HAL_IPCC_Init
 .text.HAL_IPCC_TX_IRQHandler
                0x0800d884       0x9c ./Drivers/STM32WBxx_HAL_Driver/Src/stm32wbxx_hal_ipcc.o
                0x0800d884                HAL_IPCC_TX_IRQHandler
 .text.HAL_IPCC_RX_IRQHandler
                0x0800d920       0x98 ./Drivers/STM32WBxx_HAL_Driver/Src/stm32wbxx_hal_ipcc.o
                0x0800d920                HAL_IPCC_RX_IRQHandler
 .text.HAL_IPCC_RxCallback
                0x0800d9b8       0x1a ./Drivers/STM32WBxx_HAL_Driver/Src/stm32wbxx_hal_ipcc.o
                0x0800d9b8                HAL_IPCC_RxCallback
 .text.HAL_IPCC_TxCallback
                0x0800d9d2       0x1a ./Drivers/STM32WBxx_HAL_Driver/Src/stm32wbxx_hal_ipcc.o
                0x0800d9d2                HAL_IPCC_TxCallback
 .text.IPCC_SetDefaultCallbacks
                0x0800d9ec       0x4c ./Drivers/STM32WBxx_HAL_Driver/Src/stm32wbxx_hal_ipcc.o
                0x0800d9ec                IPCC_SetDefaultCallbacks
 .text.IPCC_Reset_Register
                0x0800da38       0x28 ./Drivers/STM32WBxx_HAL_Driver/Src/stm32wbxx_hal_ipcc.o
                0x0800da38                IPCC_Reset_Register
 .text.LL_EXTI_EnableIT_0_31
                0x0800da60       0x28 ./Drivers/STM32WBxx_HAL_Driver/Src/stm32wbxx_hal_pwr.o
 .text.LL_EXTI_DisableIT_0_31
                0x0800da88       0x2c ./Drivers/STM32WBxx_HAL_Driver/Src/stm32wbxx_hal_pwr.o
 .text.LL_C2_EXTI_DisableIT_0_31
                0x0800dab4       0x2c ./Drivers/STM32WBxx_HAL_Driver/Src/stm32wbxx_hal_pwr.o
 .text.LL_EXTI_EnableRisingTrig_0_31
                0x0800dae0       0x24 ./Drivers/STM32WBxx_HAL_Driver/Src/stm32wbxx_hal_pwr.o
 .text.LL_EXTI_DisableRisingTrig_0_31
                0x0800db04       0x28 ./Drivers/STM32WBxx_HAL_Driver/Src/stm32wbxx_hal_pwr.o
 .text.LL_EXTI_EnableFallingTrig_0_31
                0x0800db2c       0x24 ./Drivers/STM32WBxx_HAL_Driver/Src/stm32wbxx_hal_pwr.o
 .text.LL_EXTI_DisableFallingTrig_0_31
                0x0800db50       0x28 ./Drivers/STM32WBxx_HAL_Driver/Src/stm32wbxx_hal_pwr.o
 .text.HAL_PWR_EnableBkUpAccess
                0x0800db78       0x20 ./Drivers/STM32WBxx_HAL_Driver/Src/stm32wbxx_hal_pwr.o
                0x0800db78                HAL_PWR_EnableBkUpAccess
 .text.HAL_PWR_ConfigPVD
                0x0800db98       0x84 ./Drivers/STM32WBxx_HAL_Driver/Src/stm32wbxx_hal_pwr.o
                0x0800db98                HAL_PWR_ConfigPVD
 .text.HAL_PWR_EnablePVD
                0x0800dc1c       0x20 ./Drivers/STM32WBxx_HAL_Driver/Src/stm32wbxx_hal_pwr.o
                0x0800dc1c                HAL_PWR_EnablePVD
 .text.HAL_PWR_EnableWakeUpPin
                0x0800dc3c       0x40 ./Drivers/STM32WBxx_HAL_Driver/Src/stm32wbxx_hal_pwr.o
                0x0800dc3c                HAL_PWR_EnableWakeUpPin
 .text.HAL_PWR_DisableWakeUpPin
                0x0800dc7c       0x2c ./Drivers/STM32WBxx_HAL_Driver/Src/stm32wbxx_hal_pwr.o
                0x0800dc7c                HAL_PWR_DisableWakeUpPin
 .text.HAL_PWREx_GetVoltageRange
                0x0800dca8       0x1c ./Drivers/STM32WBxx_HAL_Driver/Src/stm32wbxx_hal_pwr_ex.o
                0x0800dca8                HAL_PWREx_GetVoltageRange
 .text.HAL_PWREx_EnableFlashPowerDown
                0x0800dcc4       0x38 ./Drivers/STM32WBxx_HAL_Driver/Src/stm32wbxx_hal_pwr_ex.o
                0x0800dcc4                HAL_PWREx_EnableFlashPowerDown
 .text.HAL_PWREx_EnterSTOP2Mode
                0x0800dcfc       0x58 ./Drivers/STM32WBxx_HAL_Driver/Src/stm32wbxx_hal_pwr_ex.o
                0x0800dcfc                HAL_PWREx_EnterSTOP2Mode
 .text.LL_RCC_HSE_IsEnabledDiv2
                0x0800dd54       0x24 ./Drivers/STM32WBxx_HAL_Driver/Src/stm32wbxx_hal_rcc.o
 .text.LL_RCC_HSE_Enable
                0x0800dd78       0x1e ./Drivers/STM32WBxx_HAL_Driver/Src/stm32wbxx_hal_rcc.o
 .text.LL_RCC_HSE_Disable
                0x0800dd96       0x1e ./Drivers/STM32WBxx_HAL_Driver/Src/stm32wbxx_hal_rcc.o
 .text.LL_RCC_HSE_IsReady
                0x0800ddb4       0x24 ./Drivers/STM32WBxx_HAL_Driver/Src/stm32wbxx_hal_rcc.o
 .text.LL_RCC_HSI_Enable
                0x0800ddd8       0x1e ./Drivers/STM32WBxx_HAL_Driver/Src/stm32wbxx_hal_rcc.o
 .text.LL_RCC_HSI_Disable
                0x0800ddf6       0x1e ./Drivers/STM32WBxx_HAL_Driver/Src/stm32wbxx_hal_rcc.o
 .text.LL_RCC_HSI_IsReady
                0x0800de14       0x24 ./Drivers/STM32WBxx_HAL_Driver/Src/stm32wbxx_hal_rcc.o
 .text.LL_RCC_HSI_SetCalibTrimming
                0x0800de38       0x2a ./Drivers/STM32WBxx_HAL_Driver/Src/stm32wbxx_hal_rcc.o
 .text.LL_RCC_HSI48_Enable
                0x0800de62       0x22 ./Drivers/STM32WBxx_HAL_Driver/Src/stm32wbxx_hal_rcc.o
 .text.LL_RCC_HSI48_Disable
                0x0800de84       0x22 ./Drivers/STM32WBxx_HAL_Driver/Src/stm32wbxx_hal_rcc.o
 .text.LL_RCC_HSI48_IsReady
                0x0800dea6       0x24 ./Drivers/STM32WBxx_HAL_Driver/Src/stm32wbxx_hal_rcc.o
 .text.LL_RCC_LSE_Enable
                0x0800deca       0x22 ./Drivers/STM32WBxx_HAL_Driver/Src/stm32wbxx_hal_rcc.o
 .text.LL_RCC_LSE_Disable
                0x0800deec       0x22 ./Drivers/STM32WBxx_HAL_Driver/Src/stm32wbxx_hal_rcc.o
 .text.LL_RCC_LSE_EnableBypass
                0x0800df0e       0x22 ./Drivers/STM32WBxx_HAL_Driver/Src/stm32wbxx_hal_rcc.o
 .text.LL_RCC_LSE_DisableBypass
                0x0800df30       0x22 ./Drivers/STM32WBxx_HAL_Driver/Src/stm32wbxx_hal_rcc.o
 .text.LL_RCC_LSE_IsReady
                0x0800df52       0x24 ./Drivers/STM32WBxx_HAL_Driver/Src/stm32wbxx_hal_rcc.o
 .text.LL_RCC_LSI1_Enable
                0x0800df76       0x22 ./Drivers/STM32WBxx_HAL_Driver/Src/stm32wbxx_hal_rcc.o
 .text.LL_RCC_LSI1_Disable
                0x0800df98       0x22 ./Drivers/STM32WBxx_HAL_Driver/Src/stm32wbxx_hal_rcc.o
 .text.LL_RCC_LSI1_IsReady
                0x0800dfba       0x24 ./Drivers/STM32WBxx_HAL_Driver/Src/stm32wbxx_hal_rcc.o
 .text.LL_RCC_LSI2_Enable
                0x0800dfde       0x22 ./Drivers/STM32WBxx_HAL_Driver/Src/stm32wbxx_hal_rcc.o
 .text.LL_RCC_LSI2_Disable
                0x0800e000       0x22 ./Drivers/STM32WBxx_HAL_Driver/Src/stm32wbxx_hal_rcc.o
 .text.LL_RCC_LSI2_IsReady
                0x0800e022       0x24 ./Drivers/STM32WBxx_HAL_Driver/Src/stm32wbxx_hal_rcc.o
 .text.LL_RCC_LSI2_SetTrimming
                0x0800e046       0x2e ./Drivers/STM32WBxx_HAL_Driver/Src/stm32wbxx_hal_rcc.o
 .text.LL_RCC_MSI_Enable
                0x0800e074       0x1e ./Drivers/STM32WBxx_HAL_Driver/Src/stm32wbxx_hal_rcc.o
 .text.LL_RCC_MSI_Disable
                0x0800e092       0x1e ./Drivers/STM32WBxx_HAL_Driver/Src/stm32wbxx_hal_rcc.o
 .text.LL_RCC_MSI_IsReady
                0x0800e0b0       0x22 ./Drivers/STM32WBxx_HAL_Driver/Src/stm32wbxx_hal_rcc.o
 .text.LL_RCC_MSI_SetRange
                0x0800e0d2       0x28 ./Drivers/STM32WBxx_HAL_Driver/Src/stm32wbxx_hal_rcc.o
 .text.LL_RCC_MSI_GetRange
                0x0800e0fa       0x2a ./Drivers/STM32WBxx_HAL_Driver/Src/stm32wbxx_hal_rcc.o
 .text.LL_RCC_MSI_SetCalibTrimming
                0x0800e124       0x2a ./Drivers/STM32WBxx_HAL_Driver/Src/stm32wbxx_hal_rcc.o
 .text.LL_RCC_SetSysClkSource
                0x0800e14e       0x28 ./Drivers/STM32WBxx_HAL_Driver/Src/stm32wbxx_hal_rcc.o
 .text.LL_RCC_GetSysClkSource
                0x0800e176       0x18 ./Drivers/STM32WBxx_HAL_Driver/Src/stm32wbxx_hal_rcc.o
 .text.LL_RCC_SetAHBPrescaler
                0x0800e18e       0x28 ./Drivers/STM32WBxx_HAL_Driver/Src/stm32wbxx_hal_rcc.o
 .text.LL_C2_RCC_SetAHBPrescaler
                0x0800e1b6       0x2c ./Drivers/STM32WBxx_HAL_Driver/Src/stm32wbxx_hal_rcc.o
 .text.LL_RCC_SetAHB4Prescaler
                0x0800e1e2       0x2e ./Drivers/STM32WBxx_HAL_Driver/Src/stm32wbxx_hal_rcc.o
 .text.LL_RCC_SetAPB1Prescaler
                0x0800e210       0x28 ./Drivers/STM32WBxx_HAL_Driver/Src/stm32wbxx_hal_rcc.o
 .text.LL_RCC_SetAPB2Prescaler
                0x0800e238       0x28 ./Drivers/STM32WBxx_HAL_Driver/Src/stm32wbxx_hal_rcc.o
 .text.LL_RCC_GetAHBPrescaler
                0x0800e260       0x18 ./Drivers/STM32WBxx_HAL_Driver/Src/stm32wbxx_hal_rcc.o
 .text.LL_RCC_GetAHB4Prescaler
                0x0800e278       0x1c ./Drivers/STM32WBxx_HAL_Driver/Src/stm32wbxx_hal_rcc.o
 .text.LL_RCC_GetAPB1Prescaler
                0x0800e294       0x18 ./Drivers/STM32WBxx_HAL_Driver/Src/stm32wbxx_hal_rcc.o
 .text.LL_RCC_GetAPB2Prescaler
                0x0800e2ac       0x18 ./Drivers/STM32WBxx_HAL_Driver/Src/stm32wbxx_hal_rcc.o
 .text.LL_RCC_PLL_Enable
                0x0800e2c4       0x1e ./Drivers/STM32WBxx_HAL_Driver/Src/stm32wbxx_hal_rcc.o
 .text.LL_RCC_PLL_Disable
                0x0800e2e2       0x1e ./Drivers/STM32WBxx_HAL_Driver/Src/stm32wbxx_hal_rcc.o
 .text.LL_RCC_PLL_IsReady
                0x0800e300       0x24 ./Drivers/STM32WBxx_HAL_Driver/Src/stm32wbxx_hal_rcc.o
 .text.LL_RCC_PLL_GetN
                0x0800e324       0x1a ./Drivers/STM32WBxx_HAL_Driver/Src/stm32wbxx_hal_rcc.o
 .text.LL_RCC_PLL_GetR
                0x0800e33e       0x18 ./Drivers/STM32WBxx_HAL_Driver/Src/stm32wbxx_hal_rcc.o
 .text.LL_RCC_PLL_GetDivider
                0x0800e356       0x18 ./Drivers/STM32WBxx_HAL_Driver/Src/stm32wbxx_hal_rcc.o
 .text.LL_RCC_PLL_GetMainSource
                0x0800e36e       0x18 ./Drivers/STM32WBxx_HAL_Driver/Src/stm32wbxx_hal_rcc.o
 .text.LL_RCC_IsActiveFlag_HPRE
                0x0800e386       0x24 ./Drivers/STM32WBxx_HAL_Driver/Src/stm32wbxx_hal_rcc.o
 .text.LL_RCC_IsActiveFlag_C2HPRE
                0x0800e3aa       0x26 ./Drivers/STM32WBxx_HAL_Driver/Src/stm32wbxx_hal_rcc.o
 .text.LL_RCC_IsActiveFlag_SHDHPRE
                0x0800e3d0       0x26 ./Drivers/STM32WBxx_HAL_Driver/Src/stm32wbxx_hal_rcc.o
 .text.LL_RCC_IsActiveFlag_PPRE1
                0x0800e3f6       0x24 ./Drivers/STM32WBxx_HAL_Driver/Src/stm32wbxx_hal_rcc.o
 .text.LL_RCC_IsActiveFlag_PPRE2
                0x0800e41a       0x24 ./Drivers/STM32WBxx_HAL_Driver/Src/stm32wbxx_hal_rcc.o
 *fill*         0x0800e43e        0x2 
 .text.HAL_RCC_OscConfig
                0x0800e440      0x6e8 ./Drivers/STM32WBxx_HAL_Driver/Src/stm32wbxx_hal_rcc.o
                0x0800e440                HAL_RCC_OscConfig
 .text.HAL_RCC_ClockConfig
                0x0800eb28      0x280 ./Drivers/STM32WBxx_HAL_Driver/Src/stm32wbxx_hal_rcc.o
                0x0800eb28                HAL_RCC_ClockConfig
 .text.HAL_RCC_GetSysClockFreq
                0x0800eda8       0xd8 ./Drivers/STM32WBxx_HAL_Driver/Src/stm32wbxx_hal_rcc.o
                0x0800eda8                HAL_RCC_GetSysClockFreq
 .text.HAL_RCC_GetHCLKFreq
                0x0800ee80       0x28 ./Drivers/STM32WBxx_HAL_Driver/Src/stm32wbxx_hal_rcc.o
                0x0800ee80                HAL_RCC_GetHCLKFreq
 .text.HAL_RCC_GetPCLK1Freq
                0x0800eea8       0x2c ./Drivers/STM32WBxx_HAL_Driver/Src/stm32wbxx_hal_rcc.o
                0x0800eea8                HAL_RCC_GetPCLK1Freq
 .text.HAL_RCC_GetPCLK2Freq
                0x0800eed4       0x2c ./Drivers/STM32WBxx_HAL_Driver/Src/stm32wbxx_hal_rcc.o
                0x0800eed4                HAL_RCC_GetPCLK2Freq
 .text.RCC_SetFlashLatencyFromMSIRange
                0x0800ef00       0x70 ./Drivers/STM32WBxx_HAL_Driver/Src/stm32wbxx_hal_rcc.o
 .text.RCC_SetFlashLatency
                0x0800ef70       0xf8 ./Drivers/STM32WBxx_HAL_Driver/Src/stm32wbxx_hal_rcc.o
 .text.LL_RCC_LSE_IsEnabled
                0x0800f068       0x24 ./Drivers/STM32WBxx_HAL_Driver/Src/stm32wbxx_hal_rcc_ex.o
 .text.LL_RCC_LSE_IsReady
                0x0800f08c       0x24 ./Drivers/STM32WBxx_HAL_Driver/Src/stm32wbxx_hal_rcc_ex.o
 .text.LL_RCC_SetRFWKPClockSource
                0x0800f0b0       0x2c ./Drivers/STM32WBxx_HAL_Driver/Src/stm32wbxx_hal_rcc_ex.o
 .text.LL_RCC_SetSMPSClockSource
                0x0800f0dc       0x28 ./Drivers/STM32WBxx_HAL_Driver/Src/stm32wbxx_hal_rcc_ex.o
 .text.LL_RCC_SetSMPSPrescaler
                0x0800f104       0x28 ./Drivers/STM32WBxx_HAL_Driver/Src/stm32wbxx_hal_rcc_ex.o
 .text.LL_RCC_SetUSARTClockSource
                0x0800f12c       0x2c ./Drivers/STM32WBxx_HAL_Driver/Src/stm32wbxx_hal_rcc_ex.o
 .text.LL_RCC_SetLPUARTClockSource
                0x0800f158       0x2c ./Drivers/STM32WBxx_HAL_Driver/Src/stm32wbxx_hal_rcc_ex.o
 .text.LL_RCC_SetI2CClockSource
                0x0800f184       0x3a ./Drivers/STM32WBxx_HAL_Driver/Src/stm32wbxx_hal_rcc_ex.o
 .text.LL_RCC_SetLPTIMClockSource
                0x0800f1be       0x34 ./Drivers/STM32WBxx_HAL_Driver/Src/stm32wbxx_hal_rcc_ex.o
 .text.LL_RCC_SetSAIClockSource
                0x0800f1f2       0x2c ./Drivers/STM32WBxx_HAL_Driver/Src/stm32wbxx_hal_rcc_ex.o
 .text.LL_RCC_SetRNGClockSource
                0x0800f21e       0x2c ./Drivers/STM32WBxx_HAL_Driver/Src/stm32wbxx_hal_rcc_ex.o
 .text.LL_RCC_SetCLK48ClockSource
                0x0800f24a       0x2c ./Drivers/STM32WBxx_HAL_Driver/Src/stm32wbxx_hal_rcc_ex.o
 .text.LL_RCC_SetUSBClockSource
                0x0800f276       0x16 ./Drivers/STM32WBxx_HAL_Driver/Src/stm32wbxx_hal_rcc_ex.o
 .text.LL_RCC_SetADCClockSource
                0x0800f28c       0x2c ./Drivers/STM32WBxx_HAL_Driver/Src/stm32wbxx_hal_rcc_ex.o
 .text.LL_RCC_SetRTCClockSource
                0x0800f2b8       0x2c ./Drivers/STM32WBxx_HAL_Driver/Src/stm32wbxx_hal_rcc_ex.o
 .text.LL_RCC_GetRTCClockSource
                0x0800f2e4       0x1a ./Drivers/STM32WBxx_HAL_Driver/Src/stm32wbxx_hal_rcc_ex.o
 .text.LL_RCC_ForceBackupDomainReset
                0x0800f2fe       0x22 ./Drivers/STM32WBxx_HAL_Driver/Src/stm32wbxx_hal_rcc_ex.o
 .text.LL_RCC_ReleaseBackupDomainReset
                0x0800f320       0x22 ./Drivers/STM32WBxx_HAL_Driver/Src/stm32wbxx_hal_rcc_ex.o
 .text.LL_RCC_PLLSAI1_Enable
                0x0800f342       0x1e ./Drivers/STM32WBxx_HAL_Driver/Src/stm32wbxx_hal_rcc_ex.o
 .text.LL_RCC_PLLSAI1_Disable
                0x0800f360       0x1e ./Drivers/STM32WBxx_HAL_Driver/Src/stm32wbxx_hal_rcc_ex.o
 .text.LL_RCC_PLLSAI1_IsReady
                0x0800f37e       0x24 ./Drivers/STM32WBxx_HAL_Driver/Src/stm32wbxx_hal_rcc_ex.o
 .text.HAL_RCCEx_PeriphCLKConfig
                0x0800f3a2      0x2ec ./Drivers/STM32WBxx_HAL_Driver/Src/stm32wbxx_hal_rcc_ex.o
                0x0800f3a2                HAL_RCCEx_PeriphCLKConfig
 .text.RCCEx_PLLSAI1_ConfigNP
                0x0800f68e       0xb6 ./Drivers/STM32WBxx_HAL_Driver/Src/stm32wbxx_hal_rcc_ex.o
 .text.RCCEx_PLLSAI1_ConfigNQ
                0x0800f744       0xb6 ./Drivers/STM32WBxx_HAL_Driver/Src/stm32wbxx_hal_rcc_ex.o
 .text.RCCEx_PLLSAI1_ConfigNR
                0x0800f7fa       0xb6 ./Drivers/STM32WBxx_HAL_Driver/Src/stm32wbxx_hal_rcc_ex.o
 .text.HAL_RTC_Init
                0x0800f8b0      0x114 ./Drivers/STM32WBxx_HAL_Driver/Src/stm32wbxx_hal_rtc.o
                0x0800f8b0                HAL_RTC_Init
 .text.HAL_RTC_WaitForSynchro
                0x0800f9c4       0x4c ./Drivers/STM32WBxx_HAL_Driver/Src/stm32wbxx_hal_rtc.o
                0x0800f9c4                HAL_RTC_WaitForSynchro
 .text.RTC_EnterInitMode
                0x0800fa10       0x70 ./Drivers/STM32WBxx_HAL_Driver/Src/stm32wbxx_hal_rtc.o
                0x0800fa10                RTC_EnterInitMode
 .text.RTC_ExitInitMode
                0x0800fa80       0x4c ./Drivers/STM32WBxx_HAL_Driver/Src/stm32wbxx_hal_rtc.o
                0x0800fa80                RTC_ExitInitMode
 .text.HAL_RTCEx_SetWakeUpTimer_IT
                0x0800facc      0x198 ./Drivers/STM32WBxx_HAL_Driver/Src/stm32wbxx_hal_rtc_ex.o
                0x0800facc                HAL_RTCEx_SetWakeUpTimer_IT
 .text.HAL_RTCEx_DeactivateWakeUpTimer
                0x0800fc64       0xbe ./Drivers/STM32WBxx_HAL_Driver/Src/stm32wbxx_hal_rtc_ex.o
                0x0800fc64                HAL_RTCEx_DeactivateWakeUpTimer
 *fill*         0x0800fd22        0x2 
 .text.HAL_RTCEx_WakeUpTimerIRQHandler
                0x0800fd24       0x4c ./Drivers/STM32WBxx_HAL_Driver/Src/stm32wbxx_hal_rtc_ex.o
                0x0800fd24                HAL_RTCEx_WakeUpTimerIRQHandler
 .text.HAL_RTCEx_WakeUpTimerEventCallback
                0x0800fd70       0x14 ./Drivers/STM32WBxx_HAL_Driver/Src/stm32wbxx_hal_rtc_ex.o
                0x0800fd70                HAL_RTCEx_WakeUpTimerEventCallback
 .text.HAL_SPI_Init
                0x0800fd84      0x146 ./Drivers/STM32WBxx_HAL_Driver/Src/stm32wbxx_hal_spi.o
                0x0800fd84                HAL_SPI_Init
 .text.HAL_SPI_Transmit
                0x0800feca      0x2ec ./Drivers/STM32WBxx_HAL_Driver/Src/stm32wbxx_hal_spi.o
                0x0800feca                HAL_SPI_Transmit
 *fill*         0x080101b6        0x2 
 .text.HAL_SPI_IRQHandler
                0x080101b8      0x200 ./Drivers/STM32WBxx_HAL_Driver/Src/stm32wbxx_hal_spi.o
                0x080101b8                HAL_SPI_IRQHandler
 .text.HAL_SPI_ErrorCallback
                0x080103b8       0x14 ./Drivers/STM32WBxx_HAL_Driver/Src/stm32wbxx_hal_spi.o
                0x080103b8                HAL_SPI_ErrorCallback
 .text.SPI_DMAAbortOnError
                0x080103cc       0x2a ./Drivers/STM32WBxx_HAL_Driver/Src/stm32wbxx_hal_spi.o
 *fill*         0x080103f6        0x2 
 .text.SPI_WaitFlagStateUntilTimeout
                0x080103f8      0x110 ./Drivers/STM32WBxx_HAL_Driver/Src/stm32wbxx_hal_spi.o
 .text.SPI_WaitFifoStateUntilTimeout
                0x08010508      0x12c ./Drivers/STM32WBxx_HAL_Driver/Src/stm32wbxx_hal_spi.o
 .text.SPI_EndRxTxTransaction
                0x08010634       0x8c ./Drivers/STM32WBxx_HAL_Driver/Src/stm32wbxx_hal_spi.o
 .text.HAL_TIM_Base_Init
                0x080106c0       0xae ./Drivers/STM32WBxx_HAL_Driver/Src/stm32wbxx_hal_tim.o
                0x080106c0                HAL_TIM_Base_Init
 .text.HAL_TIM_Base_DeInit
                0x0801076e       0xba ./Drivers/STM32WBxx_HAL_Driver/Src/stm32wbxx_hal_tim.o
                0x0801076e                HAL_TIM_Base_DeInit
 .text.HAL_TIM_Base_Start_IT
                0x08010828       0x9c ./Drivers/STM32WBxx_HAL_Driver/Src/stm32wbxx_hal_tim.o
                0x08010828                HAL_TIM_Base_Start_IT
 .text.HAL_TIM_Base_Stop_IT
                0x080108c4       0x60 ./Drivers/STM32WBxx_HAL_Driver/Src/stm32wbxx_hal_tim.o
                0x080108c4                HAL_TIM_Base_Stop_IT
 .text.HAL_TIM_IRQHandler
                0x08010924      0x20e ./Drivers/STM32WBxx_HAL_Driver/Src/stm32wbxx_hal_tim.o
                0x08010924                HAL_TIM_IRQHandler
 .text.HAL_TIM_ConfigClockSource
                0x08010b32      0x192 ./Drivers/STM32WBxx_HAL_Driver/Src/stm32wbxx_hal_tim.o
                0x08010b32                HAL_TIM_ConfigClockSource
 .text.HAL_TIM_OC_DelayElapsedCallback
                0x08010cc4       0x14 ./Drivers/STM32WBxx_HAL_Driver/Src/stm32wbxx_hal_tim.o
                0x08010cc4                HAL_TIM_OC_DelayElapsedCallback
 .text.HAL_TIM_IC_CaptureCallback
                0x08010cd8       0x14 ./Drivers/STM32WBxx_HAL_Driver/Src/stm32wbxx_hal_tim.o
                0x08010cd8                HAL_TIM_IC_CaptureCallback
 .text.HAL_TIM_PWM_PulseFinishedCallback
                0x08010cec       0x14 ./Drivers/STM32WBxx_HAL_Driver/Src/stm32wbxx_hal_tim.o
                0x08010cec                HAL_TIM_PWM_PulseFinishedCallback
 .text.HAL_TIM_TriggerCallback
                0x08010d00       0x14 ./Drivers/STM32WBxx_HAL_Driver/Src/stm32wbxx_hal_tim.o
                0x08010d00                HAL_TIM_TriggerCallback
 .text.TIM_Base_SetConfig
                0x08010d14       0xd4 ./Drivers/STM32WBxx_HAL_Driver/Src/stm32wbxx_hal_tim.o
                0x08010d14                TIM_Base_SetConfig
 .text.TIM_TI1_ConfigInputStage
                0x08010de8       0x5e ./Drivers/STM32WBxx_HAL_Driver/Src/stm32wbxx_hal_tim.o
 .text.TIM_TI2_ConfigInputStage
                0x08010e46       0x60 ./Drivers/STM32WBxx_HAL_Driver/Src/stm32wbxx_hal_tim.o
 .text.TIM_ITRx_SetConfig
                0x08010ea6       0x3a ./Drivers/STM32WBxx_HAL_Driver/Src/stm32wbxx_hal_tim.o
 .text.TIM_ETR_SetConfig
                0x08010ee0       0x40 ./Drivers/STM32WBxx_HAL_Driver/Src/stm32wbxx_hal_tim.o
                0x08010ee0                TIM_ETR_SetConfig
 .text.HAL_TIMEx_MasterConfigSynchronization
                0x08010f20       0xc0 ./Drivers/STM32WBxx_HAL_Driver/Src/stm32wbxx_hal_tim_ex.o
                0x08010f20                HAL_TIMEx_MasterConfigSynchronization
 .text.HAL_TIMEx_CommutCallback
                0x08010fe0       0x14 ./Drivers/STM32WBxx_HAL_Driver/Src/stm32wbxx_hal_tim_ex.o
                0x08010fe0                HAL_TIMEx_CommutCallback
 .text.HAL_TIMEx_BreakCallback
                0x08010ff4       0x14 ./Drivers/STM32WBxx_HAL_Driver/Src/stm32wbxx_hal_tim_ex.o
                0x08010ff4                HAL_TIMEx_BreakCallback
 .text.HAL_TIMEx_Break2Callback
                0x08011008       0x14 ./Drivers/STM32WBxx_HAL_Driver/Src/stm32wbxx_hal_tim_ex.o
                0x08011008                HAL_TIMEx_Break2Callback
 .text.LL_RCC_GetUSARTClockSource
                0x0801101c       0x20 ./Drivers/STM32WBxx_HAL_Driver/Src/stm32wbxx_hal_uart.o
 .text.LL_RCC_GetLPUARTClockSource
                0x0801103c       0x20 ./Drivers/STM32WBxx_HAL_Driver/Src/stm32wbxx_hal_uart.o
 .text.HAL_UART_Init
                0x0801105c       0xa0 ./Drivers/STM32WBxx_HAL_Driver/Src/stm32wbxx_hal_uart.o
                0x0801105c                HAL_UART_Init
 .text.HAL_UART_DeInit
                0x080110fc       0x7e ./Drivers/STM32WBxx_HAL_Driver/Src/stm32wbxx_hal_uart.o
                0x080110fc                HAL_UART_DeInit
 *fill*         0x0801117a        0x2 
 .text.HAL_UART_IRQHandler
                0x0801117c      0x684 ./Drivers/STM32WBxx_HAL_Driver/Src/stm32wbxx_hal_uart.o
                0x0801117c                HAL_UART_IRQHandler
 .text.HAL_UART_TxCpltCallback
                0x08011800       0x14 ./Drivers/STM32WBxx_HAL_Driver/Src/stm32wbxx_hal_uart.o
                0x08011800                HAL_UART_TxCpltCallback
 .text.HAL_UART_ErrorCallback
                0x08011814       0x14 ./Drivers/STM32WBxx_HAL_Driver/Src/stm32wbxx_hal_uart.o
                0x08011814                HAL_UART_ErrorCallback
 .text.HAL_UARTEx_RxEventCallback
                0x08011828       0x18 ./Drivers/STM32WBxx_HAL_Driver/Src/stm32wbxx_hal_uart.o
                0x08011828                HAL_UARTEx_RxEventCallback
 .text.UART_SetConfig
                0x08011840      0x450 ./Drivers/STM32WBxx_HAL_Driver/Src/stm32wbxx_hal_uart.o
                0x08011840                UART_SetConfig
 .text.UART_AdvFeatureConfig
                0x08011c90      0x144 ./Drivers/STM32WBxx_HAL_Driver/Src/stm32wbxx_hal_uart.o
                0x08011c90                UART_AdvFeatureConfig
 .text.UART_CheckIdleState
                0x08011dd4      0x154 ./Drivers/STM32WBxx_HAL_Driver/Src/stm32wbxx_hal_uart.o
                0x08011dd4                UART_CheckIdleState
 .text.UART_WaitOnFlagUntilTimeout
                0x08011f28       0xda ./Drivers/STM32WBxx_HAL_Driver/Src/stm32wbxx_hal_uart.o
                0x08011f28                UART_WaitOnFlagUntilTimeout
 .text.UART_EndRxTransfer
                0x08012002       0xcc ./Drivers/STM32WBxx_HAL_Driver/Src/stm32wbxx_hal_uart.o
 .text.UART_DMAAbortOnError
                0x080120ce       0x24 ./Drivers/STM32WBxx_HAL_Driver/Src/stm32wbxx_hal_uart.o
 .text.UART_EndTransmit_IT
                0x080120f2       0x56 ./Drivers/STM32WBxx_HAL_Driver/Src/stm32wbxx_hal_uart.o
 .text.HAL_UARTEx_WakeupCallback
                0x08012148       0x14 ./Drivers/STM32WBxx_HAL_Driver/Src/stm32wbxx_hal_uart_ex.o
                0x08012148                HAL_UARTEx_WakeupCallback
 .text.HAL_UARTEx_RxFifoFullCallback
                0x0801215c       0x14 ./Drivers/STM32WBxx_HAL_Driver/Src/stm32wbxx_hal_uart_ex.o
                0x0801215c                HAL_UARTEx_RxFifoFullCallback
 .text.HAL_UARTEx_TxFifoEmptyCallback
                0x08012170       0x14 ./Drivers/STM32WBxx_HAL_Driver/Src/stm32wbxx_hal_uart_ex.o
                0x08012170                HAL_UARTEx_TxFifoEmptyCallback
 .text.HAL_UARTEx_DisableFifoMode
                0x08012184       0x72 ./Drivers/STM32WBxx_HAL_Driver/Src/stm32wbxx_hal_uart_ex.o
                0x08012184                HAL_UARTEx_DisableFifoMode
 .text.HAL_UARTEx_SetTxFifoThreshold
                0x080121f6       0x7c ./Drivers/STM32WBxx_HAL_Driver/Src/stm32wbxx_hal_uart_ex.o
                0x080121f6                HAL_UARTEx_SetTxFifoThreshold
 .text.HAL_UARTEx_SetRxFifoThreshold
                0x08012272       0x7c ./Drivers/STM32WBxx_HAL_Driver/Src/stm32wbxx_hal_uart_ex.o
                0x08012272                HAL_UARTEx_SetRxFifoThreshold
 *fill*         0x080122ee        0x2 
 .text.UARTEx_SetNbDataToProcess
                0x080122f0       0x9c ./Drivers/STM32WBxx_HAL_Driver/Src/stm32wbxx_hal_uart_ex.o
 .text._Z14i2c_mux_selectP7i2c_muxi
                0x0801238c       0x28 ./Drivers/TCA9548_Driver/src/TCA9548.o
                0x0801238c                i2c_mux_select(i2c_mux*, int)
 .text._Z20i2c_mux_select_multiP7i2c_muxh
                0x080123b4       0x80 ./Drivers/TCA9548_Driver/src/TCA9548.o
                0x080123b4                i2c_mux_select_multi(i2c_mux*, unsigned char)
 .text.roundf   0x08012434       0x48 /Applications/STM32CubeIDE.app/Contents/Eclipse/plugins/com.st.stm32cube.ide.mcu.externaltools.gnu-tools-for-stm32.13.3.rel1.macos64_1.0.0.202411102158/tools/bin/../lib/gcc/arm-none-eabi/13.3.1/../../../../arm-none-eabi/lib/thumb/v7e-m+fp/hard/libm.a(libm_a-sf_round.o)
                0x08012434                roundf
 .text.__cvt    0x0801247c       0xca /Applications/STM32CubeIDE.app/Contents/Eclipse/plugins/com.st.stm32cube.ide.mcu.externaltools.gnu-tools-for-stm32.13.3.rel1.macos64_1.0.0.202411102158/tools/bin/../lib/gcc/arm-none-eabi/13.3.1/../../../../arm-none-eabi/lib/thumb/v7e-m+fp/hard/libc_nano.a(libc_a-nano-vfprintf_float.o)
                0x0801247c                __cvt
 .text.__exponent
                0x08012546       0x74 /Applications/STM32CubeIDE.app/Contents/Eclipse/plugins/com.st.stm32cube.ide.mcu.externaltools.gnu-tools-for-stm32.13.3.rel1.macos64_1.0.0.202411102158/tools/bin/../lib/gcc/arm-none-eabi/13.3.1/../../../../arm-none-eabi/lib/thumb/v7e-m+fp/hard/libc_nano.a(libc_a-nano-vfprintf_float.o)
                0x08012546                __exponent
 *fill*         0x080125ba        0x2 
 .text._printf_float
                0x080125bc      0x454 /Applications/STM32CubeIDE.app/Contents/Eclipse/plugins/com.st.stm32cube.ide.mcu.externaltools.gnu-tools-for-stm32.13.3.rel1.macos64_1.0.0.202411102158/tools/bin/../lib/gcc/arm-none-eabi/13.3.1/../../../../arm-none-eabi/lib/thumb/v7e-m+fp/hard/libc_nano.a(libc_a-nano-vfprintf_float.o)
                0x080125bc                _printf_float
 .text._printf_common
                0x08012a10       0xda /Applications/STM32CubeIDE.app/Contents/Eclipse/plugins/com.st.stm32cube.ide.mcu.externaltools.gnu-tools-for-stm32.13.3.rel1.macos64_1.0.0.202411102158/tools/bin/../lib/gcc/arm-none-eabi/13.3.1/../../../../arm-none-eabi/lib/thumb/v7e-m+fp/hard/libc_nano.a(libc_a-nano-vfprintf_i.o)
                0x08012a10                _printf_common
 *fill*         0x08012aea        0x2 
 .text._printf_i
                0x08012aec      0x23c /Applications/STM32CubeIDE.app/Contents/Eclipse/plugins/com.st.stm32cube.ide.mcu.externaltools.gnu-tools-for-stm32.13.3.rel1.macos64_1.0.0.202411102158/tools/bin/../lib/gcc/arm-none-eabi/13.3.1/../../../../arm-none-eabi/lib/thumb/v7e-m+fp/hard/libc_nano.a(libc_a-nano-vfprintf_i.o)
                0x08012aec                _printf_i
 .text.snprintf
                0x08012d28       0x6c /Applications/STM32CubeIDE.app/Contents/Eclipse/plugins/com.st.stm32cube.ide.mcu.externaltools.gnu-tools-for-stm32.13.3.rel1.macos64_1.0.0.202411102158/tools/bin/../lib/gcc/arm-none-eabi/13.3.1/../../../../arm-none-eabi/lib/thumb/v7e-m+fp/hard/libc_nano.a(libc_a-snprintf.o)
                0x08012d28                snprintf
                0x08012d28                sniprintf
 .text.std      0x08012d94       0x6c /Applications/STM32CubeIDE.app/Contents/Eclipse/plugins/com.st.stm32cube.ide.mcu.externaltools.gnu-tools-for-stm32.13.3.rel1.macos64_1.0.0.202411102158/tools/bin/../lib/gcc/arm-none-eabi/13.3.1/../../../../arm-none-eabi/lib/thumb/v7e-m+fp/hard/libc_nano.a(libc_a-findfp.o)
 .text.stdio_exit_handler
                0x08012e00       0x18 /Applications/STM32CubeIDE.app/Contents/Eclipse/plugins/com.st.stm32cube.ide.mcu.externaltools.gnu-tools-for-stm32.13.3.rel1.macos64_1.0.0.202411102158/tools/bin/../lib/gcc/arm-none-eabi/13.3.1/../../../../arm-none-eabi/lib/thumb/v7e-m+fp/hard/libc_nano.a(libc_a-findfp.o)
 .text.cleanup_stdio
                0x08012e18       0x40 /Applications/STM32CubeIDE.app/Contents/Eclipse/plugins/com.st.stm32cube.ide.mcu.externaltools.gnu-tools-for-stm32.13.3.rel1.macos64_1.0.0.202411102158/tools/bin/../lib/gcc/arm-none-eabi/13.3.1/../../../../arm-none-eabi/lib/thumb/v7e-m+fp/hard/libc_nano.a(libc_a-findfp.o)
 .text.global_stdio_init.part.0
                0x08012e58       0x3c /Applications/STM32CubeIDE.app/Contents/Eclipse/plugins/com.st.stm32cube.ide.mcu.externaltools.gnu-tools-for-stm32.13.3.rel1.macos64_1.0.0.202411102158/tools/bin/../lib/gcc/arm-none-eabi/13.3.1/../../../../arm-none-eabi/lib/thumb/v7e-m+fp/hard/libc_nano.a(libc_a-findfp.o)
 .text.__sfp_lock_acquire
                0x08012e94        0xc /Applications/STM32CubeIDE.app/Contents/Eclipse/plugins/com.st.stm32cube.ide.mcu.externaltools.gnu-tools-for-stm32.13.3.rel1.macos64_1.0.0.202411102158/tools/bin/../lib/gcc/arm-none-eabi/13.3.1/../../../../arm-none-eabi/lib/thumb/v7e-m+fp/hard/libc_nano.a(libc_a-findfp.o)
                0x08012e94                __sfp_lock_acquire
 .text.__sfp_lock_release