../Drivers/DRV8214_Driver/src/drv8214.cpp:12:6:void DRV8214::init(const DRV8214_Config&)	32	static
../Drivers/DRV8214_Driver/src/drv8214.cpp:42:9:uint8_t DRV8214::getDriverAdress()	16	static
../Drivers/DRV8214_Driver/src/drv8214.cpp:46:9:uint8_t DRV8214::getDriverID()	16	static
../Drivers/DRV8214_Driver/src/drv8214.cpp:50:9:uint8_t DRV8214::getSenseResistor()	16	static
../Drivers/DRV8214_Driver/src/drv8214.cpp:54:9:uint8_t DRV8214::getRipplesPerRevolution()	16	static
../Drivers/DRV8214_Driver/src/drv8214.cpp:58:9:uint8_t DRV8214::getFaultStatus()	16	static
../Drivers/DRV8214_Driver/src/drv8214.cpp:62:10:uint32_t DRV8214::getMotorSpeedRPM()	24	static
../Drivers/DRV8214_Driver/src/drv8214.cpp:66:10:uint16_t DRV8214::getMotorSpeedRAD()	16	static
../Drivers/DRV8214_Driver/src/drv8214.cpp:70:10:uint16_t DRV8214::getMotorSpeedShaftRPM()	16	static
../Drivers/DRV8214_Driver/src/drv8214.cpp:74:10:uint16_t DRV8214::getMotorSpeedShaftRAD()	16	static
../Drivers/DRV8214_Driver/src/drv8214.cpp:78:9:uint8_t DRV8214::getMotorSpeedRegister()	16	static
../Drivers/DRV8214_Driver/src/drv8214.cpp:82:10:uint16_t DRV8214::getRippleCount()	24	static
../Drivers/DRV8214_Driver/src/drv8214.cpp:86:7:float DRV8214::getMotorVoltage()	32	static
../Drivers/DRV8214_Driver/src/drv8214.cpp:106:9:uint8_t DRV8214::getMotorVoltageRegister()	16	static
../Drivers/DRV8214_Driver/src/drv8214.cpp:110:7:float DRV8214::getMotorCurrent()	24	static
../Drivers/DRV8214_Driver/src/drv8214.cpp:116:9:uint8_t DRV8214::getMotorCurrentRegister()	16	static
../Drivers/DRV8214_Driver/src/drv8214.cpp:120:9:uint8_t DRV8214::getDutyCycle()	24	static
../Drivers/DRV8214_Driver/src/drv8214.cpp:125:9:uint8_t DRV8214::getCONFIG0()	16	static
../Drivers/DRV8214_Driver/src/drv8214.cpp:129:10:uint16_t DRV8214::getInrushDuration()	24	static
../Drivers/DRV8214_Driver/src/drv8214.cpp:133:9:uint8_t DRV8214::getCONFIG3()	16	static
../Drivers/DRV8214_Driver/src/drv8214.cpp:137:9:uint8_t DRV8214::getCONFIG4()	16	static
../Drivers/DRV8214_Driver/src/drv8214.cpp:141:9:uint8_t DRV8214::getREG_CTRL0()	16	static
../Drivers/DRV8214_Driver/src/drv8214.cpp:145:9:uint8_t DRV8214::getREG_CTRL1()	16	static
../Drivers/DRV8214_Driver/src/drv8214.cpp:149:9:uint8_t DRV8214::getREG_CTRL2()	16	static
../Drivers/DRV8214_Driver/src/drv8214.cpp:153:9:uint8_t DRV8214::getRC_CTRL0()	16	static
../Drivers/DRV8214_Driver/src/drv8214.cpp:157:9:uint8_t DRV8214::getRC_CTRL1()	16	static
../Drivers/DRV8214_Driver/src/drv8214.cpp:161:9:uint8_t DRV8214::getRC_CTRL2()	16	static
../Drivers/DRV8214_Driver/src/drv8214.cpp:165:10:uint16_t DRV8214::getRippleThreshold()	24	static
../Drivers/DRV8214_Driver/src/drv8214.cpp:175:10:uint16_t DRV8214::getRippleThresholdScaled()	16	static
../Drivers/DRV8214_Driver/src/drv8214.cpp:184:10:uint16_t DRV8214::getRippleThresholdScale()	16	static
../Drivers/DRV8214_Driver/src/drv8214.cpp:189:9:uint8_t DRV8214::getKMC()	16	static
../Drivers/DRV8214_Driver/src/drv8214.cpp:193:9:uint8_t DRV8214::getKMCScale()	16	static
../Drivers/DRV8214_Driver/src/drv8214.cpp:197:9:uint8_t DRV8214::getFilterDamping()	16	static
../Drivers/DRV8214_Driver/src/drv8214.cpp:201:9:uint8_t DRV8214::getRC_CTRL6()	16	static
../Drivers/DRV8214_Driver/src/drv8214.cpp:205:9:uint8_t DRV8214::getRC_CTRL7()	16	static
../Drivers/DRV8214_Driver/src/drv8214.cpp:209:9:uint8_t DRV8214::getRC_CTRL8()	16	static
../Drivers/DRV8214_Driver/src/drv8214.cpp:214:6:void DRV8214::enableHbridge()	16	static
../Drivers/DRV8214_Driver/src/drv8214.cpp:218:6:void DRV8214::disableHbridge()	16	static
../Drivers/DRV8214_Driver/src/drv8214.cpp:222:6:void DRV8214::setStallDetection(bool)	16	static
../Drivers/DRV8214_Driver/src/drv8214.cpp:227:6:void DRV8214::setVoltageRange(bool)	16	static
../Drivers/DRV8214_Driver/src/drv8214.cpp:232:6:void DRV8214::setOvervoltageProtection(bool)	16	static
../Drivers/DRV8214_Driver/src/drv8214.cpp:237:6:void DRV8214::resetRippleCounter()	16	static
../Drivers/DRV8214_Driver/src/drv8214.cpp:241:6:void DRV8214::resetFaultFlags()	16	static
../Drivers/DRV8214_Driver/src/drv8214.cpp:247:6:void DRV8214::enableDutyCycleControl()	16	static
../Drivers/DRV8214_Driver/src/drv8214.cpp:251:6:void DRV8214::disableDutyCycleControl()	16	static
../Drivers/DRV8214_Driver/src/drv8214.cpp:255:6:void DRV8214::setInrushDuration(uint16_t)	16	static
../Drivers/DRV8214_Driver/src/drv8214.cpp:260:6:void DRV8214::setCurrentRegMode(uint8_t)	16	static
../Drivers/DRV8214_Driver/src/drv8214.cpp:286:6:void DRV8214::setStallBehavior(bool)	16	static
../Drivers/DRV8214_Driver/src/drv8214.cpp:294:6:void DRV8214::setInternalVoltageReference(float)	16	static
../Drivers/DRV8214_Driver/src/drv8214.cpp:306:6:void DRV8214::configureConfig3(uint8_t)	16	static
../Drivers/DRV8214_Driver/src/drv8214.cpp:310:6:void DRV8214::setI2CControl(bool)	16	static
../Drivers/DRV8214_Driver/src/drv8214.cpp:315:6:void DRV8214::enablePWMControl()	16	static
../Drivers/DRV8214_Driver/src/drv8214.cpp:319:6:void DRV8214::enablePHENControl()	16	static
../Drivers/DRV8214_Driver/src/drv8214.cpp:323:6:void DRV8214::enableStallInterrupt()	16	static
../Drivers/DRV8214_Driver/src/drv8214.cpp:327:6:void DRV8214::disableStallInterrupt()	16	static
../Drivers/DRV8214_Driver/src/drv8214.cpp:331:6:void DRV8214::enableCountThresholdInterrupt()	16	static
../Drivers/DRV8214_Driver/src/drv8214.cpp:335:6:void DRV8214::disableCountThresholdInterrupt()	16	static
../Drivers/DRV8214_Driver/src/drv8214.cpp:339:6:void DRV8214::setBridgeBehaviorThresholdReached(bool)	16	static
../Drivers/DRV8214_Driver/src/drv8214.cpp:346:6:void DRV8214::setSoftStartStop(bool)	16	static
../Drivers/DRV8214_Driver/src/drv8214.cpp:350:6:void DRV8214::configureControl0(uint8_t)	16	static
../Drivers/DRV8214_Driver/src/drv8214.cpp:354:6:void DRV8214::setRegulationAndStallCurrent(float)	336	static
../Drivers/DRV8214_Driver/src/drv8214.cpp:411:6:void DRV8214::setRippleSpeed(uint16_t)	344	static
../Drivers/DRV8214_Driver/src/drv8214.cpp:462:6:void DRV8214::setVoltageSpeed(float)	40	static
../Drivers/DRV8214_Driver/src/drv8214.cpp:483:6:void DRV8214::configureControl2(uint8_t)	16	static
../Drivers/DRV8214_Driver/src/drv8214.cpp:487:6:void DRV8214::enableRippleCount(bool)	16	static
../Drivers/DRV8214_Driver/src/drv8214.cpp:491:6:void DRV8214::enableErrorCorrection(bool)	16	static
../Drivers/DRV8214_Driver/src/drv8214.cpp:495:6:void DRV8214::configureRippleCount0(uint8_t)	16	static
../Drivers/DRV8214_Driver/src/drv8214.cpp:499:6:void DRV8214::setRippleCountThreshold(uint16_t)	336	static
../Drivers/DRV8214_Driver/src/drv8214.cpp:552:6:void DRV8214::setRippleThresholdScale(uint8_t)	16	static
../Drivers/DRV8214_Driver/src/drv8214.cpp:558:6:void DRV8214::setKMCScale(uint8_t)	16	static
../Drivers/DRV8214_Driver/src/drv8214.cpp:563:6:void DRV8214::setMotorInverseResistance(uint8_t)	16	static
../Drivers/DRV8214_Driver/src/drv8214.cpp:567:6:void DRV8214::setMotorInverseResistanceScale(uint8_t)	16	static
../Drivers/DRV8214_Driver/src/drv8214.cpp:572:6:void DRV8214::setResistanceRelatedParameters()	48	static
../Drivers/DRV8214_Driver/src/drv8214.cpp:608:6:void DRV8214::setKMC(uint8_t)	16	static
../Drivers/DRV8214_Driver/src/drv8214.cpp:612:6:void DRV8214::setFilterDamping(uint8_t)	16	static
../Drivers/DRV8214_Driver/src/drv8214.cpp:616:6:void DRV8214::configureRippleCount6(uint8_t)	16	static
../Drivers/DRV8214_Driver/src/drv8214.cpp:620:6:void DRV8214::configureRippleCount7(uint8_t)	16	static
../Drivers/DRV8214_Driver/src/drv8214.cpp:624:6:void DRV8214::configureRippleCount8(uint8_t)	16	static
../Drivers/DRV8214_Driver/src/drv8214.cpp:629:6:void DRV8214::setControlMode(ControlMode, bool)	16	static
../Drivers/DRV8214_Driver/src/drv8214.cpp:642:6:void DRV8214::setRegulationMode(RegulationMode)	24	static
../Drivers/DRV8214_Driver/src/drv8214.cpp:663:6:void DRV8214::turnForward(uint16_t, float, float)	24	static
../Drivers/DRV8214_Driver/src/drv8214.cpp:693:6:void DRV8214::turnReverse(uint16_t, float, float)	24	static
../Drivers/DRV8214_Driver/src/drv8214.cpp:722:6:void DRV8214::brakeMotor(bool)	16	static
../Drivers/DRV8214_Driver/src/drv8214.cpp:738:6:void DRV8214::coastMotor()	16	static
../Drivers/DRV8214_Driver/src/drv8214.cpp:753:6:void DRV8214::turnXRipples(uint16_t, bool, bool, uint16_t, float, float)	24	static
../Drivers/DRV8214_Driver/src/drv8214.cpp:760:6:void DRV8214::turnXRevolutions(uint16_t, bool, bool, uint16_t, float, float)	40	static
../Drivers/DRV8214_Driver/src/drv8214.cpp:766:6:void DRV8214::printMotorConfig(bool)	296	static
../Drivers/DRV8214_Driver/src/drv8214.cpp:821:6:void DRV8214::drvPrint(const char*)	16	static
../Drivers/DRV8214_Driver/src/drv8214.cpp:835:6:void DRV8214::printFaultStatus()	280	static
