Archive member included to satisfy reference by file (symbol)

/Applications/STM32CubeIDE.app/Contents/Eclipse/plugins/com.st.stm32cube.ide.mcu.externaltools.gnu-tools-for-stm32.13.3.rel1.macos64_1.0.0.202411102158/tools/bin/../lib/gcc/arm-none-eabi/13.3.1/../../../../arm-none-eabi/lib/thumb/v7e-m+fp/hard/libm.a(libm_a-sf_round.o)
                              ./Drivers/DRV8214_Driver/src/drv8214.o (roundf)
/Applications/STM32CubeIDE.app/Contents/Eclipse/plugins/com.st.stm32cube.ide.mcu.externaltools.gnu-tools-for-stm32.13.3.rel1.macos64_1.0.0.202411102158/tools/bin/../lib/gcc/arm-none-eabi/13.3.1/../../../../arm-none-eabi/lib/thumb/v7e-m+fp/hard/libc_nano.a(libc_a-exit.o)
                              /Applications/STM32CubeIDE.app/Contents/Eclipse/plugins/com.st.stm32cube.ide.mcu.externaltools.gnu-tools-for-stm32.13.3.rel1.macos64_1.0.0.202411102158/tools/bin/../lib/gcc/arm-none-eabi/13.3.1/../../../../arm-none-eabi/lib/thumb/v7e-m+fp/hard/crt0.o (exit)
/Applications/STM32CubeIDE.app/Contents/Eclipse/plugins/com.st.stm32cube.ide.mcu.externaltools.gnu-tools-for-stm32.13.3.rel1.macos64_1.0.0.202411102158/tools/bin/../lib/gcc/arm-none-eabi/13.3.1/../../../../arm-none-eabi/lib/thumb/v7e-m+fp/hard/libc_nano.a(libc_a-nano-vfprintf_float.o)
                              (_printf_float)
/Applications/STM32CubeIDE.app/Contents/Eclipse/plugins/com.st.stm32cube.ide.mcu.externaltools.gnu-tools-for-stm32.13.3.rel1.macos64_1.0.0.202411102158/tools/bin/../lib/gcc/arm-none-eabi/13.3.1/../../../../arm-none-eabi/lib/thumb/v7e-m+fp/hard/libc_nano.a(libc_a-nano-vfprintf_i.o)
                              /Applications/STM32CubeIDE.app/Contents/Eclipse/plugins/com.st.stm32cube.ide.mcu.externaltools.gnu-tools-for-stm32.13.3.rel1.macos64_1.0.0.202411102158/tools/bin/../lib/gcc/arm-none-eabi/13.3.1/../../../../arm-none-eabi/lib/thumb/v7e-m+fp/hard/libc_nano.a(libc_a-nano-vfprintf_float.o) (_printf_common)
/Applications/STM32CubeIDE.app/Contents/Eclipse/plugins/com.st.stm32cube.ide.mcu.externaltools.gnu-tools-for-stm32.13.3.rel1.macos64_1.0.0.202411102158/tools/bin/../lib/gcc/arm-none-eabi/13.3.1/../../../../arm-none-eabi/lib/thumb/v7e-m+fp/hard/libc_nano.a(libc_a-snprintf.o)
                              ./Drivers/DRV8214_Driver/src/drv8214.o (snprintf)
/Applications/STM32CubeIDE.app/Contents/Eclipse/plugins/com.st.stm32cube.ide.mcu.externaltools.gnu-tools-for-stm32.13.3.rel1.macos64_1.0.0.202411102158/tools/bin/../lib/gcc/arm-none-eabi/13.3.1/../../../../arm-none-eabi/lib/thumb/v7e-m+fp/hard/libc_nano.a(libc_a-findfp.o)
                              /Applications/STM32CubeIDE.app/Contents/Eclipse/plugins/com.st.stm32cube.ide.mcu.externaltools.gnu-tools-for-stm32.13.3.rel1.macos64_1.0.0.202411102158/tools/bin/../lib/gcc/arm-none-eabi/13.3.1/../../../../arm-none-eabi/lib/thumb/v7e-m+fp/hard/libc_nano.a(libc_a-exit.o) (__stdio_exit_handler)
/Applications/STM32CubeIDE.app/Contents/Eclipse/plugins/com.st.stm32cube.ide.mcu.externaltools.gnu-tools-for-stm32.13.3.rel1.macos64_1.0.0.202411102158/tools/bin/../lib/gcc/arm-none-eabi/13.3.1/../../../../arm-none-eabi/lib/thumb/v7e-m+fp/hard/libc_nano.a(libc_a-fwalk.o)
                              /Applications/STM32CubeIDE.app/Contents/Eclipse/plugins/com.st.stm32cube.ide.mcu.externaltools.gnu-tools-for-stm32.13.3.rel1.macos64_1.0.0.202411102158/tools/bin/../lib/gcc/arm-none-eabi/13.3.1/../../../../arm-none-eabi/lib/thumb/v7e-m+fp/hard/libc_nano.a(libc_a-findfp.o) (_fwalk_sglue)
/Applications/STM32CubeIDE.app/Contents/Eclipse/plugins/com.st.stm32cube.ide.mcu.externaltools.gnu-tools-for-stm32.13.3.rel1.macos64_1.0.0.202411102158/tools/bin/../lib/gcc/arm-none-eabi/13.3.1/../../../../arm-none-eabi/lib/thumb/v7e-m+fp/hard/libc_nano.a(libc_a-printf.o)
                              ./Core/Src/main.o (printf)
/Applications/STM32CubeIDE.app/Contents/Eclipse/plugins/com.st.stm32cube.ide.mcu.externaltools.gnu-tools-for-stm32.13.3.rel1.macos64_1.0.0.202411102158/tools/bin/../lib/gcc/arm-none-eabi/13.3.1/../../../../arm-none-eabi/lib/thumb/v7e-m+fp/hard/libc_nano.a(libc_a-putchar.o)
                              ./Core/Src/main.o (putchar)
/Applications/STM32CubeIDE.app/Contents/Eclipse/plugins/com.st.stm32cube.ide.mcu.externaltools.gnu-tools-for-stm32.13.3.rel1.macos64_1.0.0.202411102158/tools/bin/../lib/gcc/arm-none-eabi/13.3.1/../../../../arm-none-eabi/lib/thumb/v7e-m+fp/hard/libc_nano.a(libc_a-puts.o)
                              ./Core/Src/main.o (puts)
/Applications/STM32CubeIDE.app/Contents/Eclipse/plugins/com.st.stm32cube.ide.mcu.externaltools.gnu-tools-for-stm32.13.3.rel1.macos64_1.0.0.202411102158/tools/bin/../lib/gcc/arm-none-eabi/13.3.1/../../../../arm-none-eabi/lib/thumb/v7e-m+fp/hard/libc_nano.a(libc_a-memset.o)
[...]
Memory Configuration

Name             Origin             Length             Attributes
FLASH            0x08000000         0x00080000         xr
RAM              0x20000008         0x0002fff8         xrw
RAM_SHARED       0x20030000         0x00002800         xrw
*default*        0x00000000         0xffffffff

Linker script and memory map

LOAD /Applications/STM32CubeIDE.app/Contents/Eclipse/plugins/com.st.stm32cube.ide.mcu.externaltools.gnu-tools-for-stm32.13.3.rel1.macos64_1.0.0.202411102158/tools/bin/../lib/gcc/arm-none-eabi/13.3.1/thumb/v7e-m+fp/hard/crti.o
LOAD /Applications/STM32CubeIDE.app/Contents/Eclipse/plugins/com.st.stm32cube.ide.mcu.externaltools.gnu-tools-for-stm32.13.3.rel1.macos64_1.0.0.202411102158/tools/bin/../lib/gcc/arm-none-eabi/13.3.1/thumb/v7e-m+fp/hard/crtbegin.o
LOAD /Applications/STM32CubeIDE.app/Contents/Eclipse/plugins/com.st.stm32cube.ide.mcu.externaltools.gnu-tools-for-stm32.13.3.rel1.macos64_1.0.0.202411102158/tools/bin/../lib/gcc/arm-none-eabi/13.3.1/../../../../arm-none-eabi/lib/thumb/v7e-m+fp/hard/crt0.o
LOAD ./Core/Src/WS2812_SPI.o
LOAD ./Core/Src/WS2812_SPI_DMA.o
LOAD ./Core/Src/adc.o
LOAD ./Core/Src/dma.o
LOAD ./Core/Src/gpio.o
LOAD ./Core/Src/i2c.o
LOAD ./Core/Src/ipcc.o
LOAD ./Core/Src/main.o
LOAD ./Core/Src/memorymap.o
LOAD ./Core/Src/rtc.o
LOAD ./Core/Src/spi.o
LOAD ./Core/Src/stm32wbxx_hal_msp.o
LOAD ./Core/Src/stm32wbxx_it.o
LOAD ./Core/Src/syscalls.o
LOAD ./Core/Src/sysmem.o
LOAD ./Core/Src/system_stm32wbxx.o
LOAD ./Core/Src/tim.o
LOAD ./Core/Src/usart.o
LOAD ./Core/Startup/startup_stm32wb5mmghx.o
LOAD ./Drivers/BMI270_Driver/src/bmi2.o
LOAD ./Drivers/BMI270_Driver/src/bmi270.o
LOAD ./Drivers/BMI270_Driver/src/bmi2_user_interface.o
LOAD ./Drivers/DRV8214_Driver/src/drv8214.o
LOAD ./Drivers/DRV8214_Driver/src/drv8214_platform_i2c.o
LOAD ./Drivers/STM32WBxx_HAL_Driver/Src/stm32wbxx_hal.o
LOAD ./Drivers/STM32WBxx_HAL_Driver/Src/stm32wbxx_hal_adc.o
LOAD ./Drivers/STM32WBxx_HAL_Driver/Src/stm32wbxx_hal_adc_ex.o
LOAD ./Drivers/STM32WBxx_HAL_Driver/Src/stm32wbxx_hal_cortex.o
LOAD ./Drivers/STM32WBxx_HAL_Driver/Src/stm32wbxx_hal_dma.o
LOAD ./Drivers/STM32WBxx_HAL_Driver/Src/stm32wbxx_hal_dma_ex.o
LOAD ./Drivers/STM32WBxx_HAL_Driver/Src/stm32wbxx_hal_exti.o
LOAD ./Drivers/STM32WBxx_HAL_Driver/Src/stm32wbxx_hal_flash.o
LOAD ./Drivers/STM32WBxx_HAL_Driver/Src/stm32wbxx_hal_flash_ex.o
LOAD ./Drivers/STM32WBxx_HAL_Driver/Src/stm32wbxx_hal_gpio.o
LOAD ./Drivers/STM32WBxx_HAL_Driver/Src/stm32wbxx_hal_hsem.o
LOAD ./Drivers/STM32WBxx_HAL_Driver/Src/stm32wbxx_hal_i2c.o
LOAD ./Drivers/STM32WBxx_HAL_Driver/Src/stm32wbxx_hal_i2c_ex.o
LOAD ./Drivers/STM32WBxx_HAL_Driver/Src/stm32wbxx_hal_ipcc.o
LOAD ./Drivers/STM32WBxx_HAL_Driver/Src/stm32wbxx_hal_pwr.o
LOAD ./Drivers/STM32WBxx_HAL_Driver/Src/stm32wbxx_hal_pwr_ex.o
LOAD ./Drivers/STM32WBxx_HAL_Driver/Src/stm32wbxx_hal_rcc.o
LOAD ./Drivers/STM32WBxx_HAL_Driver/Src/stm32wbxx_hal_rcc_ex.o
LOAD ./Drivers/STM32WBxx_HAL_Driver/Src/stm32wbxx_hal_rtc.o
LOAD ./Drivers/STM32WBxx_HAL_Driver/Src/stm32wbxx_hal_rtc_ex.o
LOAD ./Drivers/STM32WBxx_HAL_Driver/Src/stm32wbxx_hal_spi.o
LOAD ./Drivers/STM32WBxx_HAL_Driver/Src/stm32wbxx_hal_spi_ex.o
LOAD ./Drivers/STM32WBxx_HAL_Driver/Src/stm32wbxx_hal_tim.o
LOAD ./Drivers/STM32WBxx_HAL_Driver/Src/stm32wbxx_hal_tim_ex.o
LOAD ./Drivers/STM32WBxx_HAL_Driver/Src/stm32wbxx_hal_uart.o
LOAD ./Drivers/STM32WBxx_HAL_Driver/Src/stm32wbxx_hal_uart_ex.o
LOAD ./Drivers/STM32WBxx_HAL_Driver/Src/stm32wbxx_ll_adc.o
LOAD ./Drivers/STM32WBxx_HAL_Driver/Src/stm32wbxx_ll_rcc.o
LOAD ./Drivers/TCA9548_Driver/src/TCA9548.o
START GROUP
LOAD /Applications/STM32CubeIDE.app/Contents/Eclipse/plugins/com.st.stm32cube.ide.mcu.externaltools.gnu-tools-for-stm32.13.3.rel1.macos64_1.0.0.202411102158/tools/bin/../lib/gcc/arm-none-eabi/13.3.1/../../../../arm-none-eabi/lib/thumb/v7e-m+fp/hard/libstdc++_nano.a
LOAD /Applications/STM32CubeIDE.app/Contents/Eclipse/plugins/com.st.stm32cube.ide.mcu.externaltools.gnu-tools-for-stm32.13.3.rel1.macos64_1.0.0.202411102158/tools/bin/../lib/gcc/arm-none-eabi/13.3.1/../../../../arm-none-eabi/lib/thumb/v7e-m+fp/hard/libsupc++_nano.a
END GROUP
LOAD /Applications/STM32CubeIDE.app/Contents/Eclipse/plugins/com.st.stm32cube.ide.mcu.externaltools.gnu-tools-for-stm32.13.3.rel1.macos64_1.0.0.202411102158/tools/bin/../lib/gcc/arm-none-eabi/13.3.1/../../../../arm-none-eabi/lib/thumb/v7e-m+fp/hard/libstdc++_nano.a
LOAD /Applications/STM32CubeIDE.app/Contents/Eclipse/plugins/com.st.stm32cube.ide.mcu.externaltools.gnu-tools-for-stm32.13.3.rel1.macos64_1.0.0.202411102158/tools/bin/../lib/gcc/arm-none-eabi/13.3.1/../../../../arm-none-eabi/lib/thumb/v7e-m+fp/hard/libm.a
LOAD /Applications/STM32CubeIDE.app/Contents/Eclipse/plugins/com.st.stm32cube.ide.mcu.externaltools.gnu-tools-for-stm32.13.3.rel1.macos64_1.0.0.202411102158/tools/bin/../lib/gcc/arm-none-eabi/13.3.1/../../../../arm-none-eabi/lib/thumb/v7e-m+fp/hard/libc_nano.a
START GROUP
LOAD /Applications/STM32CubeIDE.app/Contents/Eclipse/plugins/com.st.stm32cube.ide.mcu.externaltools.gnu-tools-for-stm32.13.3.rel1.macos64_1.0.0.202411102158/tools/bin/../lib/gcc/arm-none-eabi/13.3.1/thumb/v7e-m+fp/hard/libgcc.a
LOAD /Applications/STM32CubeIDE.app/Contents/Eclipse/plugins/com.st.stm32cube.ide.mcu.externaltools.gnu-tools-for-stm32.13.3.rel1.macos64_1.0.0.202411102158/tools/bin/../lib/gcc/arm-none-eabi/13.3.1/../../../../arm-none-eabi/lib/thumb/v7e-m+fp/hard/libc_nano.a
END GROUP
START GROUP
LOAD /Applications/STM32CubeIDE.app/Contents/Eclipse/plugins/com.st.stm32cube.ide.mcu.externaltools.gnu-tools-for-stm32.13.3.rel1.macos64_1.0.0.202411102158/tools/bin/../lib/gcc/arm-none-eabi/13.3.1/thumb/v7e-m+fp/hard/libgcc.a
LOAD /Applications/STM32CubeIDE.app/Contents/Eclipse/plugins/com.st.stm32cube.ide.mcu.externaltools.gnu-tools-for-stm32.13.3.rel1.macos64_1.0.0.202411102158/tools/bin/../lib/gcc/arm-none-eabi/13.3.1/../../../../arm-none-eabi/lib/thumb/v7e-m+fp/hard/libc_nano.a
END GROUP
LOAD /Applications/STM32CubeIDE.app/Contents/Eclipse/plugins/com.st.stm32cube.ide.mcu.externaltools.gnu-tools-for-stm32.13.3.rel1.macos64_1.0.0.202411102158/tools/bin/../lib/gcc/arm-none-eabi/13.3.1/thumb/v7e-m+fp/hard/crtend.o
LOAD /Applications/STM32CubeIDE.app/Contents/Eclipse/plugins/com.st.stm32cube.ide.mcu.externaltools.gnu-tools-for-stm32.13.3.rel1.macos64_1.0.0.202411102158/tools/bin/../lib/gcc/arm-none-eabi/13.3.1/thumb/v7e-m+fp/hard/crtn.o
                0x20030000                        _estack = (ORIGIN (RAM) + LENGTH (RAM))
                0x00000200                        _Min_Heap_Size = 0x200
                0x00000400                        _Min_Stack_Size = 0x400

.isr_vector     0x08000000      0x13c
                0x08000000                        . = ALIGN (0x4)
 *(.isr_vector)
 .isr_vector    0x08000000      0x13c ./Core/Startup/startup_stm32wb5mmghx.o
                0x08000000                g_pfnVectors
                0x0800013c                        . = ALIGN (0x4)

.text           0x08000140    0x12904
                0x08000140                        . = ALIGN (0x4)
 *(.text)
 .text          0x08000140       0x40 /Applications/STM32CubeIDE.app/Contents/Eclipse/plugins/com.st.stm32cube.ide.mcu.externaltools.gnu-tools-for-stm32.13.3.rel1.macos64_1.0.0.202411102158/tools/bin/../lib/gcc/arm-none-eabi/13.3.1/thumb/v7e-m+fp/hard/crtbegin.o
 .text          0x08000180       0xa0 /Applications/STM32CubeIDE.app/Contents/Eclipse/plugins/com.st.stm32cube.ide.mcu.externaltools.gnu-tools-for-stm32.13.3.rel1.macos64_1.0.0.202411102158/tools/bin/../lib/gcc/arm-none-eabi/13.3.1/../../../../arm-none-eabi/lib/thumb/v7e-m+fp/hard/libc_nano.a(libc_a-memchr.o)
                0x08000180                memchr
 .text          0x08000220       0x10 /Applications/STM32CubeIDE.app/Contents/Eclipse/plugins/com.st.stm32cube.ide.mcu.externaltools.gnu-tools-for-stm32.13.3.rel1.macos64_1.0.0.202411102158/tools/bin/../lib/gcc/arm-none-eabi/13.3.1/../../../../arm-none-eabi/lib/thumb/v7e-m+fp/hard/libc_nano.a(libc_a-strlen.o)
                0x08000220                strlen
 .text          0x08000230      0x378 /Applications/STM32CubeIDE.app/Contents/Eclipse/plugins/com.st.stm32cube.ide.mcu.externaltools.gnu-tools-for-stm32.13.3.rel1.macos64_1.0.0.202411102158/tools/bin/../lib/gcc/arm-none-eabi/13.3.1/thumb/v7e-m+fp/hard/libgcc.a(_arm_addsubdf3.o)
                0x08000230                __aeabi_drsub
                0x08000238                __subdf3
                0x08000238                __aeabi_dsub
                0x0800023c                __aeabi_dadd
                0x0800023c                __adddf3
                0x080004b4                __aeabi_ui2d
                0x080004b4                __floatunsidf
                0x080004d4                __floatsidf
                0x080004d4                __aeabi_i2d
                0x080004f8                __extendsfdf2
                0x080004f8                __aeabi_f2d
                0x0800053c                __aeabi_ul2d
                0x0800053c                __floatundidf
                0x0800054c                __aeabi_l2d
                0x0800054c                __floatdidf
 .text          0x080005a8      0x424 /Applications/STM32CubeIDE.app/Contents/Eclipse/plugins/com.st.stm32cube.ide.mcu.externaltools.gnu-tools-for-stm32.13.3.rel1.macos64_1.0.0.202411102158/tools/bin/../lib/gcc/arm-none-eabi/13.3.1/thumb/v7e-m+fp/hard/libgcc.a(_arm_muldivdf3.o)
                0x080005a8                __aeabi_dmul
                0x080005a8                __muldf3
                0x080007fc                __aeabi_ddiv
                0x080007fc                __divdf3
 .text          0x080009cc      0x110 /Applications/STM32CubeIDE.app/Contents/Eclipse/plugins/com.st.stm32cube.ide.mcu.externaltools.gnu-tools-for-stm32.13.3.rel1.macos64_1.0.0.202411102158/tools/bin/../lib/gcc/arm-none-eabi/13.3.1/thumb/v7e-m+fp/hard/libgcc.a(_arm_cmpdf2.o)
                0x080009cc                __gedf2
                0x080009cc                __gtdf2
                0x080009d4                __ledf2
                0x080009d4                __ltdf2
                0x080009dc                __cmpdf2
                0x080009dc                __eqdf2
                0x080009dc                __nedf2
                0x08000a58                __aeabi_cdrcmple
                0x08000a68                __aeabi_cdcmple
                0x08000a68                __aeabi_cdcmpeq
                0x08000a78                __aeabi_dcmpeq
                0x08000a8c                __aeabi_dcmplt
                0x08000aa0                __aeabi_dcmple
                0x08000ab4                __aeabi_dcmpge
                0x08000ac8                __aeabi_dcmpgt
 .text          0x08000adc       0x2c /Applications/STM32CubeIDE.app/Contents/Eclipse/plugins/com.st.stm32cube.ide.mcu.externaltools.gnu-tools-for-stm32.13.3.rel1.macos64_1.0.0.202411102158/tools/bin/../lib/gcc/arm-none-eabi/13.3.1/thumb/v7e-m+fp/hard/libgcc.a(_arm_unorddf2.o)
                0x08000adc                __aeabi_dcmpun
                0x08000adc                __unorddf2
 .text          0x08000b08       0x50 /Applications/STM32CubeIDE.app/Contents/Eclipse/plugins/com.st.stm32cube.ide.mcu.externaltools.gnu-tools-for-stm32.13.3.rel1.macos64_1.0.0.202411102158/tools/bin/../lib/gcc/arm-none-eabi/13.3.1/thumb/v7e-m+fp/hard/libgcc.a(_arm_fixdfsi.o)
                0x08000b08                __fixdfsi
                0x08000b08                __aeabi_d2iz
 .text          0x08000b58       0x40 /Applications/STM32CubeIDE.app/Contents/Eclipse/plugins/com.st.stm32cube.ide.mcu.externaltools.gnu-tools-for-stm32.13.3.rel1.macos64_1.0.0.202411102158/tools/bin/../lib/gcc/arm-none-eabi/13.3.1/thumb/v7e-m+fp/hard/libgcc.a(_arm_fixunsdfsi.o)
                0x08000b58                __fixunsdfsi
                0x08000b58                __aeabi_d2uiz
 .text          0x08000b98       0x30 /Applications/STM32CubeIDE.app/Contents/Eclipse/plugins/com.st.stm32cube.ide.mcu.externaltools.gnu-tools-for-stm32.13.3.rel1.macos64_1.0.0.202411102158/tools/bin/../lib/gcc/arm-none-eabi/13.3.1/thumb/v7e-m+fp/hard/libgcc.a(_aeabi_uldivmod.o)
                0x08000b98                __aeabi_uldivmod
 .text          0x08000bc8      0x2f8 /Applications/STM32CubeIDE.app/Contents/Eclipse/plugins/com.st.stm32cube.ide.mcu.externaltools.gnu-tools-for-stm32.13.3.rel1.macos64_1.0.0.202411102158/tools/bin/../lib/gcc/arm-none-eabi/13.3.1/thumb/v7e-m+fp/hard/libgcc.a(_udivmoddi4.o)
                0x08000bc8                __udivmoddi4
 .text          0x08000ec0        0x4 /Applications/STM32CubeIDE.app/Contents/Eclipse/plugins/com.st.stm32cube.ide.mcu.externaltools.gnu-tools-for-stm32.13.3.rel1.macos64_1.0.0.202411102158/tools/bin/../lib/gcc/arm-none-eabi/13.3.1/thumb/v7e-m+fp/hard/libgcc.a(_dvmd_tls.o)
                0x08000ec0                __aeabi_ldiv0
                0x08000ec0                __aeabi_idiv0
 *(.text*)
 .text._ZL20ws2812_send_spi_datahhh
                0x08000ec4       0x7c ./Core/Src/WS2812_SPI.o
 .text._Z15WS2812_SetColorhhhh
                0x08000f40       0xe8 ./Core/Src/WS2812_SPI.o
                0x08000f40                WS2812_SetColor(unsigned char, unsigned char, unsigned char, unsigned char)
 .text.LL_AHB2_GRP1_EnableClock
                0x08001028       0x32 ./Core/Src/adc.o
 *fill*         0x0800105a        0x2 
 .text.MX_ADC1_Init
                0x0800105c       0xc8 ./Core/Src/adc.o
                0x0800105c                MX_ADC1_Init
 .text.HAL_ADC_MspInit
                0x08001124       0xa0 ./Core/Src/adc.o
                0x08001124                HAL_ADC_MspInit
 .text.LL_AHB1_GRP1_EnableClock
                0x080011c4       0x32 ./Core/Src/dma.o
 .text.MX_DMA_Init
                0x080011f6       0x24 ./Core/Src/dma.o
                0x080011f6                MX_DMA_Init
 .text.LL_AHB2_GRP1_EnableClock
                0x0800121a       0x32 ./Core/Src/gpio.o
 .text.MX_GPIO_Init
                0x0800124c      0x258 ./Core/Src/gpio.o
                0x0800124c                MX_GPIO_Init
 .text.LL_AHB2_GRP1_EnableClock
                0x080014a4       0x32 ./Core/Src/i2c.o
 .text.LL_APB1_GRP1_EnableClock
                0x080014d6       0x32 ./Core/Src/i2c.o
 .text.MX_I2C1_Init
                0x08001508       0x80 ./Core/Src/i2c.o
                0x08001508                MX_I2C1_Init
 .text.MX_I2C3_Init
                0x08001588       0x80 ./Core/Src/i2c.o
                0x08001588                MX_I2C3_Init
 .text.HAL_I2C_MspInit
                0x08001608       0xf0 ./Core/Src/i2c.o
                0x08001608                HAL_I2C_MspInit
 .text.LL_AHB3_GRP1_EnableClock
                0x080016f8       0x32 ./Core/Src/ipcc.o
 *fill*         0x0800172a        0x2 
 .text.MX_IPCC_Init
                0x0800172c       0x28 ./Core/Src/ipcc.o
                0x0800172c                MX_IPCC_Init
 .text.HAL_IPCC_MspInit
                0x08001754       0x48 ./Core/Src/ipcc.o
                0x08001754                HAL_IPCC_MspInit
 .text.ITM_SendChar
                0x0800179c       0x62 ./Core/Src/main.o
 .text._ZN14DRV8214_ConfigC2Ev
                0x080017fe       0xb4 ./Core/Src/main.o
                0x080017fe                DRV8214_Config::DRV8214_Config()
                0x080017fe                DRV8214_Config::DRV8214_Config()
 .text._ZN7DRV8214C2Ehhthhht
                0x080018b2       0x5a ./Core/Src/main.o
                0x080018b2                DRV8214::DRV8214(unsigned char, unsigned char, unsigned short, unsigned char, unsigned char, unsigned char, unsigned short)
                0x080018b2                DRV8214::DRV8214(unsigned char, unsigned char, unsigned short, unsigned char, unsigned char, unsigned char, unsigned short)
 .text.main     0x0800190c      0x994 ./Core/Src/main.o
                0x0800190c                main
 .text._Z18SystemClock_Configv
                0x080022a0       0xec ./Core/Src/main.o
                0x080022a0                SystemClock_Config()
 .text._Z24PeriphCommonClock_Configv
                0x0800238c       0x44 ./Core/Src/main.o
                0x0800238c                PeriphCommonClock_Config()
 .text.HAL_GPIO_EXTI_Callback
                0x080023d0       0xa4 ./Core/Src/main.o
                0x080023d0                HAL_GPIO_EXTI_Callback
 .text._write   0x08002474       0x38 ./Core/Src/main.o
                0x08002474                _write
 .text.HAL_TIM_PeriodElapsedCallback
                0x080024ac       0x40 ./Core/Src/main.o
                0x080024ac                HAL_TIM_PeriodElapsedCallback
 .text._Z8I2C_ScanP19__I2C_HandleTypeDef
                0x080024ec       0xd8 ./Core/Src/main.o
                0x080024ec                I2C_Scan(__I2C_HandleTypeDef*)
 .text._Z17printByteAsBinaryh
                0x080025c4       0x40 ./Core/Src/main.o
                0x080025c4                printByteAsBinary(unsigned char)
 .text._Z19print2BytesAsBinaryt
                0x08002604       0x40 ./Core/Src/main.o
                0x08002604                print2BytesAsBinary(unsigned short)
 .text._Z14printRegistersh
                0x08002644      0x568 ./Core/Src/main.o
                0x08002644                printRegisters(unsigned char)
 .text.Error_Handler
                0x08002bac       0x30 ./Core/Src/main.o
                0x08002bac                Error_Handler
 .text._Z41__static_initialization_and_destruction_0v
                0x08002bdc       0x98 ./Core/Src/main.o
 .text._GLOBAL__sub_I_g_measure_battery_flag
                0x08002c74        0xa ./Core/Src/main.o
 .text.LL_RCC_EnableRTC
                0x08002c7e       0x22 ./Core/Src/rtc.o
 .text.LL_APB1_GRP1_EnableClock
                0x08002ca0       0x32 ./Core/Src/rtc.o
 *fill*         0x08002cd2        0x2 
 .text.MX_RTC_Init
                0x08002cd4       0x64 ./Core/Src/rtc.o
                0x08002cd4                MX_RTC_Init
 .text.HAL_RTC_MspInit
                0x08002d38       0x6c ./Core/Src/rtc.o
                0x08002d38                HAL_RTC_MspInit
 .text.LL_AHB2_GRP1_EnableClock
                0x08002da4       0x32 ./Core/Src/spi.o
 .text.LL_APB1_GRP1_EnableClock
                0x08002dd6       0x32 ./Core/Src/spi.o
 .text.MX_SPI2_Init
                0x08002e08       0x7c ./Core/Src/spi.o
                0x08002e08                MX_SPI2_Init
 .text.HAL_SPI_MspInit
                0x08002e84       0xf8 ./Core/Src/spi.o
                0x08002e84                HAL_SPI_MspInit
 .text.LL_AHB3_GRP1_EnableClock
                0x08002f7c       0x32 ./Core/Src/stm32wbxx_hal_msp.o
 .text.HAL_MspInit
                0x08002fae       0x42 ./Core/Src/stm32wbxx_hal_msp.o
                0x08002fae                HAL_MspInit
 .text.NMI_Handler
                0x08002ff0        0x8 ./Core/Src/stm32wbxx_it.o
                0x08002ff0                NMI_Handler
 .text.HardFault_Handler
                0x08002ff8        0x8 ./Core/Src/stm32wbxx_it.o
                0x08002ff8                HardFault_Handler
 .text.MemManage_Handler
                0x08003000        0x8 ./Core/Src/stm32wbxx_it.o
                0x08003000                MemManage_Handler
 .text.BusFault_Handler
                0x08003008        0x8 ./Core/Src/stm32wbxx_it.o
                0x08003008                BusFault_Handler
 .text.UsageFault_Handler
                0x08003010        0x8 ./Core/Src/stm32wbxx_it.o
                0x08003010                UsageFault_Handler
 .text.SVC_Handler
                0x08003018        0xe ./Core/Src/stm32wbxx_it.o
                0x08003018                SVC_Handler
 .text.DebugMon_Handler
                0x08003026        0xe ./Core/Src/stm32wbxx_it.o
                0x08003026                DebugMon_Handler
 .text.PendSV_Handler
                0x08003034        0xe ./Core/Src/stm32wbxx_it.o
                0x08003034                PendSV_Handler
 .text.SysTick_Handler
                0x08003042        0xc ./Core/Src/stm32wbxx_it.o
                0x08003042                SysTick_Handler
 *fill*         0x0800304e        0x2 
 .text.RTC_WKUP_IRQHandler
                0x08003050       0x14 ./Core/Src/stm32wbxx_it.o
                0x08003050                RTC_WKUP_IRQHandler
 .text.EXTI3_IRQHandler
                0x08003064        0xe ./Core/Src/stm32wbxx_it.o
                0x08003064                EXTI3_IRQHandler
 .text.EXTI4_IRQHandler
                0x08003072        0xe ./Core/Src/stm32wbxx_it.o
                0x08003072                EXTI4_IRQHandler
 .text.DMA1_Channel1_IRQHandler
                0x08003080       0x14 ./Core/Src/stm32wbxx_it.o
                0x08003080                DMA1_Channel1_IRQHandler
 .text.EXTI9_5_IRQHandler
                0x08003094       0x14 ./Core/Src/stm32wbxx_it.o
                0x08003094                EXTI9_5_IRQHandler
 .text.TIM2_IRQHandler
                0x080030a8       0x14 ./Core/Src/stm32wbxx_it.o
                0x080030a8                TIM2_IRQHandler
 .text.SPI2_IRQHandler
                0x080030bc       0x14 ./Core/Src/stm32wbxx_it.o
                0x080030bc                SPI2_IRQHandler
 .text.USART1_IRQHandler
                0x080030d0       0x14 ./Core/Src/stm32wbxx_it.o
                0x080030d0                USART1_IRQHandler
 .text.EXTI15_10_IRQHandler
                0x080030e4       0x10 ./Core/Src/stm32wbxx_it.o
                0x080030e4                EXTI15_10_IRQHandler
 .text.IPCC_C1_RX_IRQHandler
                0x080030f4       0x14 ./Core/Src/stm32wbxx_it.o
                0x080030f4                IPCC_C1_RX_IRQHandler
 .text.IPCC_C1_TX_IRQHandler
                0x08003108       0x14 ./Core/Src/stm32wbxx_it.o
                0x08003108                IPCC_C1_TX_IRQHandler
 .text.HSEM_IRQHandler
                0x0800311c        0xc ./Core/Src/stm32wbxx_it.o
                0x0800311c                HSEM_IRQHandler
 .text._getpid  0x08003128       0x10 ./Core/Src/syscalls.o
                0x08003128                _getpid
 .text._kill    0x08003138       0x20 ./Core/Src/syscalls.o
                0x08003138                _kill
 .text._exit    0x08003158       0x16 ./Core/Src/syscalls.o
                0x08003158                _exit
 .text._read    0x0800316e       0x3a ./Core/Src/syscalls.o
                0x0800316e                _read
 .text._close   0x080031a8       0x18 ./Core/Src/syscalls.o
                0x080031a8                _close
 .text._fstat   0x080031c0       0x20 ./Core/Src/syscalls.o
                0x080031c0                _fstat
 .text._isatty  0x080031e0       0x16 ./Core/Src/syscalls.o
                0x080031e0                _isatty
 .text._lseek   0x080031f6       0x1a ./Core/Src/syscalls.o
                0x080031f6                _lseek
 .text._sbrk    0x08003210       0x6c ./Core/Src/sysmem.o
                0x08003210                _sbrk
 .text.SystemInit
                0x0800327c       0xa4 ./Core/Src/system_stm32wbxx.o
                0x0800327c                SystemInit
 .text.LL_APB1_GRP1_EnableClock
                0x08003320       0x32 ./Core/Src/tim.o
 *fill*         0x08003352        0x2 
 .text.MX_TIM2_Init
                0x08003354       0x9c ./Core/Src/tim.o
                0x08003354                MX_TIM2_Init
 .text.HAL_TIM_Base_MspInit
                0x080033f0       0x30 ./Core/Src/tim.o
                0x080033f0                HAL_TIM_Base_MspInit
 .text.LL_AHB2_GRP1_EnableClock
                0x08003420       0x32 ./Core/Src/usart.o
 .text.LL_APB2_GRP1_EnableClock
                0x08003452       0x32 ./Core/Src/usart.o
 .text.MX_USART1_UART_Init
                0x08003484       0x98 ./Core/Src/usart.o
                0x08003484                MX_USART1_UART_Init
 .text.HAL_UART_MspInit
                0x0800351c       0x9c ./Core/Src/usart.o
                0x0800351c                HAL_UART_MspInit
 .text.data_initializers
                0x080035b8       0x18 ./Core/Startup/startup_stm32wb5mmghx.o
 .text.Reset_Handler
                0x080035d0       0x58 ./Core/Startup/startup_stm32wb5mmghx.o
                0x080035d0                Reset_Handler
 .text.Default_Handler
                0x08003628        0x2 ./Core/Startup/startup_stm32wb5mmghx.o
                0x08003628                DMA2_Channel3_IRQHandler
                0x08003628                EXTI2_IRQHandler
                0x08003628                TIM1_CC_IRQHandler
                0x08003628                TSC_IRQHandler
                0x08003628                USB_HP_IRQHandler
                0x08003628                LPTIM2_IRQHandler
                0x08003628                I2C3_ER_IRQHandler
                0x08003628                EXTI0_IRQHandler
                0x08003628                FPU_IRQHandler
                0x08003628                TIM1_UP_TIM16_IRQHandler
                0x08003628                AES1_IRQHandler
                0x08003628                SPI1_IRQHandler
                0x08003628                PWR_SOTF_BLEACT_802ACT_RFPHASE_IRQHandler
                0x08003628                DMA2_Channel2_IRQHandler
                0x08003628                DMA1_Channel4_IRQHandler
                0x08003628                ADC1_IRQHandler
                0x08003628                PKA_IRQHandler
                0x08003628                DMA1_Channel7_IRQHandler
                0x08003628                LCD_IRQHandler
                0x08003628                DMA2_Channel1_IRQHandler
                0x08003628                QUADSPI_IRQHandler
                0x08003628                I2C1_EV_IRQHandler
                0x08003628                DMAMUX1_OVR_IRQHandler
                0x08003628                DMA1_Channel6_IRQHandler
                0x08003628                DMA2_Channel4_IRQHandler
                0x08003628                RCC_IRQHandler
                0x08003628                Default_Handler
                0x08003628                DMA2_Channel7_IRQHandler
                0x08003628                C2SEV_PWR_C2H_IRQHandler
                0x08003628                AES2_IRQHandler
                0x08003628                I2C3_EV_IRQHandler
                0x08003628                PVD_PVM_IRQHandler
                0x08003628                DMA2_Channel5_IRQHandler
                0x08003628                CRS_IRQHandler
                0x08003628                DMA1_Channel5_IRQHandler
                0x08003628                USB_LP_IRQHandler
                0x08003628                RNG_IRQHandler
                0x08003628                TIM1_TRG_COM_TIM17_IRQHandler
                0x08003628                TAMP_STAMP_LSECSS_IRQHandler
                0x08003628                DMA1_Channel3_IRQHandler
                0x08003628                COMP_IRQHandler
                0x08003628                WWDG_IRQHandler
                0x08003628                LPUART1_IRQHandler
                0x08003628                DMA2_Channel6_IRQHandler
                0x08003628                TIM1_BRK_IRQHandler
                0x08003628                EXTI1_IRQHandler
                0x08003628                DMA1_Channel2_IRQHandler
                0x08003628                FLASH_IRQHandler
                0x08003628                I2C1_ER_IRQHandler
                0x08003628                LPTIM1_IRQHandler
                0x08003628                SAI1_IRQHandler
                0x08003628                RTC_Alarm_IRQHandler
 *fill*         0x0800362a        0x2 
 .text.bmi2_sec_init
                0x0800362c       0xc0 ./Drivers/BMI270_Driver/src/bmi2.o
                0x0800362c                bmi2_sec_init
 .text.bmi2_get_regs
                0x080036ec       0xe6 ./Drivers/BMI270_Driver/src/bmi2.o
                0x080036ec                bmi2_get_regs
 .text.bmi2_set_regs
                0x080037d2      0x106 ./Drivers/BMI270_Driver/src/bmi2.o
                0x080037d2                bmi2_set_regs
 .text.bmi2_soft_reset
                0x080038d8       0xa2 ./Drivers/BMI270_Driver/src/bmi2.o
                0x080038d8                bmi2_soft_reset
 .text.bmi2_set_adv_power_save
                0x0800397a       0x98 ./Drivers/BMI270_Driver/src/bmi2.o
                0x0800397a                bmi2_set_adv_power_save
 .text.bmi2_write_config_file
                0x08003a12       0xaa ./Drivers/BMI270_Driver/src/bmi2.o
                0x08003a12                bmi2_write_config_file
 .text.bmi2_set_sensor_config
                0x08003abc      0x16c ./Drivers/BMI270_Driver/src/bmi2.o
                0x08003abc                bmi2_set_sensor_config
 .text.bmi2_get_feature_data
                0x08003c28       0xee ./Drivers/BMI270_Driver/src/bmi2.o
                0x08003c28                bmi2_get_feature_data
 .text.bmi2_get_sensor_data
                0x08003d16       0x54 ./Drivers/BMI270_Driver/src/bmi2.o
                0x08003d16                bmi2_get_sensor_data
 .text.bmi2_parse_sensor_data
                0x08003d6a       0xf0 ./Drivers/BMI270_Driver/src/bmi2.o
                0x08003d6a                bmi2_parse_sensor_data
 .text.bmi2_get_status
                0x08003e5a       0x44 ./Drivers/BMI270_Driver/src/bmi2.o
                0x08003e5a                bmi2_get_status
 .text.bmi2_get_gyro_cross_sense
                0x08003e9e       0x6c ./Drivers/BMI270_Driver/src/bmi2.o
                0x08003e9e                bmi2_get_gyro_cross_sense
 .text.bmi2_get_internal_status
                0x08003f0a       0x54 ./Drivers/BMI270_Driver/src/bmi2.o
                0x08003f0a                bmi2_get_internal_status
 .text.bmi2_get_feat_config
                0x08003f5e      0x124 ./Drivers/BMI270_Driver/src/bmi2.o
                0x08003f5e                bmi2_get_feat_config
 .text.bmi2_extract_input_feat_config
                0x08004082       0x6a ./Drivers/BMI270_Driver/src/bmi2.o
                0x08004082                bmi2_extract_input_feat_config
 .text.write_config_file
                0x080040ec      0x162 ./Drivers/BMI270_Driver/src/bmi2.o
 .text.set_config_load
                0x0800424e       0x64 ./Drivers/BMI270_Driver/src/bmi2.o
 .text.upload_file
                0x080042b2       0x76 ./Drivers/BMI270_Driver/src/bmi2.o
 .text.validate_bw_perf_mode
                0x08004328       0x5a ./Drivers/BMI270_Driver/src/bmi2.o
 .text.validate_odr_range
                0x08004382       0x40 ./Drivers/BMI270_Driver/src/bmi2.o
 .text.validate_gyro_config
                0x080043c2       0xa8 ./Drivers/BMI270_Driver/src/bmi2.o
 *fill*         0x0800446a        0x2 
 .text.cfg_error_status
                0x0800446c       0x74 ./Drivers/BMI270_Driver/src/bmi2.o
 .text.set_aux_config
                0x080044e0       0x5e ./Drivers/BMI270_Driver/src/bmi2.o
 .text.set_gyro_user_gain_config
                0x0800453e      0x1b6 ./Drivers/BMI270_Driver/src/bmi2.o
 .text.set_aux_interface
                0x080046f4       0x64 ./Drivers/BMI270_Driver/src/bmi2.o
 .text.config_aux_interface
                0x08004758      0x18c ./Drivers/BMI270_Driver/src/bmi2.o
 .text.config_aux
                0x080048e4       0x8c ./Drivers/BMI270_Driver/src/bmi2.o
 .text.validate_aux_config
                0x08004970       0x28 ./Drivers/BMI270_Driver/src/bmi2.o
 .text.get_acc_gyr_data
                0x08004998       0xc8 ./Drivers/BMI270_Driver/src/bmi2.o
 .text.get_remapped_data
                0x08004a60      0x126 ./Drivers/BMI270_Driver/src/bmi2.o
 .text.saturate
                0x08004b86       0x40 ./Drivers/BMI270_Driver/src/bmi2.o
 .text.comp_gyro_cross_axis_sensitivity
                0x08004bc6       0x52 ./Drivers/BMI270_Driver/src/bmi2.o
 .text.check_boundary_val
                0x08004c18       0x6e ./Drivers/BMI270_Driver/src/bmi2.o
 .text.set_accel_config
                0x08004c86       0xee ./Drivers/BMI270_Driver/src/bmi2.o
 .text.set_gyro_config
                0x08004d74      0x10c ./Drivers/BMI270_Driver/src/bmi2.o
 .text.null_ptr_check
                0x08004e80       0x3e ./Drivers/BMI270_Driver/src/bmi2.o
 .text.get_gyro_gain_update_status
                0x08004ebe       0xcc ./Drivers/BMI270_Driver/src/bmi2.o
 .text.extract_output_feat_config
                0x08004f8a       0x6a ./Drivers/BMI270_Driver/src/bmi2.o
 .text.get_gyro_cross_sense
                0x08004ff4      0x10c ./Drivers/BMI270_Driver/src/bmi2.o
 .text.bmi270_init
                0x08005100       0xbc ./Drivers/BMI270_Driver/src/bmi270.o
                0x08005100                bmi270_init
 .text.bmi270_sensor_enable
                0x080051bc       0x6c ./Drivers/BMI270_Driver/src/bmi270.o
                0x080051bc                bmi270_sensor_enable
 .text.null_ptr_check
                0x08005228       0x3e ./Drivers/BMI270_Driver/src/bmi270.o
 *fill*         0x08005266        0x2 
 .text.select_sensor
                0x08005268      0x250 ./Drivers/BMI270_Driver/src/bmi270.o
 .text.sensor_enable
                0x080054b8       0x8e ./Drivers/BMI270_Driver/src/bmi270.o
 .text.set_any_motion
                0x08005546       0xe8 ./Drivers/BMI270_Driver/src/bmi270.o
 .text.set_no_motion
                0x0800562e       0xe8 ./Drivers/BMI270_Driver/src/bmi270.o
 .text.set_step_detector
                0x08005716       0xee ./Drivers/BMI270_Driver/src/bmi270.o
 .text.set_step_counter
                0x08005804       0xee ./Drivers/BMI270_Driver/src/bmi270.o
 .text.set_sig_motion
                0x080058f2       0xea ./Drivers/BMI270_Driver/src/bmi270.o
 .text.set_step_activity
                0x080059dc       0xee ./Drivers/BMI270_Driver/src/bmi270.o
 .text.set_gyro_self_offset_corr
                0x08005aca       0xec ./Drivers/BMI270_Driver/src/bmi270.o
 .text.set_wrist_gesture
                0x08005bb6       0xec ./Drivers/BMI270_Driver/src/bmi270.o
 .text.set_wrist_wear_wake_up
                0x08005ca2       0xec ./Drivers/BMI270_Driver/src/bmi270.o
 .text.set_gyro_user_gain
                0x08005d8e       0xee ./Drivers/BMI270_Driver/src/bmi270.o
 .text.enable_main_sensors
                0x08005e7c       0xea ./Drivers/BMI270_Driver/src/bmi270.o
 .text.enable_sensor_features
                0x08005f66      0x18a ./Drivers/BMI270_Driver/src/bmi270.o
 .text.bmi2_set_i2c_handle
                0x080060f0       0x20 ./Drivers/BMI270_Driver/src/bmi2_user_interface.o
                0x080060f0                bmi2_set_i2c_handle
 .text.bmi2_i2c_read
                0x08006110       0x58 ./Drivers/BMI270_Driver/src/bmi2_user_interface.o
                0x08006110                bmi2_i2c_read
 .text.bmi2_i2c_write
                0x08006168       0x58 ./Drivers/BMI270_Driver/src/bmi2_user_interface.o
                0x08006168                bmi2_i2c_write
 .text.bmi2_delay_us
                0x080061c0       0x84 ./Drivers/BMI270_Driver/src/bmi2_user_interface.o
                0x080061c0                bmi2_delay_us
 .text._ZN7DRV82144initERK14DRV8214_Config
                0x08006244      0x144 ./Drivers/DRV8214_Driver/src/drv8214.o
                0x08006244                DRV8214::init(DRV8214_Config const&)
 .text._ZN7DRV821416getMotorSpeedRPMEv
                0x08006388       0x78 ./Drivers/DRV8214_Driver/src/drv8214.o
                0x08006388                DRV8214::getMotorSpeedRPM()
 .text._ZN7DRV821416getMotorSpeedRADEv
                0x08006400       0x34 ./Drivers/DRV8214_Driver/src/drv8214.o
                0x08006400                DRV8214::getMotorSpeedRAD()
 .text._ZN7DRV821421getMotorSpeedShaftRPMEv
                0x08006434       0x22 ./Drivers/DRV8214_Driver/src/drv8214.o
                0x08006434                DRV8214::getMotorSpeedShaftRPM()
 .text._ZN7DRV821421getMotorSpeedShaftRADEv
                0x08006456       0x24 ./Drivers/DRV8214_Driver/src/drv8214.o
                0x08006456                DRV8214::getMotorSpeedShaftRAD()
 .text._ZN7DRV821421getMotorSpeedRegisterEv
                0x0800647a       0x1e ./Drivers/DRV8214_Driver/src/drv8214.o
                0x0800647a                DRV8214::getMotorSpeedRegister()
 .text._ZN7DRV821414getRippleCountEv
                0x08006498       0x3a ./Drivers/DRV8214_Driver/src/drv8214.o
                0x08006498                DRV8214::getRippleCount()
 *fill*         0x080064d2        0x2 
 .text._ZN7DRV821415getMotorVoltageEv
                0x080064d4       0xe4 ./Drivers/DRV8214_Driver/src/drv8214.o
                0x080064d4                DRV8214::getMotorVoltage()
 .text._ZN7DRV821423getMotorVoltageRegisterEv
                0x080065b8       0x1e ./Drivers/DRV8214_Driver/src/drv8214.o
                0x080065b8                DRV8214::getMotorVoltageRegister()
 *fill*         0x080065d6        0x2 
 .text._ZN7DRV821415getMotorCurrentEv
                0x080065d8       0x48 ./Drivers/DRV8214_Driver/src/drv8214.o
                0x080065d8                DRV8214::getMotorCurrent()
 .text._ZN7DRV821423getMotorCurrentRegisterEv
                0x08006620       0x1e ./Drivers/DRV8214_Driver/src/drv8214.o
                0x08006620                DRV8214::getMotorCurrentRegister()
 *fill*         0x0800663e        0x2 
 .text._ZN7DRV821412getDutyCycleEv
                0x08006640       0x40 ./Drivers/DRV8214_Driver/src/drv8214.o
                0x08006640                DRV8214::getDutyCycle()
 .text._ZN7DRV821410getCONFIG0Ev
                0x08006680       0x1e ./Drivers/DRV8214_Driver/src/drv8214.o
                0x08006680                DRV8214::getCONFIG0()
 .text._ZN7DRV821417getInrushDurationEv
                0x0800669e       0x3a ./Drivers/DRV8214_Driver/src/drv8214.o
                0x0800669e                DRV8214::getInrushDuration()
 .text._ZN7DRV821410getCONFIG3Ev
                0x080066d8       0x1e ./Drivers/DRV8214_Driver/src/drv8214.o
                0x080066d8                DRV8214::getCONFIG3()
 .text._ZN7DRV821410getCONFIG4Ev
                0x080066f6       0x1e ./Drivers/DRV8214_Driver/src/drv8214.o
                0x080066f6                DRV8214::getCONFIG4()
 .text._ZN7DRV821412getREG_CTRL0Ev
                0x08006714       0x1e ./Drivers/DRV8214_Driver/src/drv8214.o
                0x08006714                DRV8214::getREG_CTRL0()
 .text._ZN7DRV821412getREG_CTRL1Ev
                0x08006732       0x1e ./Drivers/DRV8214_Driver/src/drv8214.o
                0x08006732                DRV8214::getREG_CTRL1()
 .text._ZN7DRV821412getREG_CTRL2Ev
                0x08006750       0x1e ./Drivers/DRV8214_Driver/src/drv8214.o
                0x08006750                DRV8214::getREG_CTRL2()
 .text._ZN7DRV821411getRC_CTRL0Ev
                0x0800676e       0x1e ./Drivers/DRV8214_Driver/src/drv8214.o
                0x0800676e                DRV8214::getRC_CTRL0()
 .text._ZN7DRV821411getRC_CTRL1Ev
                0x0800678c       0x1e ./Drivers/DRV8214_Driver/src/drv8214.o
                0x0800678c                DRV8214::getRC_CTRL1()
 .text._ZN7DRV821411getRC_CTRL2Ev
                0x080067aa       0x1e ./Drivers/DRV8214_Driver/src/drv8214.o
                0x080067aa                DRV8214::getRC_CTRL2()
 .text._ZN7DRV821418getRippleThresholdEv
                0x080067c8       0x4a ./Drivers/DRV8214_Driver/src/drv8214.o
                0x080067c8                DRV8214::getRippleThreshold()
 .text._ZN7DRV821424getRippleThresholdScaledEv
                0x08006812       0x8c ./Drivers/DRV8214_Driver/src/drv8214.o
                0x08006812                DRV8214::getRippleThresholdScaled()
 .text._ZN7DRV821423getRippleThresholdScaleEv
                0x0800689e       0x34 ./Drivers/DRV8214_Driver/src/drv8214.o
                0x0800689e                DRV8214::getRippleThresholdScale()
 .text._ZN7DRV82146getKMCEv
                0x080068d2       0x1e ./Drivers/DRV8214_Driver/src/drv8214.o
                0x080068d2                DRV8214::getKMC()
 .text._ZN7DRV821411getRC_CTRL6Ev
                0x080068f0       0x1e ./Drivers/DRV8214_Driver/src/drv8214.o
                0x080068f0                DRV8214::getRC_CTRL6()
 .text._ZN7DRV821411getRC_CTRL7Ev
                0x0800690e       0x1e ./Drivers/DRV8214_Driver/src/drv8214.o
                0x0800690e                DRV8214::getRC_CTRL7()
 .text._ZN7DRV821411getRC_CTRL8Ev
                0x0800692c       0x1e ./Drivers/DRV8214_Driver/src/drv8214.o
                0x0800692c                DRV8214::getRC_CTRL8()
 .text._ZN7DRV821413enableHbridgeEv
                0x0800694a       0x1e ./Drivers/DRV8214_Driver/src/drv8214.o
                0x0800694a                DRV8214::enableHbridge()
 .text._ZN7DRV821414disableHbridgeEv
                0x08006968       0x1e ./Drivers/DRV8214_Driver/src/drv8214.o
                0x08006968                DRV8214::disableHbridge()
 .text._ZN7DRV821417setStallDetectionEb
                0x08006986       0x28 ./Drivers/DRV8214_Driver/src/drv8214.o
                0x08006986                DRV8214::setStallDetection(bool)
 .text._ZN7DRV821415setVoltageRangeEb
                0x080069ae       0x28 ./Drivers/DRV8214_Driver/src/drv8214.o
                0x080069ae                DRV8214::setVoltageRange(bool)
 .text._ZN7DRV821424setOvervoltageProtectionEb
                0x080069d6       0x28 ./Drivers/DRV8214_Driver/src/drv8214.o
                0x080069d6                DRV8214::setOvervoltageProtection(bool)
 .text._ZN7DRV821418resetRippleCounterEv
                0x080069fe       0x1e ./Drivers/DRV8214_Driver/src/drv8214.o
                0x080069fe                DRV8214::resetRippleCounter()
 .text._ZN7DRV821415resetFaultFlagsEv
                0x08006a1c       0x2a ./Drivers/DRV8214_Driver/src/drv8214.o
                0x08006a1c                DRV8214::resetFaultFlags()
 .text._ZN7DRV821417setInrushDurationEt
                0x08006a46       0x38 ./Drivers/DRV8214_Driver/src/drv8214.o
                0x08006a46                DRV8214::setInrushDuration(unsigned short)
 *fill*         0x08006a7e        0x2 
 .text._ZN7DRV821417setCurrentRegModeEh
                0x08006a80       0x7c ./Drivers/DRV8214_Driver/src/drv8214.o
                0x08006a80                DRV8214::setCurrentRegMode(unsigned char)
 .text._ZN7DRV821416setStallBehaviorEb
                0x08006afc       0x28 ./Drivers/DRV8214_Driver/src/drv8214.o
                0x08006afc                DRV8214::setStallBehavior(bool)
 .text._ZN7DRV821427setInternalVoltageReferenceEf
                0x08006b24       0x4e ./Drivers/DRV8214_Driver/src/drv8214.o
                0x08006b24                DRV8214::setInternalVoltageReference(float)
 .text._ZN7DRV821413setI2CControlEb
                0x08006b72       0x28 ./Drivers/DRV8214_Driver/src/drv8214.o
                0x08006b72                DRV8214::setI2CControl(bool)
 .text._ZN7DRV821416enablePWMControlEv
                0x08006b9a       0x1e ./Drivers/DRV8214_Driver/src/drv8214.o
                0x08006b9a                DRV8214::enablePWMControl()
 .text._ZN7DRV821417enablePHENControlEv
                0x08006bb8       0x1e ./Drivers/DRV8214_Driver/src/drv8214.o
                0x08006bb8                DRV8214::enablePHENControl()
 .text._ZN7DRV821420enableStallInterruptEv
                0x08006bd6       0x1e ./Drivers/DRV8214_Driver/src/drv8214.o
                0x08006bd6                DRV8214::enableStallInterrupt()
 .text._ZN7DRV821429enableCountThresholdInterruptEv
                0x08006bf4       0x1e ./Drivers/DRV8214_Driver/src/drv8214.o
                0x08006bf4                DRV8214::enableCountThresholdInterrupt()
 .text._ZN7DRV821433setBridgeBehaviorThresholdReachedEb
                0x08006c12       0x28 ./Drivers/DRV8214_Driver/src/drv8214.o
                0x08006c12                DRV8214::setBridgeBehaviorThresholdReached(bool)
 .text._ZN7DRV821416setSoftStartStopEb
                0x08006c3a       0x22 ./Drivers/DRV8214_Driver/src/drv8214.o
                0x08006c3a                DRV8214::setSoftStartStop(bool)
 .text._ZN7DRV821428setRegulationAndStallCurrentEf
                0x08006c5c      0x280 ./Drivers/DRV8214_Driver/src/drv8214.o
                0x08006c5c                DRV8214::setRegulationAndStallCurrent(float)
 *fill*         0x08006edc        0x4 
 .text._ZN7DRV821414setRippleSpeedEt
                0x08006ee0      0x23c ./Drivers/DRV8214_Driver/src/drv8214.o
                0x08006ee0                DRV8214::setRippleSpeed(unsigned short)
 .text._ZN7DRV821415setVoltageSpeedEf
                0x0800711c       0xe4 ./Drivers/DRV8214_Driver/src/drv8214.o
                0x0800711c                DRV8214::setVoltageSpeed(float)
 .text._ZN7DRV821417enableRippleCountEb
                0x08007200       0x22 ./Drivers/DRV8214_Driver/src/drv8214.o
                0x08007200                DRV8214::enableRippleCount(bool)
 .text._ZN7DRV821421enableErrorCorrectionEb
                0x08007222       0x28 ./Drivers/DRV8214_Driver/src/drv8214.o
                0x08007222                DRV8214::enableErrorCorrection(bool)
 *fill*         0x0800724a        0x2 
 .text._ZN7DRV821423setRippleCountThresholdEt
                0x0800724c      0x1a0 ./Drivers/DRV8214_Driver/src/drv8214.o
                0x0800724c                DRV8214::setRippleCountThreshold(unsigned short)
 .text._ZN7DRV821423setRippleThresholdScaleEh
                0x080073ec       0x30 ./Drivers/DRV8214_Driver/src/drv8214.o
                0x080073ec                DRV8214::setRippleThresholdScale(unsigned char)
 .text._ZN7DRV821411setKMCScaleEh
                0x0800741c       0x28 ./Drivers/DRV8214_Driver/src/drv8214.o
                0x0800741c                DRV8214::setKMCScale(unsigned char)
 .text._ZN7DRV821425setMotorInverseResistanceEh
                0x08007444       0x22 ./Drivers/DRV8214_Driver/src/drv8214.o
                0x08007444                DRV8214::setMotorInverseResistance(unsigned char)
 .text._ZN7DRV821430setMotorInverseResistanceScaleEh
                0x08007466       0x28 ./Drivers/DRV8214_Driver/src/drv8214.o
                0x08007466                DRV8214::setMotorInverseResistanceScale(unsigned char)
 *fill*         0x0800748e        0x2 
 .text._ZN7DRV821430setResistanceRelatedParametersEv
                0x08007490       0xfc ./Drivers/DRV8214_Driver/src/drv8214.o
                0x08007490                DRV8214::setResistanceRelatedParameters()
 .text._ZN7DRV82146setKMCEh
                0x0800758c       0x22 ./Drivers/DRV8214_Driver/src/drv8214.o
                0x0800758c                DRV8214::setKMC(unsigned char)
 .text._ZN7DRV821414setControlModeE11ControlModeb
                0x080075ae       0x44 ./Drivers/DRV8214_Driver/src/drv8214.o
                0x080075ae                DRV8214::setControlMode(ControlMode, bool)
 *fill*         0x080075f2        0x2 
 .text._ZN7DRV821417setRegulationModeE14RegulationMode
                0x080075f4       0x68 ./Drivers/DRV8214_Driver/src/drv8214.o
                0x080075f4                DRV8214::setRegulationMode(RegulationMode)
 .text._ZN7DRV821411turnForwardEtff
                0x0800765c       0xd0 ./Drivers/DRV8214_Driver/src/drv8214.o
                0x0800765c                DRV8214::turnForward(unsigned short, float, float)
 .text._ZN7DRV821411turnReverseEtff
                0x0800772c       0xc8 ./Drivers/DRV8214_Driver/src/drv8214.o
                0x0800772c                DRV8214::turnReverse(unsigned short, float, float)
 .text._ZN7DRV821410brakeMotorEb
                0x080077f4       0x80 ./Drivers/DRV8214_Driver/src/drv8214.o
                0x080077f4                DRV8214::brakeMotor(bool)
 .text._ZN7DRV821412turnXRipplesEtbbtff
                0x08007874       0x7a ./Drivers/DRV8214_Driver/src/drv8214.o
                0x08007874                DRV8214::turnXRipples(unsigned short, bool, bool, unsigned short, float, float)
 *fill*         0x080078ee        0x2 
 .text._ZN7DRV821416printMotorConfigEb
                0x080078f0      0x3b8 ./Drivers/DRV8214_Driver/src/drv8214.o
                0x080078f0                DRV8214::printMotorConfig(bool)
 .text._ZN7DRV82148drvPrintEPKc
                0x08007ca8       0x20 ./Drivers/DRV8214_Driver/src/drv8214.o
                0x08007ca8                DRV8214::drvPrint(char const*)
 .text._ZN7DRV821416printFaultStatusEv
                0x08007cc8      0x158 ./Drivers/DRV8214_Driver/src/drv8214.o
                0x08007cc8                DRV8214::printFaultStatus()
 .text._Z22drv8214_i2c_set_handleP19__I2C_HandleTypeDef
                0x08007e20       0x20 ./Drivers/DRV8214_Driver/src/drv8214_platform_i2c.o
                0x08007e20                drv8214_i2c_set_handle(__I2C_HandleTypeDef*)
 .text._Z26drv8214_i2c_write_registerhhh
                0x08007e40       0x4c ./Drivers/DRV8214_Driver/src/drv8214_platform_i2c.o
                0x08007e40                drv8214_i2c_write_register(unsigned char, unsigned char, unsigned char)
 .text._Z25drv8214_i2c_read_registerhh
                0x08007e8c       0x88 ./Drivers/DRV8214_Driver/src/drv8214_platform_i2c.o
                0x08007e8c                drv8214_i2c_read_register(unsigned char, unsigned char)
 .text._Z27drv8214_i2c_modify_registerhhhh
                0x08007f14       0x64 ./Drivers/DRV8214_Driver/src/drv8214_platform_i2c.o
                0x08007f14                drv8214_i2c_modify_register(unsigned char, unsigned char, unsigned char, unsigned char)
 .text._Z32drv8214_i2c_modify_register_bitshhhh
                0x08007f78       0x62 ./Drivers/DRV8214_Driver/src/drv8214_platform_i2c.o
                0x08007f78                drv8214_i2c_modify_register_bits(unsigned char, unsigned char, unsigned char, unsigned char)
 *fill*         0x08007fda        0x2 
 .text.HAL_Init
                0x08007fdc       0x40 ./Drivers/STM32WBxx_HAL_Driver/Src/stm32wbxx_hal.o
                0x08007fdc                HAL_Init
 .text.HAL_InitTick
                0x0800801c       0x74 ./Drivers/STM32WBxx_HAL_Driver/Src/stm32wbxx_hal.o
                0x0800801c                HAL_InitTick
 .text.HAL_IncTick
                0x08008090       0x28 ./Drivers/STM32WBxx_HAL_Driver/Src/stm32wbxx_hal.o
                0x08008090                HAL_IncTick
 .text.HAL_GetTick
                0x080080b8       0x18 ./Drivers/STM32WBxx_HAL_Driver/Src/stm32wbxx_hal.o
                0x080080b8                HAL_GetTick
 .text.HAL_GetTickPrio
                0x080080d0       0x18 ./Drivers/STM32WBxx_HAL_Driver/Src/stm32wbxx_hal.o
                0x080080d0                HAL_GetTickPrio
 .text.HAL_Delay
                0x080080e8       0x48 ./Drivers/STM32WBxx_HAL_Driver/Src/stm32wbxx_hal.o
                0x080080e8                HAL_Delay
 .text.LL_ADC_SetCommonClock
                0x08008130       0x26 ./Drivers/STM32WBxx_HAL_Driver/Src/stm32wbxx_hal_adc.o
 .text.LL_ADC_SetCommonPathInternalCh
                0x08008156       0x26 ./Drivers/STM32WBxx_HAL_Driver/Src/stm32wbxx_hal_adc.o
 .text.LL_ADC_GetCommonPathInternalCh
                0x0800817c       0x1c ./Drivers/STM32WBxx_HAL_Driver/Src/stm32wbxx_hal_adc.o
 .text.LL_ADC_SetOffset
                0x08008198       0x48 ./Drivers/STM32WBxx_HAL_Driver/Src/stm32wbxx_hal_adc.o
 .text.LL_ADC_GetOffsetChannel
                0x080081e0       0x2c ./Drivers/STM32WBxx_HAL_Driver/Src/stm32wbxx_hal_adc.o
 .text.LL_ADC_SetOffsetState
                0x0800820c       0x36 ./Drivers/STM32WBxx_HAL_Driver/Src/stm32wbxx_hal_adc.o
 .text.LL_ADC_REG_IsTriggerSourceSWStart
                0x08008242       0x26 ./Drivers/STM32WBxx_HAL_Driver/Src/stm32wbxx_hal_adc.o
 .text.LL_ADC_REG_SetSequencerRanks
                0x08008268       0x58 ./Drivers/STM32WBxx_HAL_Driver/Src/stm32wbxx_hal_adc.o
 .text.LL_ADC_SetChannelSamplingTime
                0x080082c0       0x56 ./Drivers/STM32WBxx_HAL_Driver/Src/stm32wbxx_hal_adc.o
 *fill*         0x08008316        0x2 
 .text.LL_ADC_SetChannelSingleDiff
                0x08008318       0x48 ./Drivers/STM32WBxx_HAL_Driver/Src/stm32wbxx_hal_adc.o
 .text.LL_ADC_DisableDeepPowerDown
                0x08008360       0x24 ./Drivers/STM32WBxx_HAL_Driver/Src/stm32wbxx_hal_adc.o
 .text.LL_ADC_IsDeepPowerDownEnabled
                0x08008384       0x28 ./Drivers/STM32WBxx_HAL_Driver/Src/stm32wbxx_hal_adc.o
 .text.LL_ADC_EnableInternalRegulator
                0x080083ac       0x28 ./Drivers/STM32WBxx_HAL_Driver/Src/stm32wbxx_hal_adc.o
 .text.LL_ADC_IsInternalRegulatorEnabled
                0x080083d4       0x28 ./Drivers/STM32WBxx_HAL_Driver/Src/stm32wbxx_hal_adc.o
 .text.LL_ADC_Enable
                0x080083fc       0x28 ./Drivers/STM32WBxx_HAL_Driver/Src/stm32wbxx_hal_adc.o
 .text.LL_ADC_Disable
                0x08008424       0x28 ./Drivers/STM32WBxx_HAL_Driver/Src/stm32wbxx_hal_adc.o
 .text.LL_ADC_IsEnabled
                0x0800844c       0x26 ./Drivers/STM32WBxx_HAL_Driver/Src/stm32wbxx_hal_adc.o
 .text.LL_ADC_IsDisableOngoing
                0x08008472       0x26 ./Drivers/STM32WBxx_HAL_Driver/Src/stm32wbxx_hal_adc.o
 .text.LL_ADC_REG_StartConversion
                0x08008498       0x28 ./Drivers/STM32WBxx_HAL_Driver/Src/stm32wbxx_hal_adc.o
 .text.LL_ADC_REG_StopConversion
                0x080084c0       0x28 ./Drivers/STM32WBxx_HAL_Driver/Src/stm32wbxx_hal_adc.o
 .text.LL_ADC_REG_IsConversionOngoing
                0x080084e8       0x26 ./Drivers/STM32WBxx_HAL_Driver/Src/stm32wbxx_hal_adc.o
 .text.LL_ADC_INJ_StopConversion
                0x0800850e       0x28 ./Drivers/STM32WBxx_HAL_Driver/Src/stm32wbxx_hal_adc.o
 .text.LL_ADC_INJ_IsConversionOngoing
                0x08008536       0x26 ./Drivers/STM32WBxx_HAL_Driver/Src/stm32wbxx_hal_adc.o
 .text.HAL_ADC_Init
                0x0800855c      0x298 ./Drivers/STM32WBxx_HAL_Driver/Src/stm32wbxx_hal_adc.o
                0x0800855c                HAL_ADC_Init
 .text.HAL_ADC_Start
                0x080087f4       0xa8 ./Drivers/STM32WBxx_HAL_Driver/Src/stm32wbxx_hal_adc.o
                0x080087f4                HAL_ADC_Start
 .text.HAL_ADC_Stop
                0x0800889c       0x66 ./Drivers/STM32WBxx_HAL_Driver/Src/stm32wbxx_hal_adc.o
                0x0800889c                HAL_ADC_Stop
 .text.HAL_ADC_PollForConversion
                0x08008902      0x11a ./Drivers/STM32WBxx_HAL_Driver/Src/stm32wbxx_hal_adc.o
                0x08008902                HAL_ADC_PollForConversion
 .text.HAL_ADC_GetValue
                0x08008a1c       0x1a ./Drivers/STM32WBxx_HAL_Driver/Src/stm32wbxx_hal_adc.o
                0x08008a1c                HAL_ADC_GetValue
 *fill*         0x08008a36        0x2 
 .text.HAL_ADC_ConfigChannel
                0x08008a38      0x78c ./Drivers/STM32WBxx_HAL_Driver/Src/stm32wbxx_hal_adc.o
                0x08008a38                HAL_ADC_ConfigChannel
 .text.ADC_ConversionStop
                0x080091c4      0x178 ./Drivers/STM32WBxx_HAL_Driver/Src/stm32wbxx_hal_adc.o
                0x080091c4                ADC_ConversionStop
 .text.ADC_Enable
                0x0800933c       0xf4 ./Drivers/STM32WBxx_HAL_Driver/Src/stm32wbxx_hal_adc.o
                0x0800933c                ADC_Enable
 .text.ADC_Disable
                0x08009430       0xbe ./Drivers/STM32WBxx_HAL_Driver/Src/stm32wbxx_hal_adc.o
                0x08009430                ADC_Disable
 *fill*         0x080094ee        0x2 
 .text.__NVIC_SetPriorityGrouping
                0x080094f0       0x48 ./Drivers/STM32WBxx_HAL_Driver/Src/stm32wbxx_hal_cortex.o
 .text.__NVIC_GetPriorityGrouping
                0x08009538       0x1c ./Drivers/STM32WBxx_HAL_Driver/Src/stm32wbxx_hal_cortex.o
 .text.__NVIC_EnableIRQ
                0x08009554       0x3c ./Drivers/STM32WBxx_HAL_Driver/Src/stm32wbxx_hal_cortex.o
 .text.__NVIC_SetPriority
                0x08009590       0x54 ./Drivers/STM32WBxx_HAL_Driver/Src/stm32wbxx_hal_cortex.o
 .text.NVIC_EncodePriority
                0x080095e4       0x66 ./Drivers/STM32WBxx_HAL_Driver/Src/stm32wbxx_hal_cortex.o
 *fill*         0x0800964a        0x2 
 .text.SysTick_Config
                0x0800964c       0x44 ./Drivers/STM32WBxx_HAL_Driver/Src/stm32wbxx_hal_cortex.o
 .text.HAL_NVIC_SetPriorityGrouping
                0x08009690       0x16 ./Drivers/STM32WBxx_HAL_Driver/Src/stm32wbxx_hal_cortex.o
                0x08009690                HAL_NVIC_SetPriorityGrouping
 .text.HAL_NVIC_SetPriority
                0x080096a6       0x34 ./Drivers/STM32WBxx_HAL_Driver/Src/stm32wbxx_hal_cortex.o
                0x080096a6                HAL_NVIC_SetPriority
 .text.HAL_NVIC_EnableIRQ
                0x080096da       0x1c ./Drivers/STM32WBxx_HAL_Driver/Src/stm32wbxx_hal_cortex.o
                0x080096da                HAL_NVIC_EnableIRQ
 .text.HAL_SYSTICK_Config
                0x080096f6       0x18 ./Drivers/STM32WBxx_HAL_Driver/Src/stm32wbxx_hal_cortex.o
                0x080096f6                HAL_SYSTICK_Config
 *fill*         0x0800970e        0x2 
 .text.HAL_DMA_Init
                0x08009710      0x150 ./Drivers/STM32WBxx_HAL_Driver/Src/stm32wbxx_hal_dma.o
                0x08009710                HAL_DMA_Init
 .text.HAL_DMA_Abort
                0x08009860       0xbe ./Drivers/STM32WBxx_HAL_Driver/Src/stm32wbxx_hal_dma.o
                0x08009860                HAL_DMA_Abort
 .text.HAL_DMA_Abort_IT
                0x0800991e       0xbe ./Drivers/STM32WBxx_HAL_Driver/Src/stm32wbxx_hal_dma.o
                0x0800991e                HAL_DMA_Abort_IT
 .text.HAL_DMA_IRQHandler
                0x080099dc      0x15e ./Drivers/STM32WBxx_HAL_Driver/Src/stm32wbxx_hal_dma.o
                0x080099dc                HAL_DMA_IRQHandler
 *fill*         0x08009b3a        0x2 
 .text.DMA_CalcDMAMUXChannelBaseAndMask
                0x08009b3c       0x7c ./Drivers/STM32WBxx_HAL_Driver/Src/stm32wbxx_hal_dma.o
 .text.DMA_CalcDMAMUXRequestGenBaseAndMask
                0x08009bb8       0x4c ./Drivers/STM32WBxx_HAL_Driver/Src/stm32wbxx_hal_dma.o
 .text.HAL_GPIO_Init
                0x08009c04      0x2e0 ./Drivers/STM32WBxx_HAL_Driver/Src/stm32wbxx_hal_gpio.o
                0x08009c04                HAL_GPIO_Init
 .text.HAL_GPIO_ReadPin
                0x08009ee4       0x30 ./Drivers/STM32WBxx_HAL_Driver/Src/stm32wbxx_hal_gpio.o
                0x08009ee4                HAL_GPIO_ReadPin
 .text.HAL_GPIO_WritePin
                0x08009f14       0x30 ./Drivers/STM32WBxx_HAL_Driver/Src/stm32wbxx_hal_gpio.o
                0x08009f14                HAL_GPIO_WritePin
 .text.HAL_GPIO_EXTI_IRQHandler
                0x08009f44       0x30 ./Drivers/STM32WBxx_HAL_Driver/Src/stm32wbxx_hal_gpio.o
                0x08009f44                HAL_GPIO_EXTI_IRQHandler
 .text.HAL_HSEM_IRQHandler
                0x08009f74       0x34 ./Drivers/STM32WBxx_HAL_Driver/Src/stm32wbxx_hal_hsem.o
                0x08009f74                HAL_HSEM_IRQHandler
 .text.HAL_HSEM_FreeCallback
                0x08009fa8       0x14 ./Drivers/STM32WBxx_HAL_Driver/Src/stm32wbxx_hal_hsem.o
                0x08009fa8                HAL_HSEM_FreeCallback
 .text.HAL_I2C_Init
                0x08009fbc      0x136 ./Drivers/STM32WBxx_HAL_Driver/Src/stm32wbxx_hal_i2c.o
                0x08009fbc                HAL_I2C_Init
 *fill*         0x0800a0f2        0x2 
 .text.HAL_I2C_Master_Transmit
                0x0800a0f4      0x230 ./Drivers/STM32WBxx_HAL_Driver/Src/stm32wbxx_hal_i2c.o
                0x0800a0f4                HAL_I2C_Master_Transmit
 .text.HAL_I2C_Master_Receive
                0x0800a324      0x1ec ./Drivers/STM32WBxx_HAL_Driver/Src/stm32wbxx_hal_i2c.o
                0x0800a324                HAL_I2C_Master_Receive
 .text.HAL_I2C_Mem_Write
                0x0800a510      0x228 ./Drivers/STM32WBxx_HAL_Driver/Src/stm32wbxx_hal_i2c.o
                0x0800a510                HAL_I2C_Mem_Write
 .text.HAL_I2C_Mem_Read
                0x0800a738      0x234 ./Drivers/STM32WBxx_HAL_Driver/Src/stm32wbxx_hal_i2c.o
                0x0800a738                HAL_I2C_Mem_Read
 .text.HAL_I2C_IsDeviceReady
                0x0800a96c      0x1d8 ./Drivers/STM32WBxx_HAL_Driver/Src/stm32wbxx_hal_i2c.o
                0x0800a96c                HAL_I2C_IsDeviceReady
 .text.I2C_RequestMemoryWrite
                0x0800ab44       0xa8 ./Drivers/STM32WBxx_HAL_Driver/Src/stm32wbxx_hal_i2c.o
 .text.I2C_RequestMemoryRead
                0x0800abec       0xa8 ./Drivers/STM32WBxx_HAL_Driver/Src/stm32wbxx_hal_i2c.o
 .text.I2C_Flush_TXDR
                0x0800ac94       0x48 ./Drivers/STM32WBxx_HAL_Driver/Src/stm32wbxx_hal_i2c.o
 .text.I2C_WaitOnFlagUntilTimeout
                0x0800acdc       0xb2 ./Drivers/STM32WBxx_HAL_Driver/Src/stm32wbxx_hal_i2c.o
 .text.I2C_WaitOnTXISFlagUntilTimeout
                0x0800ad8e       0x8e ./Drivers/STM32WBxx_HAL_Driver/Src/stm32wbxx_hal_i2c.o
 .text.I2C_WaitOnSTOPFlagUntilTimeout
                0x0800ae1c       0x86 ./Drivers/STM32WBxx_HAL_Driver/Src/stm32wbxx_hal_i2c.o
 *fill*         0x0800aea2        0x2 
 .text.I2C_WaitOnRXNEFlagUntilTimeout
                0x0800aea4      0x118 ./Drivers/STM32WBxx_HAL_Driver/Src/stm32wbxx_hal_i2c.o
 .text.I2C_IsErrorOccurred
                0x0800afbc      0x1c0 ./Drivers/STM32WBxx_HAL_Driver/Src/stm32wbxx_hal_i2c.o
 .text.I2C_TransferConfig
                0x0800b17c       0x64 ./Drivers/STM32WBxx_HAL_Driver/Src/stm32wbxx_hal_i2c.o
 .text.HAL_I2CEx_ConfigAnalogFilter
                0x0800b1e0       0x96 ./Drivers/STM32WBxx_HAL_Driver/Src/stm32wbxx_hal_i2c_ex.o
                0x0800b1e0                HAL_I2CEx_ConfigAnalogFilter
 .text.HAL_I2CEx_ConfigDigitalFilter
                0x0800b276       0x98 ./Drivers/STM32WBxx_HAL_Driver/Src/stm32wbxx_hal_i2c_ex.o
                0x0800b276                HAL_I2CEx_ConfigDigitalFilter
 *fill*         0x0800b30e        0x2 
 .text.HAL_IPCC_Init
                0x0800b310       0x64 ./Drivers/STM32WBxx_HAL_Driver/Src/stm32wbxx_hal_ipcc.o
                0x0800b310                HAL_IPCC_Init
 .text.HAL_IPCC_TX_IRQHandler
                0x0800b374       0x9c ./Drivers/STM32WBxx_HAL_Driver/Src/stm32wbxx_hal_ipcc.o
                0x0800b374                HAL_IPCC_TX_IRQHandler
 .text.HAL_IPCC_RX_IRQHandler
                0x0800b410       0x98 ./Drivers/STM32WBxx_HAL_Driver/Src/stm32wbxx_hal_ipcc.o
                0x0800b410                HAL_IPCC_RX_IRQHandler
 .text.HAL_IPCC_RxCallback
                0x0800b4a8       0x1a ./Drivers/STM32WBxx_HAL_Driver/Src/stm32wbxx_hal_ipcc.o
                0x0800b4a8                HAL_IPCC_RxCallback
 .text.HAL_IPCC_TxCallback
                0x0800b4c2       0x1a ./Drivers/STM32WBxx_HAL_Driver/Src/stm32wbxx_hal_ipcc.o
                0x0800b4c2                HAL_IPCC_TxCallback
 .text.IPCC_SetDefaultCallbacks
                0x0800b4dc       0x4c ./Drivers/STM32WBxx_HAL_Driver/Src/stm32wbxx_hal_ipcc.o
                0x0800b4dc                IPCC_SetDefaultCallbacks
 .text.IPCC_Reset_Register
                0x0800b528       0x28 ./Drivers/STM32WBxx_HAL_Driver/Src/stm32wbxx_hal_ipcc.o
                0x0800b528                IPCC_Reset_Register
 .text.LL_EXTI_EnableIT_0_31
                0x0800b550       0x28 ./Drivers/STM32WBxx_HAL_Driver/Src/stm32wbxx_hal_pwr.o
 .text.LL_EXTI_DisableIT_0_31
                0x0800b578       0x2c ./Drivers/STM32WBxx_HAL_Driver/Src/stm32wbxx_hal_pwr.o
 .text.LL_C2_EXTI_DisableIT_0_31
                0x0800b5a4       0x2c ./Drivers/STM32WBxx_HAL_Driver/Src/stm32wbxx_hal_pwr.o
 .text.LL_EXTI_EnableRisingTrig_0_31
                0x0800b5d0       0x24 ./Drivers/STM32WBxx_HAL_Driver/Src/stm32wbxx_hal_pwr.o
 .text.LL_EXTI_DisableRisingTrig_0_31
                0x0800b5f4       0x28 ./Drivers/STM32WBxx_HAL_Driver/Src/stm32wbxx_hal_pwr.o
 .text.LL_EXTI_EnableFallingTrig_0_31
                0x0800b61c       0x24 ./Drivers/STM32WBxx_HAL_Driver/Src/stm32wbxx_hal_pwr.o
 .text.LL_EXTI_DisableFallingTrig_0_31
                0x0800b640       0x28 ./Drivers/STM32WBxx_HAL_Driver/Src/stm32wbxx_hal_pwr.o
 .text.HAL_PWR_EnableBkUpAccess
                0x0800b668       0x20 ./Drivers/STM32WBxx_HAL_Driver/Src/stm32wbxx_hal_pwr.o
                0x0800b668                HAL_PWR_EnableBkUpAccess
 .text.HAL_PWR_ConfigPVD
                0x0800b688       0x84 ./Drivers/STM32WBxx_HAL_Driver/Src/stm32wbxx_hal_pwr.o
                0x0800b688                HAL_PWR_ConfigPVD
 .text.HAL_PWR_EnablePVD
                0x0800b70c       0x20 ./Drivers/STM32WBxx_HAL_Driver/Src/stm32wbxx_hal_pwr.o
                0x0800b70c                HAL_PWR_EnablePVD
 .text.HAL_PWREx_GetVoltageRange
                0x0800b72c       0x1c ./Drivers/STM32WBxx_HAL_Driver/Src/stm32wbxx_hal_pwr_ex.o
                0x0800b72c                HAL_PWREx_GetVoltageRange
 .text.LL_RCC_HSE_IsEnabledDiv2
                0x0800b748       0x24 ./Drivers/STM32WBxx_HAL_Driver/Src/stm32wbxx_hal_rcc.o
 .text.LL_RCC_HSE_Enable
                0x0800b76c       0x1e ./Drivers/STM32WBxx_HAL_Driver/Src/stm32wbxx_hal_rcc.o
 .text.LL_RCC_HSE_Disable
                0x0800b78a       0x1e ./Drivers/STM32WBxx_HAL_Driver/Src/stm32wbxx_hal_rcc.o
 .text.LL_RCC_HSE_IsReady
                0x0800b7a8       0x24 ./Drivers/STM32WBxx_HAL_Driver/Src/stm32wbxx_hal_rcc.o
 .text.LL_RCC_HSI_Enable
                0x0800b7cc       0x1e ./Drivers/STM32WBxx_HAL_Driver/Src/stm32wbxx_hal_rcc.o
 .text.LL_RCC_HSI_Disable
                0x0800b7ea       0x1e ./Drivers/STM32WBxx_HAL_Driver/Src/stm32wbxx_hal_rcc.o
 .text.LL_RCC_HSI_IsReady
                0x0800b808       0x24 ./Drivers/STM32WBxx_HAL_Driver/Src/stm32wbxx_hal_rcc.o
 .text.LL_RCC_HSI_SetCalibTrimming
                0x0800b82c       0x2a ./Drivers/STM32WBxx_HAL_Driver/Src/stm32wbxx_hal_rcc.o
 .text.LL_RCC_HSI48_Enable
                0x0800b856       0x22 ./Drivers/STM32WBxx_HAL_Driver/Src/stm32wbxx_hal_rcc.o
 .text.LL_RCC_HSI48_Disable
                0x0800b878       0x22 ./Drivers/STM32WBxx_HAL_Driver/Src/stm32wbxx_hal_rcc.o
 .text.LL_RCC_HSI48_IsReady
                0x0800b89a       0x24 ./Drivers/STM32WBxx_HAL_Driver/Src/stm32wbxx_hal_rcc.o
 .text.LL_RCC_LSE_Enable
                0x0800b8be       0x22 ./Drivers/STM32WBxx_HAL_Driver/Src/stm32wbxx_hal_rcc.o
 .text.LL_RCC_LSE_Disable
                0x0800b8e0       0x22 ./Drivers/STM32WBxx_HAL_Driver/Src/stm32wbxx_hal_rcc.o
 .text.LL_RCC_LSE_EnableBypass
                0x0800b902       0x22 ./Drivers/STM32WBxx_HAL_Driver/Src/stm32wbxx_hal_rcc.o
 .text.LL_RCC_LSE_DisableBypass
                0x0800b924       0x22 ./Drivers/STM32WBxx_HAL_Driver/Src/stm32wbxx_hal_rcc.o
 .text.LL_RCC_LSE_IsReady
                0x0800b946       0x24 ./Drivers/STM32WBxx_HAL_Driver/Src/stm32wbxx_hal_rcc.o
 .text.LL_RCC_LSI1_Enable
                0x0800b96a       0x22 ./Drivers/STM32WBxx_HAL_Driver/Src/stm32wbxx_hal_rcc.o
 .text.LL_RCC_LSI1_Disable
                0x0800b98c       0x22 ./Drivers/STM32WBxx_HAL_Driver/Src/stm32wbxx_hal_rcc.o
 .text.LL_RCC_LSI1_IsReady
                0x0800b9ae       0x24 ./Drivers/STM32WBxx_HAL_Driver/Src/stm32wbxx_hal_rcc.o
 .text.LL_RCC_LSI2_Enable
                0x0800b9d2       0x22 ./Drivers/STM32WBxx_HAL_Driver/Src/stm32wbxx_hal_rcc.o
 .text.LL_RCC_LSI2_Disable
                0x0800b9f4       0x22 ./Drivers/STM32WBxx_HAL_Driver/Src/stm32wbxx_hal_rcc.o
 .text.LL_RCC_LSI2_IsReady
                0x0800ba16       0x24 ./Drivers/STM32WBxx_HAL_Driver/Src/stm32wbxx_hal_rcc.o
 .text.LL_RCC_LSI2_SetTrimming
                0x0800ba3a       0x2e ./Drivers/STM32WBxx_HAL_Driver/Src/stm32wbxx_hal_rcc.o
 .text.LL_RCC_MSI_Enable
                0x0800ba68       0x1e ./Drivers/STM32WBxx_HAL_Driver/Src/stm32wbxx_hal_rcc.o
 .text.LL_RCC_MSI_Disable
                0x0800ba86       0x1e ./Drivers/STM32WBxx_HAL_Driver/Src/stm32wbxx_hal_rcc.o
 .text.LL_RCC_MSI_IsReady
                0x0800baa4       0x22 ./Drivers/STM32WBxx_HAL_Driver/Src/stm32wbxx_hal_rcc.o
 .text.LL_RCC_MSI_SetRange
                0x0800bac6       0x28 ./Drivers/STM32WBxx_HAL_Driver/Src/stm32wbxx_hal_rcc.o
 .text.LL_RCC_MSI_GetRange
                0x0800baee       0x2a ./Drivers/STM32WBxx_HAL_Driver/Src/stm32wbxx_hal_rcc.o
 .text.LL_RCC_MSI_SetCalibTrimming
                0x0800bb18       0x2a ./Drivers/STM32WBxx_HAL_Driver/Src/stm32wbxx_hal_rcc.o
 .text.LL_RCC_SetSysClkSource
                0x0800bb42       0x28 ./Drivers/STM32WBxx_HAL_Driver/Src/stm32wbxx_hal_rcc.o
 .text.LL_RCC_GetSysClkSource
                0x0800bb6a       0x18 ./Drivers/STM32WBxx_HAL_Driver/Src/stm32wbxx_hal_rcc.o
 .text.LL_RCC_SetAHBPrescaler
                0x0800bb82       0x28 ./Drivers/STM32WBxx_HAL_Driver/Src/stm32wbxx_hal_rcc.o
 .text.LL_C2_RCC_SetAHBPrescaler
                0x0800bbaa       0x2c ./Drivers/STM32WBxx_HAL_Driver/Src/stm32wbxx_hal_rcc.o
 .text.LL_RCC_SetAHB4Prescaler
                0x0800bbd6       0x2e ./Drivers/STM32WBxx_HAL_Driver/Src/stm32wbxx_hal_rcc.o
 .text.LL_RCC_SetAPB1Prescaler
                0x0800bc04       0x28 ./Drivers/STM32WBxx_HAL_Driver/Src/stm32wbxx_hal_rcc.o
 .text.LL_RCC_SetAPB2Prescaler
                0x0800bc2c       0x28 ./Drivers/STM32WBxx_HAL_Driver/Src/stm32wbxx_hal_rcc.o
 .text.LL_RCC_GetAHBPrescaler
                0x0800bc54       0x18 ./Drivers/STM32WBxx_HAL_Driver/Src/stm32wbxx_hal_rcc.o
 .text.LL_RCC_GetAHB4Prescaler
                0x0800bc6c       0x1c ./Drivers/STM32WBxx_HAL_Driver/Src/stm32wbxx_hal_rcc.o
 .text.LL_RCC_GetAPB1Prescaler
                0x0800bc88       0x18 ./Drivers/STM32WBxx_HAL_Driver/Src/stm32wbxx_hal_rcc.o
 .text.LL_RCC_GetAPB2Prescaler
                0x0800bca0       0x18 ./Drivers/STM32WBxx_HAL_Driver/Src/stm32wbxx_hal_rcc.o
 .text.LL_RCC_PLL_Enable
                0x0800bcb8       0x1e ./Drivers/STM32WBxx_HAL_Driver/Src/stm32wbxx_hal_rcc.o
 .text.LL_RCC_PLL_Disable
                0x0800bcd6       0x1e ./Drivers/STM32WBxx_HAL_Driver/Src/stm32wbxx_hal_rcc.o
 .text.LL_RCC_PLL_IsReady
                0x0800bcf4       0x24 ./Drivers/STM32WBxx_HAL_Driver/Src/stm32wbxx_hal_rcc.o
 .text.LL_RCC_PLL_GetN
                0x0800bd18       0x1a ./Drivers/STM32WBxx_HAL_Driver/Src/stm32wbxx_hal_rcc.o
 .text.LL_RCC_PLL_GetR
                0x0800bd32       0x18 ./Drivers/STM32WBxx_HAL_Driver/Src/stm32wbxx_hal_rcc.o
 .text.LL_RCC_PLL_GetDivider
                0x0800bd4a       0x18 ./Drivers/STM32WBxx_HAL_Driver/Src/stm32wbxx_hal_rcc.o
 .text.LL_RCC_PLL_GetMainSource
                0x0800bd62       0x18 ./Drivers/STM32WBxx_HAL_Driver/Src/stm32wbxx_hal_rcc.o
 .text.LL_RCC_IsActiveFlag_HPRE
                0x0800bd7a       0x24 ./Drivers/STM32WBxx_HAL_Driver/Src/stm32wbxx_hal_rcc.o
 .text.LL_RCC_IsActiveFlag_C2HPRE
                0x0800bd9e       0x26 ./Drivers/STM32WBxx_HAL_Driver/Src/stm32wbxx_hal_rcc.o
 .text.LL_RCC_IsActiveFlag_SHDHPRE
                0x0800bdc4       0x26 ./Drivers/STM32WBxx_HAL_Driver/Src/stm32wbxx_hal_rcc.o
 .text.LL_RCC_IsActiveFlag_PPRE1
                0x0800bdea       0x24 ./Drivers/STM32WBxx_HAL_Driver/Src/stm32wbxx_hal_rcc.o
 .text.LL_RCC_IsActiveFlag_PPRE2
                0x0800be0e       0x24 ./Drivers/STM32WBxx_HAL_Driver/Src/stm32wbxx_hal_rcc.o
 *fill*         0x0800be32        0x2 
 .text.HAL_RCC_OscConfig
                0x0800be34      0x6e8 ./Drivers/STM32WBxx_HAL_Driver/Src/stm32wbxx_hal_rcc.o
                0x0800be34                HAL_RCC_OscConfig
 .text.HAL_RCC_ClockConfig
                0x0800c51c      0x280 ./Drivers/STM32WBxx_HAL_Driver/Src/stm32wbxx_hal_rcc.o
                0x0800c51c                HAL_RCC_ClockConfig
 .text.HAL_RCC_GetSysClockFreq
                0x0800c79c       0xd8 ./Drivers/STM32WBxx_HAL_Driver/Src/stm32wbxx_hal_rcc.o
                0x0800c79c                HAL_RCC_GetSysClockFreq
 .text.HAL_RCC_GetHCLKFreq
                0x0800c874       0x28 ./Drivers/STM32WBxx_HAL_Driver/Src/stm32wbxx_hal_rcc.o
                0x0800c874                HAL_RCC_GetHCLKFreq
 .text.HAL_RCC_GetPCLK1Freq
                0x0800c89c       0x2c ./Drivers/STM32WBxx_HAL_Driver/Src/stm32wbxx_hal_rcc.o
                0x0800c89c                HAL_RCC_GetPCLK1Freq
 .text.HAL_RCC_GetPCLK2Freq
                0x0800c8c8       0x2c ./Drivers/STM32WBxx_HAL_Driver/Src/stm32wbxx_hal_rcc.o
                0x0800c8c8                HAL_RCC_GetPCLK2Freq
 .text.RCC_SetFlashLatencyFromMSIRange
                0x0800c8f4       0x70 ./Drivers/STM32WBxx_HAL_Driver/Src/stm32wbxx_hal_rcc.o
 .text.RCC_SetFlashLatency
                0x0800c964       0xf8 ./Drivers/STM32WBxx_HAL_Driver/Src/stm32wbxx_hal_rcc.o
 .text.LL_RCC_LSE_IsEnabled
                0x0800ca5c       0x24 ./Drivers/STM32WBxx_HAL_Driver/Src/stm32wbxx_hal_rcc_ex.o
 .text.LL_RCC_LSE_IsReady
                0x0800ca80       0x24 ./Drivers/STM32WBxx_HAL_Driver/Src/stm32wbxx_hal_rcc_ex.o
 .text.LL_RCC_SetRFWKPClockSource
                0x0800caa4       0x2c ./Drivers/STM32WBxx_HAL_Driver/Src/stm32wbxx_hal_rcc_ex.o
 .text.LL_RCC_SetSMPSClockSource
                0x0800cad0       0x28 ./Drivers/STM32WBxx_HAL_Driver/Src/stm32wbxx_hal_rcc_ex.o
 .text.LL_RCC_SetSMPSPrescaler
                0x0800caf8       0x28 ./Drivers/STM32WBxx_HAL_Driver/Src/stm32wbxx_hal_rcc_ex.o
 .text.LL_RCC_SetUSARTClockSource
                0x0800cb20       0x2c ./Drivers/STM32WBxx_HAL_Driver/Src/stm32wbxx_hal_rcc_ex.o
 .text.LL_RCC_SetLPUARTClockSource
                0x0800cb4c       0x2c ./Drivers/STM32WBxx_HAL_Driver/Src/stm32wbxx_hal_rcc_ex.o
 .text.LL_RCC_SetI2CClockSource
                0x0800cb78       0x3a ./Drivers/STM32WBxx_HAL_Driver/Src/stm32wbxx_hal_rcc_ex.o
 .text.LL_RCC_SetLPTIMClockSource
                0x0800cbb2       0x34 ./Drivers/STM32WBxx_HAL_Driver/Src/stm32wbxx_hal_rcc_ex.o
 .text.LL_RCC_SetSAIClockSource
                0x0800cbe6       0x2c ./Drivers/STM32WBxx_HAL_Driver/Src/stm32wbxx_hal_rcc_ex.o
 .text.LL_RCC_SetRNGClockSource
                0x0800cc12       0x2c ./Drivers/STM32WBxx_HAL_Driver/Src/stm32wbxx_hal_rcc_ex.o
 .text.LL_RCC_SetCLK48ClockSource
                0x0800cc3e       0x2c ./Drivers/STM32WBxx_HAL_Driver/Src/stm32wbxx_hal_rcc_ex.o
 .text.LL_RCC_SetUSBClockSource
                0x0800cc6a       0x16 ./Drivers/STM32WBxx_HAL_Driver/Src/stm32wbxx_hal_rcc_ex.o
 .text.LL_RCC_SetADCClockSource
                0x0800cc80       0x2c ./Drivers/STM32WBxx_HAL_Driver/Src/stm32wbxx_hal_rcc_ex.o
 .text.LL_RCC_SetRTCClockSource
                0x0800ccac       0x2c ./Drivers/STM32WBxx_HAL_Driver/Src/stm32wbxx_hal_rcc_ex.o
 .text.LL_RCC_GetRTCClockSource
                0x0800ccd8       0x1a ./Drivers/STM32WBxx_HAL_Driver/Src/stm32wbxx_hal_rcc_ex.o
 .text.LL_RCC_ForceBackupDomainReset
                0x0800ccf2       0x22 ./Drivers/STM32WBxx_HAL_Driver/Src/stm32wbxx_hal_rcc_ex.o
 .text.LL_RCC_ReleaseBackupDomainReset
                0x0800cd14       0x22 ./Drivers/STM32WBxx_HAL_Driver/Src/stm32wbxx_hal_rcc_ex.o
 .text.LL_RCC_PLLSAI1_Enable
                0x0800cd36       0x1e ./Drivers/STM32WBxx_HAL_Driver/Src/stm32wbxx_hal_rcc_ex.o
 .text.LL_RCC_PLLSAI1_Disable
                0x0800cd54       0x1e ./Drivers/STM32WBxx_HAL_Driver/Src/stm32wbxx_hal_rcc_ex.o
 .text.LL_RCC_PLLSAI1_IsReady
                0x0800cd72       0x24 ./Drivers/STM32WBxx_HAL_Driver/Src/stm32wbxx_hal_rcc_ex.o
 .text.HAL_RCCEx_PeriphCLKConfig
                0x0800cd96      0x2ec ./Drivers/STM32WBxx_HAL_Driver/Src/stm32wbxx_hal_rcc_ex.o
                0x0800cd96                HAL_RCCEx_PeriphCLKConfig
 .text.RCCEx_PLLSAI1_ConfigNP
                0x0800d082       0xb6 ./Drivers/STM32WBxx_HAL_Driver/Src/stm32wbxx_hal_rcc_ex.o
 .text.RCCEx_PLLSAI1_ConfigNQ
                0x0800d138       0xb6 ./Drivers/STM32WBxx_HAL_Driver/Src/stm32wbxx_hal_rcc_ex.o
 .text.RCCEx_PLLSAI1_ConfigNR
                0x0800d1ee       0xb6 ./Drivers/STM32WBxx_HAL_Driver/Src/stm32wbxx_hal_rcc_ex.o
 .text.HAL_RTC_Init
                0x0800d2a4      0x114 ./Drivers/STM32WBxx_HAL_Driver/Src/stm32wbxx_hal_rtc.o
                0x0800d2a4                HAL_RTC_Init
 .text.HAL_RTC_WaitForSynchro
                0x0800d3b8       0x4c ./Drivers/STM32WBxx_HAL_Driver/Src/stm32wbxx_hal_rtc.o
                0x0800d3b8                HAL_RTC_WaitForSynchro
 .text.RTC_EnterInitMode
                0x0800d404       0x70 ./Drivers/STM32WBxx_HAL_Driver/Src/stm32wbxx_hal_rtc.o
                0x0800d404                RTC_EnterInitMode
 .text.RTC_ExitInitMode
                0x0800d474       0x4c ./Drivers/STM32WBxx_HAL_Driver/Src/stm32wbxx_hal_rtc.o
                0x0800d474                RTC_ExitInitMode
 .text.HAL_RTCEx_SetWakeUpTimer_IT
                0x0800d4c0      0x198 ./Drivers/STM32WBxx_HAL_Driver/Src/stm32wbxx_hal_rtc_ex.o
                0x0800d4c0                HAL_RTCEx_SetWakeUpTimer_IT
 .text.HAL_RTCEx_WakeUpTimerIRQHandler
                0x0800d658       0x4c ./Drivers/STM32WBxx_HAL_Driver/Src/stm32wbxx_hal_rtc_ex.o
                0x0800d658                HAL_RTCEx_WakeUpTimerIRQHandler
 .text.HAL_RTCEx_WakeUpTimerEventCallback
                0x0800d6a4       0x14 ./Drivers/STM32WBxx_HAL_Driver/Src/stm32wbxx_hal_rtc_ex.o
                0x0800d6a4                HAL_RTCEx_WakeUpTimerEventCallback
 .text.HAL_SPI_Init
                0x0800d6b8      0x146 ./Drivers/STM32WBxx_HAL_Driver/Src/stm32wbxx_hal_spi.o
                0x0800d6b8                HAL_SPI_Init
 .text.HAL_SPI_Transmit
                0x0800d7fe      0x2ec ./Drivers/STM32WBxx_HAL_Driver/Src/stm32wbxx_hal_spi.o
                0x0800d7fe                HAL_SPI_Transmit
 *fill*         0x0800daea        0x2 
 .text.HAL_SPI_IRQHandler
                0x0800daec      0x200 ./Drivers/STM32WBxx_HAL_Driver/Src/stm32wbxx_hal_spi.o
                0x0800daec                HAL_SPI_IRQHandler
 .text.HAL_SPI_ErrorCallback
                0x0800dcec       0x14 ./Drivers/STM32WBxx_HAL_Driver/Src/stm32wbxx_hal_spi.o
                0x0800dcec                HAL_SPI_ErrorCallback
 .text.SPI_DMAAbortOnError
                0x0800dd00       0x2a ./Drivers/STM32WBxx_HAL_Driver/Src/stm32wbxx_hal_spi.o
 *fill*         0x0800dd2a        0x2 
 .text.SPI_WaitFlagStateUntilTimeout
                0x0800dd2c      0x110 ./Drivers/STM32WBxx_HAL_Driver/Src/stm32wbxx_hal_spi.o
 .text.SPI_WaitFifoStateUntilTimeout
                0x0800de3c      0x12c ./Drivers/STM32WBxx_HAL_Driver/Src/stm32wbxx_hal_spi.o
 .text.SPI_EndRxTxTransaction
                0x0800df68       0x8c ./Drivers/STM32WBxx_HAL_Driver/Src/stm32wbxx_hal_spi.o
 .text.HAL_TIM_Base_Init
                0x0800dff4       0xae ./Drivers/STM32WBxx_HAL_Driver/Src/stm32wbxx_hal_tim.o
                0x0800dff4                HAL_TIM_Base_Init
 *fill*         0x0800e0a2        0x2 
 .text.HAL_TIM_Base_Start_IT
                0x0800e0a4       0x9c ./Drivers/STM32WBxx_HAL_Driver/Src/stm32wbxx_hal_tim.o
                0x0800e0a4                HAL_TIM_Base_Start_IT
 .text.HAL_TIM_IRQHandler
                0x0800e140      0x20e ./Drivers/STM32WBxx_HAL_Driver/Src/stm32wbxx_hal_tim.o
                0x0800e140                HAL_TIM_IRQHandler
 .text.HAL_TIM_ConfigClockSource
                0x0800e34e      0x192 ./Drivers/STM32WBxx_HAL_Driver/Src/stm32wbxx_hal_tim.o
                0x0800e34e                HAL_TIM_ConfigClockSource
 .text.HAL_TIM_OC_DelayElapsedCallback
                0x0800e4e0       0x14 ./Drivers/STM32WBxx_HAL_Driver/Src/stm32wbxx_hal_tim.o
                0x0800e4e0                HAL_TIM_OC_DelayElapsedCallback
 .text.HAL_TIM_IC_CaptureCallback
                0x0800e4f4       0x14 ./Drivers/STM32WBxx_HAL_Driver/Src/stm32wbxx_hal_tim.o
                0x0800e4f4                HAL_TIM_IC_CaptureCallback
 .text.HAL_TIM_PWM_PulseFinishedCallback
                0x0800e508       0x14 ./Drivers/STM32WBxx_HAL_Driver/Src/stm32wbxx_hal_tim.o
                0x0800e508                HAL_TIM_PWM_PulseFinishedCallback
 .text.HAL_TIM_TriggerCallback
                0x0800e51c       0x14 ./Drivers/STM32WBxx_HAL_Driver/Src/stm32wbxx_hal_tim.o
                0x0800e51c                HAL_TIM_TriggerCallback
 .text.TIM_Base_SetConfig
                0x0800e530       0xd4 ./Drivers/STM32WBxx_HAL_Driver/Src/stm32wbxx_hal_tim.o
                0x0800e530                TIM_Base_SetConfig
 .text.TIM_TI1_ConfigInputStage
                0x0800e604       0x5e ./Drivers/STM32WBxx_HAL_Driver/Src/stm32wbxx_hal_tim.o
 .text.TIM_TI2_ConfigInputStage
                0x0800e662       0x60 ./Drivers/STM32WBxx_HAL_Driver/Src/stm32wbxx_hal_tim.o
 .text.TIM_ITRx_SetConfig
                0x0800e6c2       0x3a ./Drivers/STM32WBxx_HAL_Driver/Src/stm32wbxx_hal_tim.o
 .text.TIM_ETR_SetConfig
                0x0800e6fc       0x40 ./Drivers/STM32WBxx_HAL_Driver/Src/stm32wbxx_hal_tim.o
                0x0800e6fc                TIM_ETR_SetConfig
 .text.HAL_TIMEx_MasterConfigSynchronization
                0x0800e73c       0xc0 ./Drivers/STM32WBxx_HAL_Driver/Src/stm32wbxx_hal_tim_ex.o
                0x0800e73c                HAL_TIMEx_MasterConfigSynchronization
 .text.HAL_TIMEx_CommutCallback
                0x0800e7fc       0x14 ./Drivers/STM32WBxx_HAL_Driver/Src/stm32wbxx_hal_tim_ex.o
                0x0800e7fc                HAL_TIMEx_CommutCallback
 .text.HAL_TIMEx_BreakCallback
                0x0800e810       0x14 ./Drivers/STM32WBxx_HAL_Driver/Src/stm32wbxx_hal_tim_ex.o
                0x0800e810                HAL_TIMEx_BreakCallback
 .text.HAL_TIMEx_Break2Callback
                0x0800e824       0x14 ./Drivers/STM32WBxx_HAL_Driver/Src/stm32wbxx_hal_tim_ex.o
                0x0800e824                HAL_TIMEx_Break2Callback
 .text.LL_RCC_GetUSARTClockSource
                0x0800e838       0x20 ./Drivers/STM32WBxx_HAL_Driver/Src/stm32wbxx_hal_uart.o
 .text.LL_RCC_GetLPUARTClockSource
                0x0800e858       0x20 ./Drivers/STM32WBxx_HAL_Driver/Src/stm32wbxx_hal_uart.o
 .text.HAL_UART_Init
                0x0800e878       0xa0 ./Drivers/STM32WBxx_HAL_Driver/Src/stm32wbxx_hal_uart.o
                0x0800e878                HAL_UART_Init
 .text.HAL_UART_IRQHandler
                0x0800e918      0x684 ./Drivers/STM32WBxx_HAL_Driver/Src/stm32wbxx_hal_uart.o
                0x0800e918                HAL_UART_IRQHandler
 .text.HAL_UART_TxCpltCallback
                0x0800ef9c       0x14 ./Drivers/STM32WBxx_HAL_Driver/Src/stm32wbxx_hal_uart.o
                0x0800ef9c                HAL_UART_TxCpltCallback
 .text.HAL_UART_ErrorCallback
                0x0800efb0       0x14 ./Drivers/STM32WBxx_HAL_Driver/Src/stm32wbxx_hal_uart.o
                0x0800efb0                HAL_UART_ErrorCallback
 .text.HAL_UARTEx_RxEventCallback
                0x0800efc4       0x18 ./Drivers/STM32WBxx_HAL_Driver/Src/stm32wbxx_hal_uart.o
                0x0800efc4                HAL_UARTEx_RxEventCallback
 .text.UART_SetConfig
                0x0800efdc      0x450 ./Drivers/STM32WBxx_HAL_Driver/Src/stm32wbxx_hal_uart.o
                0x0800efdc                UART_SetConfig
 .text.UART_AdvFeatureConfig
                0x0800f42c      0x144 ./Drivers/STM32WBxx_HAL_Driver/Src/stm32wbxx_hal_uart.o
                0x0800f42c                UART_AdvFeatureConfig
 .text.UART_CheckIdleState
                0x0800f570      0x154 ./Drivers/STM32WBxx_HAL_Driver/Src/stm32wbxx_hal_uart.o
                0x0800f570                UART_CheckIdleState
 .text.UART_WaitOnFlagUntilTimeout
                0x0800f6c4       0xda ./Drivers/STM32WBxx_HAL_Driver/Src/stm32wbxx_hal_uart.o
                0x0800f6c4                UART_WaitOnFlagUntilTimeout
 .text.UART_EndRxTransfer
                0x0800f79e       0xcc ./Drivers/STM32WBxx_HAL_Driver/Src/stm32wbxx_hal_uart.o
 .text.UART_DMAAbortOnError
                0x0800f86a       0x24 ./Drivers/STM32WBxx_HAL_Driver/Src/stm32wbxx_hal_uart.o
 .text.UART_EndTransmit_IT
                0x0800f88e       0x56 ./Drivers/STM32WBxx_HAL_Driver/Src/stm32wbxx_hal_uart.o
 .text.HAL_UARTEx_WakeupCallback
                0x0800f8e4       0x14 ./Drivers/STM32WBxx_HAL_Driver/Src/stm32wbxx_hal_uart_ex.o
                0x0800f8e4                HAL_UARTEx_WakeupCallback
 .text.HAL_UARTEx_RxFifoFullCallback
                0x0800f8f8       0x14 ./Drivers/STM32WBxx_HAL_Driver/Src/stm32wbxx_hal_uart_ex.o
                0x0800f8f8                HAL_UARTEx_RxFifoFullCallback
 .text.HAL_UARTEx_TxFifoEmptyCallback
                0x0800f90c       0x14 ./Drivers/STM32WBxx_HAL_Driver/Src/stm32wbxx_hal_uart_ex.o
                0x0800f90c                HAL_UARTEx_TxFifoEmptyCallback
 .text.HAL_UARTEx_DisableFifoMode
                0x0800f920       0x72 ./Drivers/STM32WBxx_HAL_Driver/Src/stm32wbxx_hal_uart_ex.o
                0x0800f920                HAL_UARTEx_DisableFifoMode
 .text.HAL_UARTEx_SetTxFifoThreshold
                0x0800f992       0x7c ./Drivers/STM32WBxx_HAL_Driver/Src/stm32wbxx_hal_uart_ex.o
                0x0800f992                HAL_UARTEx_SetTxFifoThreshold
 .text.HAL_UARTEx_SetRxFifoThreshold
                0x0800fa0e       0x7c ./Drivers/STM32WBxx_HAL_Driver/Src/stm32wbxx_hal_uart_ex.o
                0x0800fa0e                HAL_UARTEx_SetRxFifoThreshold
 *fill*         0x0800fa8a        0x2 
 .text.UARTEx_SetNbDataToProcess
                0x0800fa8c       0x9c ./Drivers/STM32WBxx_HAL_Driver/Src/stm32wbxx_hal_uart_ex.o
 .text._Z14i2c_mux_selectP7i2c_muxi
                0x0800fb28       0x28 ./Drivers/TCA9548_Driver/src/TCA9548.o
                0x0800fb28                i2c_mux_select(i2c_mux*, int)
 .text._Z20i2c_mux_select_multiP7i2c_muxh
                0x0800fb50       0x80 ./Drivers/TCA9548_Driver/src/TCA9548.o
                0x0800fb50                i2c_mux_select_multi(i2c_mux*, unsigned char)
 .text.roundf   0x0800fbd0       0x48 /Applications/STM32CubeIDE.app/Contents/Eclipse/plugins/com.st.stm32cube.ide.mcu.externaltools.gnu-tools-for-stm32.13.3.rel1.macos64_1.0.0.202411102158/tools/bin/../lib/gcc/arm-none-eabi/13.3.1/../../../../arm-none-eabi/lib/thumb/v7e-m+fp/hard/libm.a(libm_a-sf_round.o)
                0x0800fbd0                roundf
 .text.__cvt    0x0800fc18       0xca /Applications/STM32CubeIDE.app/Contents/Eclipse/plugins/com.st.stm32cube.ide.mcu.externaltools.gnu-tools-for-stm32.13.3.rel1.macos64_1.0.0.202411102158/tools/bin/../lib/gcc/arm-none-eabi/13.3.1/../../../../arm-none-eabi/lib/thumb/v7e-m+fp/hard/libc_nano.a(libc_a-nano-vfprintf_float.o)
                0x0800fc18                __cvt
 .text.__exponent
                0x0800fce2       0x74 /Applications/STM32CubeIDE.app/Contents/Eclipse/plugins/com.st.stm32cube.ide.mcu.externaltools.gnu-tools-for-stm32.13.3.rel1.macos64_1.0.0.202411102158/tools/bin/../lib/gcc/arm-none-eabi/13.3.1/../../../../arm-none-eabi/lib/thumb/v7e-m+fp/hard/libc_nano.a(libc_a-nano-vfprintf_float.o)
                0x0800fce2                __exponent
 *fill*         0x0800fd56        0x2 
 .text._printf_float
                0x0800fd58      0x454 /Applications/STM32CubeIDE.app/Contents/Eclipse/plugins/com.st.stm32cube.ide.mcu.externaltools.gnu-tools-for-stm32.13.3.rel1.macos64_1.0.0.202411102158/tools/bin/../lib/gcc/arm-none-eabi/13.3.1/../../../../arm-none-eabi/lib/thumb/v7e-m+fp/hard/libc_nano.a(libc_a-nano-vfprintf_float.o)
                0x0800fd58                _printf_float
 .text._printf_common
                0x080101ac       0xda /Applications/STM32CubeIDE.app/Contents/Eclipse/plugins/com.st.stm32cube.ide.mcu.externaltools.gnu-tools-for-stm32.13.3.rel1.macos64_1.0.0.202411102158/tools/bin/../lib/gcc/arm-none-eabi/13.3.1/../../../../arm-none-eabi/lib/thumb/v7e-m+fp/hard/libc_nano.a(libc_a-nano-vfprintf_i.o)
                0x080101ac                _printf_common
 *fill*         0x08010286        0x2 
 .text._printf_i
                0x08010288      0x23c /Applications/STM32CubeIDE.app/Contents/Eclipse/plugins/com.st.stm32cube.ide.mcu.externaltools.gnu-tools-for-stm32.13.3.rel1.macos64_1.0.0.202411102158/tools/bin/../lib/gcc/arm-none-eabi/13.3.1/../../../../arm-none-eabi/lib/thumb/v7e-m+fp/hard/libc_nano.a(libc_a-nano-vfprintf_i.o)
                0x08010288                _printf_i
 .text.snprintf
                0x080104c4       0x6c /Applications/STM32CubeIDE.app/Contents/Eclipse/plugins/com.st.stm32cube.ide.mcu.externaltools.gnu-tools-for-stm32.13.3.rel1.macos64_1.0.0.202411102158/tools/bin/../lib/gcc/arm-none-eabi/13.3.1/../../../../arm-none-eabi/lib/thumb/v7e-m+fp/hard/libc_nano.a(libc_a-snprintf.o)
                0x080104c4                snprintf
                0x080104c4                sniprintf
 .text.std      0x08010530       0x6c /Applications/STM32CubeIDE.app/Contents/Eclipse/plugins/com.st.stm32cube.ide.mcu.externaltools.gnu-tools-for-stm32.13.3.rel1.macos64_1.0.0.202411102158/tools/bin/../lib/gcc/arm-none-eabi/13.3.1/../../../../arm-none-eabi/lib/thumb/v7e-m+fp/hard/libc_nano.a(libc_a-findfp.o)
 .text.stdio_exit_handler
                0x0801059c       0x18 /Applications/STM32CubeIDE.app/Contents/Eclipse/plugins/com.st.stm32cube.ide.mcu.externaltools.gnu-tools-for-stm32.13.3.rel1.macos64_1.0.0.202411102158/tools/bin/../lib/gcc/arm-none-eabi/13.3.1/../../../../arm-none-eabi/lib/thumb/v7e-m+fp/hard/libc_nano.a(libc_a-findfp.o)
 .text.cleanup_stdio
                0x080105b4       0x40 /Applications/STM32CubeIDE.app/Contents/Eclipse/plugins/com.st.stm32cube.ide.mcu.externaltools.gnu-tools-for-stm32.13.3.rel1.macos64_1.0.0.202411102158/tools/bin/../lib/gcc/arm-none-eabi/13.3.1/../../../../arm-none-eabi/lib/thumb/v7e-m+fp/hard/libc_nano.a(libc_a-findfp.o)
 .text.global_stdio_init.part.0
                0x080105f4       0x3c /Applications/STM32CubeIDE.app/Contents/Eclipse/plugins/com.st.stm32cube.ide.mcu.externaltools.gnu-tools-for-stm32.13.3.rel1.macos64_1.0.0.202411102158/tools/bin/../lib/gcc/arm-none-eabi/13.3.1/../../../../arm-none-eabi/lib/thumb/v7e-m+fp/hard/libc_nano.a(libc_a-findfp.o)
 .text.__sfp_lock_acquire
                0x08010630        0xc /Applications/STM32CubeIDE.app/Contents/Eclipse/plugins/com.st.stm32cube.ide.mcu.externaltools.gnu-tools-for-stm32.13.3.rel1.macos64_1.0.0.202411102158/tools/bin/../lib/gcc/arm-none-eabi/13.3.1/../../../../arm-none-eabi/lib/thumb/v7e-m+fp/hard/libc_nano.a(libc_a-findfp.o)
                0x08010630                __sfp_lock_acquire
 .text.__sfp_lock_release
                0x0801063c        0xc /Applications/STM32CubeIDE.app/Contents/Eclipse/plugins/com.st.stm32cube.ide.mcu.externaltools.gnu-tools-for-stm32.13.3.rel1.macos64_1.0.0.202411102158/tools/bin/../lib/gcc/arm-none-eabi/13.3.1/../../../../arm-none-eabi/lib/thumb/v7e-m+fp/hard/libc_nano.a(libc_a-findfp.o)
                0x0801063c                __sfp_lock_release
 .text.__sinit  0x08010648       0x30 /Applications/STM32CubeIDE.app/Contents/Eclipse/plugins/com.st.stm32cube.ide.mcu.externaltools.gnu-tools-for-stm32.13.3.rel1.macos64_1.0.0.202411102158/tools/bin/../lib/gcc/arm-none-eabi/13.3.1/../../../../arm-none-eabi/lib/thumb/v7e-m+fp/hard/libc_nano.a(libc_a-findfp.o)
                0x08010648                __sinit
 .text._fwalk_sglue
                0x08010678       0x3c /Applications/STM32CubeIDE.app/Contents/Eclipse/plugins/com.st.stm32cube.ide.mcu.externaltools.gnu-tools-for-stm32.13.3.rel1.macos64_1.0.0.202411102158/tools/bin/../lib/gcc/arm-none-eabi/13.3.1/../../../../arm-none-eabi/lib/thumb/v7e-m+fp/hard/libc_nano.a(libc_a-fwalk.o)
                0x08010678                _fwalk_sglue
 .text.printf   0x080106b4       0x24 /Applications/STM32CubeIDE.app/Contents/Eclipse/plugins/com.st.stm32cube.ide.mcu.externaltools.gnu-tools-for-stm32.13.3.rel1.macos64_1.0.0.202411102158/tools/bin/../lib/gcc/arm-none-eabi/13.3.1/../../../../arm-none-eabi/lib/thumb/v7e-m+fp/hard/libc_nano.a(libc_a-printf.o)
                0x080106b4                printf
                0x080106b4                iprintf
 .text.putchar  0x080106d8       0x10 /Applications/STM32CubeIDE.app/Contents/Eclipse/plugins/com.st.stm32cube.ide.mcu.externaltools.gnu-tools-for-stm32.13.3.rel1.macos64_1.0.0.202411102158/tools/bin/../lib/gcc/arm-none-eabi/13.3.1/../../../../arm-none-eabi/lib/thumb/v7e-m+fp/hard/libc_nano.a(libc_a-putchar.o)
                0x080106d8                putchar
 .text._puts_r  0x080106e8       0xaa /Applications/STM32CubeIDE.app/Contents/Eclipse/plugins/com.st.stm32cube.ide.mcu.externaltools.gnu-tools-for-stm32.13.3.rel1.macos64_1.0.0.202411102158/tools/bin/../lib/gcc/arm-none-eabi/13.3.1/../../../../arm-none-eabi/lib/thumb/v7e-m+fp/hard/libc_nano.a(libc_a-puts.o)
                0x080106e8                _puts_r
 *fill*         0x08010792        0x2 
 .text.puts     0x08010794       0x10 /Applications/STM32CubeIDE.app/Contents/Eclipse/plugins/com.st.stm32cube.ide.mcu.externaltools.gnu-tools-for-stm32.13.3.rel1.macos64_1.0.0.202411102158/tools/bin/../lib/gcc/arm-none-eabi/13.3.1/../../../../arm-none-eabi/lib/thumb/v7e-m+fp/hard/libc_nano.a(libc_a-puts.o)
                0x08010794                puts
 .text.memset   0x080107a4       0x10 /Applications/STM32CubeIDE.app/Contents/Eclipse/plugins/com.st.stm32cube.ide.mcu.externaltools.gnu-tools-for-stm32.13.3.rel1.macos64_1.0.0.202411102158/tools/bin/../lib/gcc/arm-none-eabi/13.3.1/../../../../arm-none-eabi/lib/thumb/v7e-m+fp/hard/libc_nano.a(libc_a-memset.o)
                0x080107a4                memset
 .text.__errno  0x080107b4        0xc /Applications/STM32CubeIDE.app/Contents/Eclipse/plugins/com.st.stm32cube.ide.mcu.externaltools.gnu-tools-for-stm32.13.3.rel1.macos64_1.0.0.202411102158/tools/bin/../lib/gcc/arm-none-eabi/13.3.1/../../../../arm-none-eabi/lib/thumb/v7e-m+fp/hard/libc_nano.a(libc_a-errno.o)
                0x080107b4                __errno
 .text.__libc_init_array
                0x080107c0       0x48 /Applications/STM32CubeIDE.app/Contents/Eclipse/plugins/com.st.stm32cube.ide.mcu.externaltools.gnu-tools-for-stm32.13.3.rel1.macos64_1.0.0.202411102158/tools/bin/../lib/gcc/arm-none-eabi/13.3.1/../../../../arm-none-eabi/lib/thumb/v7e-m+fp/hard/libc_nano.a(libc_a-init.o)
                0x080107c0                __libc_init_array
 .text.__retarget_lock_init_recursive
                0x08010808        0x2 /Applications/STM32CubeIDE.app/Contents/Eclipse/plugins/com.st.stm32cube.ide.mcu.externaltools.gnu-tools-for-stm32.13.3.rel1.macos64_1.0.0.202411102158/tools/bin/../lib/gcc/arm-none-eabi/13.3.1/../../../../arm-none-eabi/lib/thumb/v7e-m+fp/hard/libc_nano.a(libc_a-lock.o)
                0x08010808                __retarget_lock_init_recursive
 .text.__retarget_lock_acquire_recursive
                0x0801080a        0x2 /Applications/STM32CubeIDE.app/Contents/Eclipse/plugins/com.st.stm32cube.ide.mcu.externaltools.gnu-tools-for-stm32.13.3.rel1.macos64_1.0.0.202411102158/tools/bin/../lib/gcc/arm-none-eabi/13.3.1/../../../../arm-none-eabi/lib/thumb/v7e-m+fp/hard/libc_nano.a(libc_a-lock.o)
                0x0801080a                __retarget_lock_acquire_recursive
 .text.__retarget_lock_release_recursive
                0x0801080c        0x2 /Applications/STM32CubeIDE.app/Contents/Eclipse/plugins/com.st.stm32cube.ide.mcu.externaltools.gnu-tools-for-stm32.13.3.rel1.macos64_1.0.0.202411102158/tools/bin/../lib/gcc/arm-none-eabi/13.3.1/../../../../arm-none-eabi/lib/thumb/v7e-m+fp/hard/libc_nano.a(libc_a-lock.o)
                0x0801080c                __retarget_lock_release_recursive