../Drivers/CMSIS/Include/core_cm4.h:2059:26:uint32_t ITM_SendChar(uint32_t)	16	static,ignoring_inline_asm
/Users/theoh/Documents/EPFL/MA4/semester_project/Plume/Code/STM32/PlumeSTM/Drivers/DRV8214_Driver/include/drv8214.h:147:8:constexpr DRV8214_Config::DRV8214_Config()	16	static
/Users/theoh/Documents/EPFL/MA4/semester_project/Plume/Code/STM32/PlumeSTM/Drivers/DRV8214_Driver/include/drv8214.h:198:9:DRV8214::DRV8214(uint8_t, uint8_t, uint16_t, uint8_t, uint8_t, uint8_t, uint16_t)	16	static
../Core/Src/main.cpp:166:5:int main()	248	static
../Core/Src/main.cpp:560:6:void SystemClock_Config()	112	static
../Core/Src/main.cpp:615:6:void PeriphCommonClock_Config()	88	static
../Core/Src/main.cpp:640:6:void HAL_GPIO_EXTI_Callback(uint16_t)	16	static
../Core/Src/main.cpp:672:7:int _write(int, char*, int)	32	static
../Core/Src/main.cpp:705:6:void HAL_TIM_PeriodElapsedCallback(TIM_HandleTypeDef*)	16	static
../Core/Src/main.cpp:719:6:void I2C_Scan(I2C_HandleTypeDef*)	24	static
../Core/Src/main.cpp:745:6:void printByteAsBinary(uint8_t)	24	static
../Core/Src/main.cpp:751:6:void print2BytesAsBinary(uint16_t)	24	static
../Core/Src/main.cpp:758:6:void printRegisters(uint8_t)	72	static
../Core/Src/main.cpp:874:6:void Error_Handler()	8	static,ignoring_inline_asm
../Core/Src/main.cpp:888:1:void __static_initialization_and_destruction_0()	32	static
../Core/Src/main.cpp:888:1:cpp)	8	static
